
lcdtest.elf:     file format elf32-pic30

Disassembly of section .aivt._AltADC1Interrupt:

0000012e <.aivt._AltADC1Interrupt>:
 12e:	a8 1b 00    	nop       
Disassembly of section .aivt._AltAddressError:

00000108 <.aivt._AltAddressError>:
 108:	a8 1b 00    	nop       
Disassembly of section .aivt._AltCNInterrupt:

0000013a <.aivt._AltCNInterrupt>:
 13a:	a8 1b 00    	nop       
Disassembly of section .aivt._AltCRCInterrupt:

0000019a <.aivt._AltCRCInterrupt>:
 19a:	a8 1b 00    	nop       
Disassembly of section .aivt._AltCTMUInterrupt:

000001ae <.aivt._AltCTMUInterrupt>:
 1ae:	a8 1b 00    	nop       
Disassembly of section .aivt._AltCompInterrupt:

00000138 <.aivt._AltCompInterrupt>:
 138:	a8 1b 00    	nop       
Disassembly of section .aivt._AltIC1Interrupt:

00000116 <.aivt._AltIC1Interrupt>:
 116:	a8 1b 00    	nop       
Disassembly of section .aivt._AltIC2Interrupt:

0000011e <.aivt._AltIC2Interrupt>:
 11e:	a8 1b 00    	nop       
Disassembly of section .aivt._AltIC3Interrupt:

0000015e <.aivt._AltIC3Interrupt>:
 15e:	a8 1b 00    	nop       
Disassembly of section .aivt._AltIC4Interrupt:

00000160 <.aivt._AltIC4Interrupt>:
 160:	a8 1b 00    	nop       
Disassembly of section .aivt._AltIC5Interrupt:

00000162 <.aivt._AltIC5Interrupt>:
 162:	a8 1b 00    	nop       
Disassembly of section .aivt._AltIC6Interrupt:

00000164 <.aivt._AltIC6Interrupt>:
 164:	a8 1b 00    	nop       
Disassembly of section .aivt._AltIC7Interrupt:

00000140 <.aivt._AltIC7Interrupt>:
 140:	a8 1b 00    	nop       
Disassembly of section .aivt._AltIC8Interrupt:

00000142 <.aivt._AltIC8Interrupt>:
 142:	a8 1b 00    	nop       
Disassembly of section .aivt._AltIC9Interrupt:

000001ce <.aivt._AltIC9Interrupt>:
 1ce:	a8 1b 00    	nop       
Disassembly of section .aivt._AltINT0Interrupt:

00000114 <.aivt._AltINT0Interrupt>:
 114:	a8 1b 00    	nop       
Disassembly of section .aivt._AltINT1Interrupt:

0000013c <.aivt._AltINT1Interrupt>:
 13c:	a8 1b 00    	nop       
Disassembly of section .aivt._AltINT2Interrupt:

0000014e <.aivt._AltINT2Interrupt>:
 14e:	a8 1b 00    	nop       
Disassembly of section .aivt._AltINT3Interrupt:

0000017e <.aivt._AltINT3Interrupt>:
 17e:	a8 1b 00    	nop       
Disassembly of section .aivt._AltINT4Interrupt:

00000180 <.aivt._AltINT4Interrupt>:
 180:	a8 1b 00    	nop       
Disassembly of section .aivt._AltInterrupt14:

00000130 <.aivt._AltInterrupt14>:
 130:	a8 1b 00    	nop       
Disassembly of section .aivt._AltInterrupt15:

00000132 <.aivt._AltInterrupt15>:
 132:	a8 1b 00    	nop       
Disassembly of section .aivt._AltInterrupt21:

0000013e <.aivt._AltInterrupt21>:
 13e:	a8 1b 00    	nop       
Disassembly of section .aivt._AltInterrupt24:

00000144 <.aivt._AltInterrupt24>:
 144:	a8 1b 00    	nop       
Disassembly of section .aivt._AltInterrupt34:

00000158 <.aivt._AltInterrupt34>:
 158:	a8 1b 00    	nop       
Disassembly of section .aivt._AltInterrupt35:

0000015a <.aivt._AltInterrupt35>:
 15a:	a8 1b 00    	nop       
Disassembly of section .aivt._AltInterrupt36:

0000015c <.aivt._AltInterrupt36>:
 15c:	a8 1b 00    	nop       
Disassembly of section .aivt._AltInterrupt4:

0000011c <.aivt._AltInterrupt4>:
 11c:	a8 1b 00    	nop       
Disassembly of section .aivt._AltInterrupt46:

00000170 <.aivt._AltInterrupt46>:
 170:	a8 1b 00    	nop       
Disassembly of section .aivt._AltInterrupt47:

00000172 <.aivt._AltInterrupt47>:
 172:	a8 1b 00    	nop       
Disassembly of section .aivt._AltInterrupt48:

00000174 <.aivt._AltInterrupt48>:
 174:	a8 1b 00    	nop       
Disassembly of section .aivt._AltInterrupt51:

0000017a <.aivt._AltInterrupt51>:
 17a:	a8 1b 00    	nop       
Disassembly of section .aivt._AltInterrupt52:

0000017c <.aivt._AltInterrupt52>:
 17c:	a8 1b 00    	nop       
Disassembly of section .aivt._AltInterrupt55:

00000182 <.aivt._AltInterrupt55>:
 182:	a8 1b 00    	nop       
Disassembly of section .aivt._AltInterrupt56:

00000184 <.aivt._AltInterrupt56>:
 184:	a8 1b 00    	nop       
Disassembly of section .aivt._AltInterrupt57:

00000186 <.aivt._AltInterrupt57>:
 186:	a8 1b 00    	nop       
Disassembly of section .aivt._AltInterrupt58:

00000188 <.aivt._AltInterrupt58>:
 188:	a8 1b 00    	nop       
Disassembly of section .aivt._AltInterrupt59:

0000018a <.aivt._AltInterrupt59>:
 18a:	a8 1b 00    	nop       
Disassembly of section .aivt._AltInterrupt60:

0000018c <.aivt._AltInterrupt60>:
 18c:	a8 1b 00    	nop       
Disassembly of section .aivt._AltInterrupt61:

0000018e <.aivt._AltInterrupt61>:
 18e:	a8 1b 00    	nop       
Disassembly of section .aivt._AltInterrupt63:

00000192 <.aivt._AltInterrupt63>:
 192:	a8 1b 00    	nop       
Disassembly of section .aivt._AltInterrupt64:

00000194 <.aivt._AltInterrupt64>:
 194:	a8 1b 00    	nop       
Disassembly of section .aivt._AltInterrupt68:

0000019c <.aivt._AltInterrupt68>:
 19c:	a8 1b 00    	nop       
Disassembly of section .aivt._AltInterrupt69:

0000019e <.aivt._AltInterrupt69>:
 19e:	a8 1b 00    	nop       
Disassembly of section .aivt._AltInterrupt70:

000001a0 <.aivt._AltInterrupt70>:
 1a0:	a8 1b 00    	nop       
Disassembly of section .aivt._AltInterrupt71:

000001a2 <.aivt._AltInterrupt71>:
 1a2:	a8 1b 00    	nop       
Disassembly of section .aivt._AltInterrupt73:

000001a6 <.aivt._AltInterrupt73>:
 1a6:	a8 1b 00    	nop       
Disassembly of section .aivt._AltInterrupt74:

000001a8 <.aivt._AltInterrupt74>:
 1a8:	a8 1b 00    	nop       
Disassembly of section .aivt._AltInterrupt75:

000001aa <.aivt._AltInterrupt75>:
 1aa:	a8 1b 00    	nop       
Disassembly of section .aivt._AltInterrupt76:

000001ac <.aivt._AltInterrupt76>:
 1ac:	a8 1b 00    	nop       
Disassembly of section .aivt._AltInterrupt78:

000001b0 <.aivt._AltInterrupt78>:
 1b0:	a8 1b 00    	nop       
Disassembly of section .aivt._AltInterrupt79:

000001b2 <.aivt._AltInterrupt79>:
 1b2:	a8 1b 00    	nop       
Disassembly of section .aivt._AltInterrupt80:

000001b4 <.aivt._AltInterrupt80>:
 1b4:	a8 1b 00    	nop       
Disassembly of section .aivt._AltLVDInterrupt:

000001a4 <.aivt._AltLVDInterrupt>:
 1a4:	a8 1b 00    	nop       
Disassembly of section .aivt._AltMI2C1Interrupt:

00000136 <.aivt._AltMI2C1Interrupt>:
 136:	a8 1b 00    	nop       
Disassembly of section .aivt._AltMI2C2Interrupt:

00000178 <.aivt._AltMI2C2Interrupt>:
 178:	a8 1b 00    	nop       
Disassembly of section .aivt._AltMI2C3Interrupt:

000001be <.aivt._AltMI2C3Interrupt>:
 1be:	a8 1b 00    	nop       
Disassembly of section .aivt._AltMathError:

0000010c <.aivt._AltMathError>:
 10c:	a8 1b 00    	nop       
Disassembly of section .aivt._AltOC1Interrupt:

00000118 <.aivt._AltOC1Interrupt>:
 118:	a8 1b 00    	nop       
Disassembly of section .aivt._AltOC2Interrupt:

00000120 <.aivt._AltOC2Interrupt>:
 120:	a8 1b 00    	nop       
Disassembly of section .aivt._AltOC3Interrupt:

00000146 <.aivt._AltOC3Interrupt>:
 146:	a8 1b 00    	nop       
Disassembly of section .aivt._AltOC4Interrupt:

00000148 <.aivt._AltOC4Interrupt>:
 148:	a8 1b 00    	nop       
Disassembly of section .aivt._AltOC5Interrupt:

00000166 <.aivt._AltOC5Interrupt>:
 166:	a8 1b 00    	nop       
Disassembly of section .aivt._AltOC6Interrupt:

00000168 <.aivt._AltOC6Interrupt>:
 168:	a8 1b 00    	nop       
Disassembly of section .aivt._AltOC7Interrupt:

0000016a <.aivt._AltOC7Interrupt>:
 16a:	a8 1b 00    	nop       
Disassembly of section .aivt._AltOC8Interrupt:

0000016c <.aivt._AltOC8Interrupt>:
 16c:	a8 1b 00    	nop       
Disassembly of section .aivt._AltOC9Interrupt:

000001cc <.aivt._AltOC9Interrupt>:
 1cc:	a8 1b 00    	nop       
Disassembly of section .aivt._AltOscillatorFail:

00000106 <.aivt._AltOscillatorFail>:
 106:	a8 1b 00    	nop       
Disassembly of section .aivt._AltPMPInterrupt:

0000016e <.aivt._AltPMPInterrupt>:
 16e:	a8 1b 00    	nop       
Disassembly of section .aivt._AltRTCCInterrupt:

00000190 <.aivt._AltRTCCInterrupt>:
 190:	a8 1b 00    	nop       
Disassembly of section .aivt._AltReservedTrap0:

00000104 <.aivt._AltReservedTrap0>:
 104:	a8 1b 00    	nop       
Disassembly of section .aivt._AltReservedTrap5:

0000010e <.aivt._AltReservedTrap5>:
 10e:	a8 1b 00    	nop       
Disassembly of section .aivt._AltReservedTrap6:

00000110 <.aivt._AltReservedTrap6>:
 110:	a8 1b 00    	nop       
Disassembly of section .aivt._AltReservedTrap7:

00000112 <.aivt._AltReservedTrap7>:
 112:	a8 1b 00    	nop       
Disassembly of section .aivt._AltSI2C1Interrupt:

00000134 <.aivt._AltSI2C1Interrupt>:
 134:	a8 1b 00    	nop       
Disassembly of section .aivt._AltSI2C2Interrupt:

00000176 <.aivt._AltSI2C2Interrupt>:
 176:	a8 1b 00    	nop       
Disassembly of section .aivt._AltSI2C3Interrupt:

000001bc <.aivt._AltSI2C3Interrupt>:
 1bc:	a8 1b 00    	nop       
Disassembly of section .aivt._AltSPI1ErrInterrupt:

00000126 <.aivt._AltSPI1ErrInterrupt>:
 126:	a8 1b 00    	nop       
Disassembly of section .aivt._AltSPI1Interrupt:

00000128 <.aivt._AltSPI1Interrupt>:
 128:	a8 1b 00    	nop       
Disassembly of section .aivt._AltSPI2ErrInterrupt:

00000154 <.aivt._AltSPI2ErrInterrupt>:
 154:	a8 1b 00    	nop       
Disassembly of section .aivt._AltSPI2Interrupt:

00000156 <.aivt._AltSPI2Interrupt>:
 156:	a8 1b 00    	nop       
Disassembly of section .aivt._AltSPI3ErrInterrupt:

000001c8 <.aivt._AltSPI3ErrInterrupt>:
 1c8:	a8 1b 00    	nop       
Disassembly of section .aivt._AltSPI3Interrupt:

000001ca <.aivt._AltSPI3Interrupt>:
 1ca:	a8 1b 00    	nop       
Disassembly of section .aivt._AltStackError:

0000010a <.aivt._AltStackError>:
 10a:	a8 1b 00    	nop       
Disassembly of section .aivt._AltT1Interrupt:

0000011a <.aivt._AltT1Interrupt>:
 11a:	a8 1b 00    	nop       
Disassembly of section .aivt._AltT2Interrupt:

00000122 <.aivt._AltT2Interrupt>:
 122:	a8 1b 00    	nop       
Disassembly of section .aivt._AltT3Interrupt:

00000124 <.aivt._AltT3Interrupt>:
 124:	a8 1b 00    	nop       
Disassembly of section .aivt._AltT4Interrupt:

0000014a <.aivt._AltT4Interrupt>:
 14a:	a8 1b 00    	nop       
Disassembly of section .aivt._AltT5Interrupt:

0000014c <.aivt._AltT5Interrupt>:
 14c:	a8 1b 00    	nop       
Disassembly of section .aivt._AltU1ErrInterrupt:

00000196 <.aivt._AltU1ErrInterrupt>:
 196:	a8 1b 00    	nop       
Disassembly of section .aivt._AltU1RXInterrupt:

0000012a <.aivt._AltU1RXInterrupt>:
 12a:	a8 1b 00    	nop       
Disassembly of section .aivt._AltU1TXInterrupt:

0000012c <.aivt._AltU1TXInterrupt>:
 12c:	a8 1b 00    	nop       
Disassembly of section .aivt._AltU2ErrInterrupt:

00000198 <.aivt._AltU2ErrInterrupt>:
 198:	a8 1b 00    	nop       
Disassembly of section .aivt._AltU2RXInterrupt:

00000150 <.aivt._AltU2RXInterrupt>:
 150:	a8 1b 00    	nop       
Disassembly of section .aivt._AltU2TXInterrupt:

00000152 <.aivt._AltU2TXInterrupt>:
 152:	a8 1b 00    	nop       
Disassembly of section .aivt._AltU3ErrInterrupt:

000001b6 <.aivt._AltU3ErrInterrupt>:
 1b6:	a8 1b 00    	nop       
Disassembly of section .aivt._AltU3RXInterrupt:

000001b8 <.aivt._AltU3RXInterrupt>:
 1b8:	a8 1b 00    	nop       
Disassembly of section .aivt._AltU3TXInterrupt:

000001ba <.aivt._AltU3TXInterrupt>:
 1ba:	a8 1b 00    	nop       
Disassembly of section .aivt._AltU4ErrInterrupt:

000001c2 <.aivt._AltU4ErrInterrupt>:
 1c2:	a8 1b 00    	nop       
Disassembly of section .aivt._AltU4RXInterrupt:

000001c4 <.aivt._AltU4RXInterrupt>:
 1c4:	a8 1b 00    	nop       
Disassembly of section .aivt._AltU4TXInterrupt:

000001c6 <.aivt._AltU4TXInterrupt>:
 1c6:	a8 1b 00    	nop       
Disassembly of section .aivt._AltUSB1Interrupt:

000001c0 <.aivt._AltUSB1Interrupt>:
 1c0:	a8 1b 00    	nop       
Disassembly of section .reset:

00000000 <.reset>:
   0:	10 11 04    	goto      0x1110 <__reset>
   2:	00 00 00 
Disassembly of section .text:

00001110 <__reset>:
    1110:	0f 81 20    	mov.w     #0x810, w15
    1112:	0e ff 27    	mov.w     #0x7ff0, w14
    1114:	0e 01 88    	mov.w     w14, 0x20
    1116:	00 00 00    	nop       
    1118:	00 00 20    	mov.w     #0x0, w0
    111a:	00 00 e0    	cp0.w     w0
    111c:	02 00 32    	bra       Z, 0x1122 <CORCON_RESET>
    111e:	00 01 20    	mov.w     #0x10, w0
    1120:	20 02 88    	mov.w     w0, 0x44

00001122 <CORCON_RESET>:
    1122:	14 00 07    	rcall     0x114c <__psv_init>
    1124:	77 00 07    	rcall     0x1214 <__crt_start_mode> <__crt_start_mode_normal>
    1126:	00 00 e0    	cp0.w     w0
    1128:	03 00 3a    	bra       NZ, 0x1130 <L11>
    112a:	00 ba 21    	mov.w     #0x1ba0, w0
    112c:	01 00 20    	mov.w     #0x0, w1
    112e:	02 00 37    	bra       0x1134 <L21>

00001130 <L11>:
    1130:	00 00 20    	mov.w     #0x0, w0
    1132:	01 00 20    	mov.w     #0x0, w1

00001134 <L21>:
    1134:	81 0f 70    	ior.w     w0, w1, [w15]
    1136:	01 00 32    	bra       Z, 0x113a <L12>
    1138:	14 00 07    	rcall     0x1162 <__data_init> <__data_init_da>

0000113a <L12>:
    113a:	00 00 20    	mov.w     #0x0, w0
    113c:	00 00 e0    	cp0.w     w0
    113e:	02 00 32    	bra       Z, 0x1144 <L13>
    1140:	00 00 02    	call      0x0 <__DEFAULT_VECTOR-0x110c>
    1142:	00 00 00 

00001144 <L13>:
    1144:	6c 1a 02    	call      0x1a6c <_main>
    1146:	00 00 00 
    1148:	00 40 da    	break     
    114a:	00 00 fe    	reset     

0000114c <__psv_init>:
    114c:	44 40 a9    	bclr.b    0x44, #0x2
    114e:	00 0d 20    	mov.w     #0xd0, w0
    1150:	00 00 e0    	cp0.w     w0
    1152:	03 00 32    	bra       Z, 0x115a <L14>
    1154:	00 20 20    	mov.w     #0x200, w0
    1156:	90 01 88    	mov.w     w0, 0x32
    1158:	44 40 a8    	bset.b    0x44, #0x2

0000115a <L14>:
    115a:	00 00 06    	return    

0000115c <__long_indirect_call>:
    115c:	8a 1f 78    	mov.w     w10, [w15++]
    115e:	8b 1f 78    	mov.w     w11, [w15++]
    1160:	00 00 06    	return    

00001162 <__data_init>:
    1162:	a1 02 88    	mov.w     w1, 0x54
    1164:	80 04 78    	mov.w     w0, w9
    1166:	00 00 eb    	clr.w     w0
    1168:	1f 00 37    	bra       0x11a8 <L41>

0000116a <L11>:
    116a:	e2 84 44    	add.w     w9, #0x2, w9
    116c:	54 a0 b4    	addc.w    0x54
    116e:	99 05 ba    	tblrdl.w  [w9], w11
    1170:	e2 84 44    	add.w     w9, #0x2, w9
    1172:	54 a0 b4    	addc.w    0x54
    1174:	99 06 ba    	tblrdl.w  [w9], w13
    1176:	e2 84 44    	add.w     w9, #0x2, w9
    1178:	54 a0 b4    	addc.w    0x54
    117a:	00 06 eb    	clr.w     w12
    117c:	47 6f de    	lsr.w     w13, #0x7, w14
    117e:	fd 07 b2    	and.w     #0x7f, w13
    1180:	ae 01 88    	mov.w     w14, 0x34
    1182:	63 6c e1    	cp.b      w13, #0x3
    1184:	03 00 3a    	bra       NZ, 0x118c <L21>
    1186:	ea ff 07    	rcall     0x115c <__long_indirect_call>
    1188:	00 00 eb    	clr.w     w0
    118a:	0e 00 37    	bra       0x11a8 <L41>

0000118c <L21>:
    118c:	60 6c e1    	cp.b      w13, #0x0
    118e:	08 00 3a    	bra       NZ, 0x11a0 <L22>

00001190 <L91>:
    1190:	00 4d eb    	clr.b     [w10]
    1192:	0a 05 e8    	inc.w     w10, w10
    1194:	02 00 39    	bra       NC, 0x119a <L81>
    1196:	34 20 ec    	inc.w     0x34
    1198:	0a f0 a0    	bset.w    w10, #0xf

0000119a <L81>:
    119a:	8b 05 e9    	dec.w     w11, w11
    119c:	f9 ff 3e    	bra       GTU, 0x1190 <L91>
    119e:	04 00 37    	bra       0x11a8 <L41>

000011a0 <L22>:
    11a0:	61 68 e1    	cp.w      w13, #0x1
    11a2:	01 00 32    	bra       Z, 0x11a6 <L31>
    11a4:	00 86 eb    	setm.w    w12

000011a6 <L31>:
    11a6:	0b 00 07    	rcall     0x11be <L13> <__memcpyd3extended>

000011a8 <L41>:
    11a8:	19 c7 ba    	tblrdh.b  [w9], w14
    11aa:	19 05 ba    	tblrdl.w  [w9], w10
    11ac:	0e 04 e0    	cp0.b     w14
    11ae:	03 00 3a    	bra       NZ, 0x11b6 <L12>
    11b0:	0a 00 e0    	cp0.w     w10
    11b2:	db ff 3a    	bra       NZ, 0x116a <L11>
    11b4:	00 00 06    	return    

000011b6 <L12>:
    11b6:	fe 07 b2    	and.w     #0x7f, w14
    11b8:	ae 02 88    	mov.w     w14, 0x54
    11ba:	8a 04 78    	mov.w     w10, w9
    11bc:	f5 ff 37    	bra       0x11a8 <L41>

000011be <L13>:
    11be:	0c d0 a3    	btst.c    w12, #0xd
    11c0:	e2 0f 4d    	addc.w    w10, #0x2, [w15]
    11c2:	1c 00 39    	bra       NC, 0x11fc <L23>
    11c4:	89 02 78    	mov.w     w9, w5
    11c6:	35 4d ba    	tblrdl.b  [w5++], [w10]
    11c8:	0a 05 e8    	inc.w     w10, w10
    11ca:	02 00 39    	bra       NC, 0x11d0 <L32>
    11cc:	34 20 ec    	inc.w     0x34
    11ce:	0a f0 a0    	bset.w    w10, #0xf

000011d0 <L32>:
    11d0:	8b 05 e9    	dec.w     w11, w11
    11d2:	0f 00 32    	bra       Z, 0x11f2 <L42>
    11d4:	25 4d ba    	tblrdl.b  [w5--], [w10]
    11d6:	0a 05 e8    	inc.w     w10, w10
    11d8:	02 00 39    	bra       NC, 0x11de <L33>
    11da:	34 20 ec    	inc.w     0x34
    11dc:	0a f0 a0    	bset.w    w10, #0xf

000011de <L33>:
    11de:	8b 05 e9    	dec.w     w11, w11
    11e0:	08 00 32    	bra       Z, 0x11f2 <L42>
    11e2:	0c 00 e0    	cp0.w     w12
    11e4:	06 00 32    	bra       Z, 0x11f2 <L42>
    11e6:	15 cd ba    	tblrdh.b  [w5], [w10]
    11e8:	0a 05 e8    	inc.w     w10, w10
    11ea:	02 00 39    	bra       NC, 0x11f0 <L34>
    11ec:	34 20 ec    	inc.w     0x34
    11ee:	0a f0 a0    	bset.w    w10, #0xf

000011f0 <L34>:
    11f0:	8b 05 e9    	dec.w     w11, w11

000011f2 <L42>:
    11f2:	89 84 e8    	inc2.w    w9, w9
    11f4:	54 a0 b4    	addc.w    0x54
    11f6:	0b 00 e0    	cp0.w     w11
    11f8:	e2 ff 3a    	bra       NZ, 0x11be <L13> <__memcpyd3extended>
    11fa:	00 00 06    	return    

000011fc <L23>:
    11fc:	99 02 ba    	tblrdl.w  [w9], w5
    11fe:	05 5d 78    	mov.b     w5, [w10++]
    1200:	8b 05 e9    	dec.w     w11, w11
    1202:	f7 ff 32    	bra       Z, 0x11f2 <L42>
    1204:	c8 2a de    	lsr.w     w5, #0x8, w5
    1206:	05 5d 78    	mov.b     w5, [w10++]
    1208:	8b 05 e9    	dec.w     w11, w11
    120a:	f3 ff 32    	bra       Z, 0x11f2 <L42>
    120c:	0c 00 e0    	cp0.w     w12
    120e:	f1 ff 32    	bra       Z, 0x11f2 <L42>
    1210:	19 dd ba    	tblrdh.b  [w9], [w10++]
    1212:	ee ff 37    	bra       0x11f0 <L34>

00001214 <__crt_start_mode>:
    1214:	00 00 05    	retlw.w   #0x0, w0
Disassembly of section .application_ivt:

00001000 <__DEFAULT_VECTOR-0x10c>:
    1000:	10 11 04    	goto      0x1110 <__reset>
    1002:	00 00 00 
    1004:	a8 1b 04    	goto      0x1ba8 <__DefaultInterrupt>
    1006:	00 00 00 
    1008:	a8 1b 04    	goto      0x1ba8 <__DefaultInterrupt>
    100a:	00 00 00 
    100c:	a8 1b 04    	goto      0x1ba8 <__DefaultInterrupt>
    100e:	00 00 00 
    1010:	a8 1b 04    	goto      0x1ba8 <__DefaultInterrupt>
    1012:	00 00 00 
    1014:	a8 1b 04    	goto      0x1ba8 <__DefaultInterrupt>
    1016:	00 00 00 
    1018:	a8 1b 04    	goto      0x1ba8 <__DefaultInterrupt>
    101a:	00 00 00 
    101c:	a8 1b 04    	goto      0x1ba8 <__DefaultInterrupt>
    101e:	00 00 00 
    1020:	a8 1b 04    	goto      0x1ba8 <__DefaultInterrupt>
    1022:	00 00 00 
    1024:	a8 1b 04    	goto      0x1ba8 <__DefaultInterrupt>
    1026:	00 00 00 
    1028:	a8 1b 04    	goto      0x1ba8 <__DefaultInterrupt>
    102a:	00 00 00 
    102c:	a8 1b 04    	goto      0x1ba8 <__DefaultInterrupt>
    102e:	00 00 00 
    1030:	a8 1b 04    	goto      0x1ba8 <__DefaultInterrupt>
    1032:	00 00 00 
    1034:	a8 1b 04    	goto      0x1ba8 <__DefaultInterrupt>
    1036:	00 00 00 
    1038:	a8 1b 04    	goto      0x1ba8 <__DefaultInterrupt>
    103a:	00 00 00 
    103c:	a8 1b 04    	goto      0x1ba8 <__DefaultInterrupt>
    103e:	00 00 00 
    1040:	a8 1b 04    	goto      0x1ba8 <__DefaultInterrupt>
    1042:	00 00 00 
    1044:	a8 1b 04    	goto      0x1ba8 <__DefaultInterrupt>
    1046:	00 00 00 
    1048:	a8 1b 04    	goto      0x1ba8 <__DefaultInterrupt>
    104a:	00 00 00 
    104c:	a8 1b 04    	goto      0x1ba8 <__DefaultInterrupt>
    104e:	00 00 00 
    1050:	a8 1b 04    	goto      0x1ba8 <__DefaultInterrupt>
    1052:	00 00 00 
    1054:	a8 1b 04    	goto      0x1ba8 <__DefaultInterrupt>
    1056:	00 00 00 
    1058:	a8 1b 04    	goto      0x1ba8 <__DefaultInterrupt>
    105a:	00 00 00 
    105c:	a8 1b 04    	goto      0x1ba8 <__DefaultInterrupt>
    105e:	00 00 00 
    1060:	a8 1b 04    	goto      0x1ba8 <__DefaultInterrupt>
    1062:	00 00 00 
    1064:	a8 1b 04    	goto      0x1ba8 <__DefaultInterrupt>
    1066:	00 00 00 
    1068:	a8 1b 04    	goto      0x1ba8 <__DefaultInterrupt>
    106a:	00 00 00 
    106c:	a8 1b 04    	goto      0x1ba8 <__DefaultInterrupt>
    106e:	00 00 00 
    1070:	a8 1b 04    	goto      0x1ba8 <__DefaultInterrupt>
    1072:	00 00 00 
    1074:	a8 1b 04    	goto      0x1ba8 <__DefaultInterrupt>
    1076:	00 00 00 
    1078:	a8 1b 04    	goto      0x1ba8 <__DefaultInterrupt>
    107a:	00 00 00 
    107c:	a8 1b 04    	goto      0x1ba8 <__DefaultInterrupt>
    107e:	00 00 00 
    1080:	a8 1b 04    	goto      0x1ba8 <__DefaultInterrupt>
    1082:	00 00 00 
    1084:	a8 1b 04    	goto      0x1ba8 <__DefaultInterrupt>
    1086:	00 00 00 
    1088:	a8 1b 04    	goto      0x1ba8 <__DefaultInterrupt>
    108a:	00 00 00 
    108c:	a8 1b 04    	goto      0x1ba8 <__DefaultInterrupt>
    108e:	00 00 00 
    1090:	a8 1b 04    	goto      0x1ba8 <__DefaultInterrupt>
    1092:	00 00 00 
    1094:	a8 1b 04    	goto      0x1ba8 <__DefaultInterrupt>
    1096:	00 00 00 
    1098:	a8 1b 04    	goto      0x1ba8 <__DefaultInterrupt>
    109a:	00 00 00 
    109c:	a8 1b 04    	goto      0x1ba8 <__DefaultInterrupt>
    109e:	00 00 00 
    10a0:	a8 1b 04    	goto      0x1ba8 <__DefaultInterrupt>
    10a2:	00 00 00 
    10a4:	a8 1b 04    	goto      0x1ba8 <__DefaultInterrupt>
    10a6:	00 00 00 
    10a8:	a8 1b 04    	goto      0x1ba8 <__DefaultInterrupt>
    10aa:	00 00 00 
    10ac:	a8 1b 04    	goto      0x1ba8 <__DefaultInterrupt>
    10ae:	00 00 00 
    10b0:	a8 1b 04    	goto      0x1ba8 <__DefaultInterrupt>
    10b2:	00 00 00 
    10b4:	a8 1b 04    	goto      0x1ba8 <__DefaultInterrupt>
    10b6:	00 00 00 
    10b8:	a8 1b 04    	goto      0x1ba8 <__DefaultInterrupt>
    10ba:	00 00 00 
    10bc:	a8 1b 04    	goto      0x1ba8 <__DefaultInterrupt>
    10be:	00 00 00 
    10c0:	a8 1b 04    	goto      0x1ba8 <__DefaultInterrupt>
    10c2:	00 00 00 
    10c4:	a8 1b 04    	goto      0x1ba8 <__DefaultInterrupt>
    10c6:	00 00 00 
    10c8:	a8 1b 04    	goto      0x1ba8 <__DefaultInterrupt>
    10ca:	00 00 00 
    10cc:	a8 1b 04    	goto      0x1ba8 <__DefaultInterrupt>
    10ce:	00 00 00 
    10d0:	a8 1b 04    	goto      0x1ba8 <__DefaultInterrupt>
    10d2:	00 00 00 
    10d4:	a8 1b 04    	goto      0x1ba8 <__DefaultInterrupt>
    10d6:	00 00 00 
    10d8:	a8 1b 04    	goto      0x1ba8 <__DefaultInterrupt>
    10da:	00 00 00 
    10dc:	a8 1b 04    	goto      0x1ba8 <__DefaultInterrupt>
    10de:	00 00 00 
    10e0:	a8 1b 04    	goto      0x1ba8 <__DefaultInterrupt>
    10e2:	00 00 00 
    10e4:	a8 1b 04    	goto      0x1ba8 <__DefaultInterrupt>
    10e6:	00 00 00 
    10e8:	a8 1b 04    	goto      0x1ba8 <__DefaultInterrupt>
    10ea:	00 00 00 
    10ec:	a8 1b 04    	goto      0x1ba8 <__DefaultInterrupt>
    10ee:	00 00 00 
    10f0:	a8 1b 04    	goto      0x1ba8 <__DefaultInterrupt>
    10f2:	00 00 00 
    10f4:	a8 1b 04    	goto      0x1ba8 <__DefaultInterrupt>
    10f6:	00 00 00 
    10f8:	a8 1b 04    	goto      0x1ba8 <__DefaultInterrupt>
    10fa:	00 00 00 
    10fc:	a8 1b 04    	goto      0x1ba8 <__DefaultInterrupt>
    10fe:	00 00 00 
    1100:	a8 1b 04    	goto      0x1ba8 <__DefaultInterrupt>
    1102:	00 00 00 
    1104:	a8 1b 04    	goto      0x1ba8 <__DefaultInterrupt>
    1106:	00 00 00 
    1108:	a8 1b 04    	goto      0x1ba8 <__DefaultInterrupt>
    110a:	00 00 00 

0000110c <__DEFAULT_VECTOR>:
    110c:	a8 1b 04    	goto      0x1ba8 <__DefaultInterrupt>
    110e:	00 00 00 
Disassembly of section .ivt:

00000004 <.ivt>:
   4:	04 10 00    	nop       
   6:	08 10 00    	nop       
   8:	0c 10 00    	nop       
   a:	10 10 00    	nop       
   c:	14 10 00    	nop       
   e:	0c 11 00    	nop       
  10:	0c 11 00    	nop       
  12:	0c 11 00    	nop       
  14:	18 10 00    	nop       
  16:	1c 10 00    	nop       
  18:	20 10 00    	nop       
  1a:	24 10 00    	nop       
  1c:	0c 11 00    	nop       
  1e:	28 10 00    	nop       
  20:	2c 10 00    	nop       
  22:	30 10 00    	nop       
  24:	34 10 00    	nop       
  26:	38 10 00    	nop       
  28:	3c 10 00    	nop       
  2a:	40 10 00    	nop       
  2c:	44 10 00    	nop       
  2e:	48 10 00    	nop       
  30:	0c 11 00    	nop       
  32:	0c 11 00    	nop       
  34:	4c 10 00    	nop       
  36:	50 10 00    	nop       
  38:	54 10 00    	nop       
  3a:	58 10 00    	nop       
  3c:	5c 10 00    	nop       
  3e:	0c 11 00    	nop       
  40:	60 10 00    	nop       
  42:	64 10 00    	nop       
  44:	0c 11 00    	nop       
  46:	68 10 00    	nop       
  48:	6c 10 00    	nop       
  4a:	70 10 00    	nop       
  4c:	74 10 00    	nop       
  4e:	78 10 00    	nop       
  50:	7c 10 00    	nop       
  52:	80 10 00    	nop       
  54:	84 10 00    	nop       
  56:	88 10 00    	nop       
  58:	0c 11 00    	nop       
  5a:	0c 11 00    	nop       
  5c:	0c 11 00    	nop       
  5e:	8c 10 00    	nop       
  60:	90 10 00    	nop       
  62:	94 10 00    	nop       
  64:	98 10 00    	nop       
  66:	9c 10 00    	nop       
  68:	a0 10 00    	nop       
  6a:	a4 10 00    	nop       
  6c:	a8 10 00    	nop       
  6e:	ac 10 00    	nop       
  70:	0c 11 00    	nop       
  72:	0c 11 00    	nop       
  74:	0c 11 00    	nop       
  76:	b0 10 00    	nop       
  78:	b4 10 00    	nop       
  7a:	0c 11 00    	nop       
  7c:	0c 11 00    	nop       
  7e:	b8 10 00    	nop       
  80:	bc 10 00    	nop       
  82:	0c 11 00    	nop       
  84:	0c 11 00    	nop       
  86:	0c 11 00    	nop       
  88:	0c 11 00    	nop       
  8a:	0c 11 00    	nop       
  8c:	0c 11 00    	nop       
  8e:	0c 11 00    	nop       
  90:	c0 10 00    	nop       
  92:	0c 11 00    	nop       
  94:	0c 11 00    	nop       
  96:	c4 10 00    	nop       
  98:	c8 10 00    	nop       
  9a:	cc 10 00    	nop       
  9c:	0c 11 00    	nop       
  9e:	0c 11 00    	nop       
  a0:	0c 11 00    	nop       
  a2:	0c 11 00    	nop       
  a4:	d0 10 00    	nop       
  a6:	0c 11 00    	nop       
  a8:	0c 11 00    	nop       
  aa:	0c 11 00    	nop       
  ac:	0c 11 00    	nop       
  ae:	d4 10 00    	nop       
  b0:	0c 11 00    	nop       
  b2:	0c 11 00    	nop       
  b4:	0c 11 00    	nop       
  b6:	d8 10 00    	nop       
  b8:	dc 10 00    	nop       
  ba:	e0 10 00    	nop       
  bc:	e4 10 00    	nop       
  be:	e8 10 00    	nop       
  c0:	ec 10 00    	nop       
  c2:	f0 10 00    	nop       
  c4:	f4 10 00    	nop       
  c6:	f8 10 00    	nop       
  c8:	fc 10 00    	nop       
  ca:	00 11 00    	nop       
  cc:	04 11 00    	nop       
  ce:	08 11 00    	nop       
  d0:	0c 11 00    	nop       
  d2:	0c 11 00    	nop       
  d4:	0c 11 00    	nop       
  d6:	0c 11 00    	nop       
  d8:	0c 11 00    	nop       
  da:	0c 11 00    	nop       
  dc:	0c 11 00    	nop       
  de:	0c 11 00    	nop       
  e0:	0c 11 00    	nop       
  e2:	0c 11 00    	nop       
  e4:	0c 11 00    	nop       
  e6:	0c 11 00    	nop       
  e8:	0c 11 00    	nop       
  ea:	0c 11 00    	nop       
  ec:	0c 11 00    	nop       
  ee:	0c 11 00    	nop       
  f0:	0c 11 00    	nop       
  f2:	0c 11 00    	nop       
  f4:	0c 11 00    	nop       
  f6:	0c 11 00    	nop       
  f8:	0c 11 00    	nop       
  fa:	0c 11 00    	nop       
  fc:	0c 11 00    	nop       
  fe:	0c 11 00    	nop       
Disassembly of section .const:

00009216 <.LC0>:
    9216:	20 20       	.word 0x2020
    9218:	20 20       	.word 0x2020
    921a:	20 20       	.word 0x2020
    921c:	20 20       	.word 0x2020
    921e:	20 20       	.word 0x2020
    9220:	20 20       	.word 0x2020
    9222:	20 20       	.word 0x2020
    9224:	20 20       	.word 0x2020
    9226:	20 20       	.word 0x2020
    9228:	20 20       	.word 0x2020
    922a:	20 20       	.word 0x2020
    922c:	20 20       	.word 0x2020
    922e:	20 20       	.word 0x2020
    9230:	20 20       	.word 0x2020
    9232:	20 20       	.word 0x2020
    9234:	20 20       	.word 0x2020
    9236:	20 20       	.word 0x2020
    9238:	20 20       	.word 0x2020
    923a:	20 20       	.word 0x2020
    923c:	20 20       	.word 0x2020
    923e:	20 20       	.word 0x2020
    9240:	20 20       	.word 0x2020
    9242:	20 20       	.word 0x2020
    9244:	20 20       	.word 0x2020
    9246:	20 20       	.word 0x2020
    9248:	20 20       	.word 0x2020
    924a:	20 20       	.word 0x2020
    924c:	20 20       	.word 0x2020
    924e:	00 20       	.word 0x2000

0000924f <.LC1>:
    924f:	00 00       	.word 0
    9251:	00 00       	.word 0
    9253:	00 00       	.word 0
    9255:	00 00       	.word 0
    9257:	00 00       	.word 0
    9259:	00 00       	.word 0
    925b:	00 00       	.word 0
    925d:	00 00       	.word 0
	...

00009260 <.LC2>:
    9260:	7a 79       	.word 0x797a
    9262:	78 77       	.word 0x7778
    9264:	76 75       	.word 0x7576
    9266:	74 73       	.word 0x7374
    9268:	72 71       	.word 0x7172
    926a:	70 6f       	.word 0x6f70
    926c:	6e 6d       	.word 0x6d6e
    926e:	6c 6b       	.word 0x6b6c
    9270:	6a 69       	.word 0x696a
    9272:	68 67       	.word 0x6768
    9274:	66 65       	.word 0x6566
    9276:	64 63       	.word 0x6364
    9278:	62 61       	.word 0x6162
    927a:	39 38       	.word 0x3839
    927c:	37 36       	.word 0x3637
    927e:	35 34       	.word 0x3435
    9280:	33 32       	.word 0x3233
    9282:	31 30       	.word 0x3031
    9284:	31 32       	.word 0x3231
    9286:	33 34       	.word 0x3433
    9288:	35 36       	.word 0x3635
    928a:	37 38       	.word 0x3837
    928c:	39 61       	.word 0x6139
    928e:	62 63       	.word 0x6362
    9290:	64 65       	.word 0x6564
    9292:	66 67       	.word 0x6766
    9294:	68 69       	.word 0x6968
    9296:	6a 6b       	.word 0x6b6a
    9298:	6c 6d       	.word 0x6d6c
    929a:	6e 6f       	.word 0x6f6e
    929c:	70 71       	.word 0x7170
    929e:	72 73       	.word 0x7372
    92a0:	74 75       	.word 0x7574
    92a2:	76 77       	.word 0x7776
    92a4:	78 79       	.word 0x7978
    92a6:	7a 00       	.word 0x7a

000092a8 <.LC3>:
    92a8:	53 74       	.word 0x7453
    92aa:	72 4c       	.word 0x4c72
    92ac:	69 74       	.word 0x7469
    92ae:	65 72       	.word 0x7265
    92b0:	61 6c       	.word 0x6c61
    92b2:	00 44       	.word 0x4400

000092b3 <.LC0>:
    92b3:	00 00       	.word 0
    92b5:	00 00       	.word 0
    92b7:	00 00       	.word 0
    92b9:	00 00       	.word 0
    92bb:	00 00       	.word 0
	...

000092c4 <.LC1>:
    92c4:	44 69       	.word 0x6944
    92c6:	73 70       	.word 0x7073
    92c8:	32 4c       	.word 0x4c32
    92ca:	69 6e       	.word 0x6e69
    92cc:	65 31       	.word 0x3165
	...
    92d4:	00 44       	.word 0x4400

000092d5 <.LC2>:
    92d5:	00 00       	.word 0
    92d7:	00 00       	.word 0
    92d9:	00 00       	.word 0
    92db:	00 00       	.word 0
    92dd:	00 00       	.word 0
	...
Disassembly of section .text:

000012e6 <___lcd_i2c_write>:
#define DR_READ 0x0B

_LCD lcd[3];

void __lcd_i2c_write(_LCD *self, uint8_t ch) {
    12e6:	04 00 fa    	lnk       #0x4
    12e8:	00 0f 78    	mov.w     w0, [w14]
    12ea:	21 47 98    	mov.b     w1, [w14+2]
    i2c_start();
    12ec:	91 02 07    	rcall     0x1810 <_i2c_start> <.LFB2> <.LFE1>
    send_i2c_byte(self->addr_write);
    12ee:	1e 00 78    	mov.w     [w14], w0
    12f0:	10 40 78    	mov.b     [w0], w0
    12f2:	00 80 fb    	ze        w0, w0
    12f4:	dc 02 07    	rcall     0x18ae <_send_i2c_byte> <.LFB5> <.LFE4>
    send_i2c_byte(ch);
    12f6:	2e 40 90    	mov.b     [w14+2], w0
    12f8:	00 80 fb    	ze        w0, w0
    12fa:	d9 02 07    	rcall     0x18ae <_send_i2c_byte> <.LFB5> <.LFE4>
    reset_i2c_bus();
    12fc:	bd 02 07    	rcall     0x1878 <_reset_i2c_bus> <.LFB4> <.LFE3>
}
    12fe:	00 80 fa    	ulnk      
    1300:	00 00 06    	return    

00001302 <___lcd_enablePulse>:

// Pulse enable pin high and then low to shift in 4 bits of data
void __lcd_enablePulse(_LCD *self) {
    1302:	02 00 fa    	lnk       #0x2
    1304:	00 0f 78    	mov.w     w0, [w14]
    self->io_write_val ^= ENABLE_TOGGLE;
    1306:	1e 00 78    	mov.w     [w14], w0
    1308:	20 40 90    	mov.b     [w0+2], w0
    130a:	80 40 78    	mov.b     w0, w1
    130c:	01 24 a2    	btg.b     w1, #0x2
    130e:	1e 00 78    	mov.w     [w14], w0
    1310:	21 40 98    	mov.b     w1, [w0+2]
    __lcd_i2c_write(self, self->io_write_val);
    1312:	1e 00 78    	mov.w     [w14], w0
    1314:	20 40 90    	mov.b     [w0+2], w0
    1316:	80 40 78    	mov.b     w0, w1
    1318:	1e 00 78    	mov.w     [w14], w0
    131a:	e5 ff 07    	rcall     0x12e6 <___lcd_i2c_write> <.L0> <.LFB0> <.Ltext0>
    delay_by_nop(100);
    131c:	40 06 20    	mov.w     #0x64, w0
    131e:	01 00 20    	mov.w     #0x0, w1
    1320:	57 02 07    	rcall     0x17d0 <_delay_by_nop> <.L0> <.LFB0> <.LFE16> <.Letext0> <.Ltext0>
    self->io_write_val ^= ENABLE_TOGGLE;
    1322:	1e 00 78    	mov.w     [w14], w0
    1324:	20 40 90    	mov.b     [w0+2], w0
    1326:	80 40 78    	mov.b     w0, w1
    1328:	01 24 a2    	btg.b     w1, #0x2
    132a:	1e 00 78    	mov.w     [w14], w0
    132c:	21 40 98    	mov.b     w1, [w0+2]
    __lcd_i2c_write(self, self->io_write_val);
    132e:	1e 00 78    	mov.w     [w14], w0
    1330:	20 40 90    	mov.b     [w0+2], w0
    1332:	80 40 78    	mov.b     w0, w1
    1334:	1e 00 78    	mov.w     [w14], w0
    1336:	d7 ff 07    	rcall     0x12e6 <___lcd_i2c_write> <.L0> <.LFB0> <.Ltext0>
    // delay_by_nop(1000);
}
    1338:	00 80 fa    	ulnk      
    133a:	00 00 06    	return    

0000133c <___lcd_send>:

/* Send 8 bits of data as one 4-bit nibble, shifting in, second 4-bit nibble, and
shifting in */
void __lcd_send(_LCD *self, uint8_t value, uint8_t command) {
    133c:	06 00 fa    	lnk       #0x6
    133e:	10 07 98    	mov.w     w0, [w14+2]
    1340:	41 47 98    	mov.b     w1, [w14+4]
    1342:	52 47 98    	mov.b     w2, [w14+5]
    uint8_t MS = value & 0x78;
    1344:	4e 40 90    	mov.b     [w14+4], w0
    1346:	81 c7 b3    	mov.b     #0x78, w1
    1348:	01 4f 60    	and.b     w0, w1, [w14]
    uint8_t LS = value << 4;
    134a:	ce 40 90    	mov.b     [w14+4], w1
    134c:	40 00 20    	mov.w     #0x4, w0
    134e:	00 08 dd    	sl.w      w1, w0, w0
    1350:	10 47 98    	mov.b     w0, [w14+1]
    self->io_write_val = command | MS;
    1352:	5e 40 90    	mov.b     [w14+5], w0
    1354:	9e 40 70    	ior.b     w0, [w14], w1
    1356:	1e 00 90    	mov.w     [w14+2], w0
    1358:	21 40 98    	mov.b     w1, [w0+2]
    __lcd_i2c_write(self, self->io_write_val);
    135a:	1e 00 90    	mov.w     [w14+2], w0
    135c:	20 40 90    	mov.b     [w0+2], w0
    135e:	80 40 78    	mov.b     w0, w1
    1360:	1e 00 90    	mov.w     [w14+2], w0
    1362:	c1 ff 07    	rcall     0x12e6 <___lcd_i2c_write> <.L0> <.LFB0> <.Ltext0>
    __lcd_enablePulse(self);
    1364:	1e 00 90    	mov.w     [w14+2], w0
    1366:	cd ff 07    	rcall     0x1302 <___lcd_enablePulse> <.LFB1> <.LFE0>
    self->io_write_val= command | LS;
    1368:	de 40 90    	mov.b     [w14+5], w1
    136a:	1e 40 90    	mov.b     [w14+1], w0
    136c:	80 c0 70    	ior.b     w1, w0, w1
    136e:	1e 00 90    	mov.w     [w14+2], w0
    1370:	21 40 98    	mov.b     w1, [w0+2]
    __lcd_i2c_write(self, self->io_write_val);
    1372:	1e 00 90    	mov.w     [w14+2], w0
    1374:	20 40 90    	mov.b     [w0+2], w0
    1376:	80 40 78    	mov.b     w0, w1
    1378:	1e 00 90    	mov.w     [w14+2], w0
    137a:	b5 ff 07    	rcall     0x12e6 <___lcd_i2c_write> <.L0> <.LFB0> <.Ltext0>
    __lcd_enablePulse(self);
    137c:	1e 00 90    	mov.w     [w14+2], w0
    137e:	c1 ff 07    	rcall     0x1302 <___lcd_enablePulse> <.LFB1> <.LFE0>
}
    1380:	00 80 fa    	ulnk      
    1382:	00 00 06    	return    

00001384 <___lcd_send8>:

void __lcd_send8(_LCD *self, uint8_t value, uint8_t command) {
    1384:	04 00 fa    	lnk       #0x4
    1386:	00 0f 78    	mov.w     w0, [w14]
    1388:	21 47 98    	mov.b     w1, [w14+2]
    138a:	32 47 98    	mov.b     w2, [w14+3]
    value = value << 4;
    138c:	ae 40 90    	mov.b     [w14+2], w1
    138e:	40 00 20    	mov.w     #0x4, w0
    1390:	00 08 dd    	sl.w      w1, w0, w0
    1392:	20 47 98    	mov.b     w0, [w14+2]
    self->io_write_val = command | value;
    1394:	be 40 90    	mov.b     [w14+3], w1
    1396:	2e 40 90    	mov.b     [w14+2], w0
    1398:	80 c0 70    	ior.b     w1, w0, w1
    139a:	1e 00 78    	mov.w     [w14], w0
    139c:	21 40 98    	mov.b     w1, [w0+2]
    __lcd_i2c_write(self, self->io_write_val);
    139e:	1e 00 78    	mov.w     [w14], w0
    13a0:	20 40 90    	mov.b     [w0+2], w0
    13a2:	80 40 78    	mov.b     w0, w1
    13a4:	1e 00 78    	mov.w     [w14], w0
    13a6:	9f ff 07    	rcall     0x12e6 <___lcd_i2c_write> <.L0> <.LFB0> <.Ltext0>
    __lcd_enablePulse(self);
    13a8:	1e 00 78    	mov.w     [w14], w0
    13aa:	ab ff 07    	rcall     0x1302 <___lcd_enablePulse> <.LFB1> <.LFE0>
}
    13ac:	00 80 fa    	ulnk      
    13ae:	00 00 06    	return    

000013b0 <_init_lcd>:

/* Some code from last year's Spaceteam project that sets up three LCD screens on
 one bus with corresponding IO extender types and hard-wired addresses */
void init_lcd(uint8_t initiator) {
    13b0:	02 00 fa    	lnk       #0x2
    13b2:	00 4f 78    	mov.b     w0, [w14]

    i2c_init(1e3);
    13b4:	80 3e 20    	mov.w     #0x3e8, w0
    13b6:	1f 02 07    	rcall     0x17f6 <_i2c_init> <.LFB1> <.LFE0>

    switch (initiator) {
    13b8:	1e 80 fb    	ze        [w14], w0
    13ba:	e1 0f 50    	sub.w     w0, #0x1, [w15]
    13bc:	17 00 32    	bra       Z, 0x13ec <.L8>
    13be:	e1 0f 50    	sub.w     w0, #0x1, [w15]
    13c0:	03 00 3c    	bra       GT, 0x13c8 <.L11>
    13c2:	00 00 e0    	cp0.w     w0
    13c4:	06 00 32    	bra       Z, 0x13d2 <.L7>
    13c6:	39 00 37    	bra       0x143a <.L5>

000013c8 <.L11>:
    13c8:	e2 0f 50    	sub.w     w0, #0x2, [w15]
    13ca:	1d 00 32    	bra       Z, 0x1406 <.L9>
    13cc:	e3 0f 50    	sub.w     w0, #0x3, [w15]
    13ce:	28 00 32    	bra       Z, 0x1420 <.L10>
    13d0:	34 00 37    	bra       0x143a <.L5>

000013d2 <.L7>:
        case 0: // Central
            lcd_init(&lcd[0], 0x05,'A');
    13d2:	12 c4 b3    	mov.b     #0x41, w2
    13d4:	51 c0 b3    	mov.b     #0x5, w1
    13d6:	00 80 20    	mov.w     #0x800, w0
    13d8:	32 00 07    	rcall     0x143e <_lcd_init> <.LFB5> <.LFE4>
            lcd_init(&lcd[1], 0x07,'A');
    13da:	12 c4 b3    	mov.b     #0x41, w2
    13dc:	71 c0 b3    	mov.b     #0x7, w1
    13de:	50 80 20    	mov.w     #0x805, w0
    13e0:	2e 00 07    	rcall     0x143e <_lcd_init> <.LFB5> <.LFE4>
            lcd_init(&lcd[2], 0x06,'T');
    13e2:	42 c5 b3    	mov.b     #0x54, w2
    13e4:	61 c0 b3    	mov.b     #0x6, w1
    13e6:	a0 80 20    	mov.w     #0x80a, w0
    13e8:	2a 00 07    	rcall     0x143e <_lcd_init> <.LFB5> <.LFE4>
            break;
    13ea:	27 00 37    	bra       0x143a <.L5>

000013ec <.L8>:
        case 1:
            lcd_init(&lcd[0], 0x07,'A');
    13ec:	12 c4 b3    	mov.b     #0x41, w2
    13ee:	71 c0 b3    	mov.b     #0x7, w1
    13f0:	00 80 20    	mov.w     #0x800, w0
    13f2:	25 00 07    	rcall     0x143e <_lcd_init> <.LFB5> <.LFE4>
            lcd_init(&lcd[2], 0x06,'A');
    13f4:	12 c4 b3    	mov.b     #0x41, w2
    13f6:	61 c0 b3    	mov.b     #0x6, w1
    13f8:	a0 80 20    	mov.w     #0x80a, w0
    13fa:	21 00 07    	rcall     0x143e <_lcd_init> <.LFB5> <.LFE4>
            lcd_init(&lcd[1], 0x05,'A');
    13fc:	12 c4 b3    	mov.b     #0x41, w2
    13fe:	51 c0 b3    	mov.b     #0x5, w1
    1400:	50 80 20    	mov.w     #0x805, w0
    1402:	1d 00 07    	rcall     0x143e <_lcd_init> <.LFB5> <.LFE4>
            break;
    1404:	1a 00 37    	bra       0x143a <.L5>

00001406 <.L9>:
        case 2:
            lcd_init(&lcd[0], 0x07,'T');
    1406:	42 c5 b3    	mov.b     #0x54, w2
    1408:	71 c0 b3    	mov.b     #0x7, w1
    140a:	00 80 20    	mov.w     #0x800, w0
    140c:	18 00 07    	rcall     0x143e <_lcd_init> <.LFB5> <.LFE4>
            lcd_init(&lcd[1], 0x06,'A');
    140e:	12 c4 b3    	mov.b     #0x41, w2
    1410:	61 c0 b3    	mov.b     #0x6, w1
    1412:	50 80 20    	mov.w     #0x805, w0
    1414:	14 00 07    	rcall     0x143e <_lcd_init> <.LFB5> <.LFE4>
            lcd_init(&lcd[2], 0x05,'A');
    1416:	12 c4 b3    	mov.b     #0x41, w2
    1418:	51 c0 b3    	mov.b     #0x5, w1
    141a:	a0 80 20    	mov.w     #0x80a, w0
    141c:	10 00 07    	rcall     0x143e <_lcd_init> <.LFB5> <.LFE4>
            break;
    141e:	0d 00 37    	bra       0x143a <.L5>

00001420 <.L10>:
        case 3:
            lcd_init(&lcd[0], 0x07,'A');
    1420:	12 c4 b3    	mov.b     #0x41, w2
    1422:	71 c0 b3    	mov.b     #0x7, w1
    1424:	00 80 20    	mov.w     #0x800, w0
    1426:	0b 00 07    	rcall     0x143e <_lcd_init> <.LFB5> <.LFE4>
            lcd_init(&lcd[1], 0x06,'A');
    1428:	12 c4 b3    	mov.b     #0x41, w2
    142a:	61 c0 b3    	mov.b     #0x6, w1
    142c:	50 80 20    	mov.w     #0x805, w0
    142e:	07 00 07    	rcall     0x143e <_lcd_init> <.LFB5> <.LFE4>
            lcd_init(&lcd[2], 0x05,'A');
    1430:	12 c4 b3    	mov.b     #0x41, w2
    1432:	51 c0 b3    	mov.b     #0x5, w1
    1434:	a0 80 20    	mov.w     #0x80a, w0
    1436:	03 00 07    	rcall     0x143e <_lcd_init> <.LFB5> <.LFE4>
            break;
    1438:	00 00 00    	nop       

0000143a <.L5>:
    }
}
    143a:	00 80 fa    	ulnk      
    143c:	00 00 06    	return    

0000143e <_lcd_init>:

// Initializes the LCD screen hardware as per pg. 46 of the datasheet
void lcd_init(_LCD *self, uint8_t addr, char vendor) {
    143e:	04 00 fa    	lnk       #0x4
    1440:	00 0f 78    	mov.w     w0, [w14]
    1442:	21 47 98    	mov.b     w1, [w14+2]
    1444:	32 47 98    	mov.b     w2, [w14+3]
    switch(vendor){
    1446:	3e 40 90    	mov.b     [w14+3], w0
    1448:	00 00 fb    	se        w0, w0
    144a:	11 04 20    	mov.w     #0x41, w1
    144c:	81 0f 50    	sub.w     w0, w1, [w15]
    144e:	10 00 32    	bra       Z, 0x1470 <.L14>
    1450:	41 05 20    	mov.w     #0x54, w1
    1452:	81 0f 50    	sub.w     w0, w1, [w15]
    1454:	1a 00 3a    	bra       NZ, 0x148a <.L13>
        case 'T':// 0x40 == vendor prefix for PCF8574T
            self->addr_write = 0x40 + (addr << 1);
    1456:	2e 40 90    	mov.b     [w14+2], w0
    1458:	00 40 40    	add.b     w0, w0, w0
    145a:	02 c4 b3    	mov.b     #0x40, w2
    145c:	82 40 40    	add.b     w0, w2, w1
    145e:	1e 00 78    	mov.w     [w14], w0
    1460:	01 48 78    	mov.b     w1, [w0]
            self->addr_read = 0x40 + (addr << 1)+1;
    1462:	2e 40 90    	mov.b     [w14+2], w0
    1464:	00 40 40    	add.b     w0, w0, w0
    1466:	12 c4 b3    	mov.b     #0x41, w2
    1468:	82 40 40    	add.b     w0, w2, w1
    146a:	1e 00 78    	mov.w     [w14], w0
    146c:	11 40 98    	mov.b     w1, [w0+1]
            break;
    146e:	0d 00 37    	bra       0x148a <.L13>

00001470 <.L14>:
        case 'A':// 0x70 == vendor prefix PCF8574AT
            self->addr_write = 0x70 + (addr << 1);
    1470:	2e 40 90    	mov.b     [w14+2], w0
    1472:	00 40 40    	add.b     w0, w0, w0
    1474:	02 c7 b3    	mov.b     #0x70, w2
    1476:	82 40 40    	add.b     w0, w2, w1
    1478:	1e 00 78    	mov.w     [w14], w0
    147a:	01 48 78    	mov.b     w1, [w0]
            self->addr_read = 0x70 + (addr << 1)+1;
    147c:	2e 40 90    	mov.b     [w14+2], w0
    147e:	00 40 40    	add.b     w0, w0, w0
    1480:	12 c7 b3    	mov.b     #0x71, w2
    1482:	82 40 40    	add.b     w0, w2, w1
    1484:	1e 00 78    	mov.w     [w14], w0
    1486:	11 40 98    	mov.b     w1, [w0+1]
            break;
    1488:	00 00 00    	nop       

0000148a <.L13>:
    }

    self->display_control = 0x00;
    148a:	1e 00 78    	mov.w     [w14], w0
    148c:	80 40 eb    	clr.b     w1
    148e:	31 40 98    	mov.b     w1, [w0+3]
    self->display_mode = 0x00;
    1490:	1e 00 78    	mov.w     [w14], w0
    1492:	80 40 eb    	clr.b     w1
    1494:	41 40 98    	mov.b     w1, [w0+4]

    self->io_write_val = 0x00;
    1496:	1e 00 78    	mov.w     [w14], w0
    1498:	80 40 eb    	clr.b     w1
    149a:	21 40 98    	mov.b     w1, [w0+2]

    __lcd_i2c_write(self, 0x00);
    149c:	80 40 eb    	clr.b     w1
    149e:	1e 00 78    	mov.w     [w14], w0
    14a0:	22 ff 07    	rcall     0x12e6 <___lcd_i2c_write> <.L0> <.LFB0> <.Ltext0>

    delay_by_nop(15000);
    14a2:	80 a9 23    	mov.w     #0x3a98, w0
    14a4:	01 00 20    	mov.w     #0x0, w1
    14a6:	94 01 07    	rcall     0x17d0 <_delay_by_nop> <.L0> <.LFB0> <.LFE16> <.Letext0> <.Ltext0>

    // Some bullshit according to pg 46
    __lcd_send8(self, 0x03, INTERNAL_WRITE);
    14a8:	82 c0 b3    	mov.b     #0x8, w2
    14aa:	31 c0 b3    	mov.b     #0x3, w1
    14ac:	1e 00 78    	mov.w     [w14], w0
    14ae:	6a ff 07    	rcall     0x1384 <___lcd_send8> <.LFB3> <.LFE2>
    delay_by_nop(5000);
    14b0:	80 38 21    	mov.w     #0x1388, w0
    14b2:	01 00 20    	mov.w     #0x0, w1
    14b4:	8d 01 07    	rcall     0x17d0 <_delay_by_nop> <.L0> <.LFB0> <.LFE16> <.Letext0> <.Ltext0>

    __lcd_send8(self, 0x03, INTERNAL_WRITE);//0b00110000
    14b6:	82 c0 b3    	mov.b     #0x8, w2
    14b8:	31 c0 b3    	mov.b     #0x3, w1
    14ba:	1e 00 78    	mov.w     [w14], w0
    14bc:	63 ff 07    	rcall     0x1384 <___lcd_send8> <.LFB3> <.LFE2>
    delay_by_nop(5000);
    14be:	80 38 21    	mov.w     #0x1388, w0
    14c0:	01 00 20    	mov.w     #0x0, w1
    14c2:	86 01 07    	rcall     0x17d0 <_delay_by_nop> <.L0> <.LFB0> <.LFE16> <.Letext0> <.Ltext0>

    __lcd_send8(self, 0x03, INTERNAL_WRITE);//0b00110000
    14c4:	82 c0 b3    	mov.b     #0x8, w2
    14c6:	31 c0 b3    	mov.b     #0x3, w1
    14c8:	1e 00 78    	mov.w     [w14], w0
    14ca:	5c ff 07    	rcall     0x1384 <___lcd_send8> <.LFB3> <.LFE2>
    delay_by_nop(5000);
    14cc:	80 38 21    	mov.w     #0x1388, w0
    14ce:	01 00 20    	mov.w     #0x0, w1
    14d0:	7f 01 07    	rcall     0x17d0 <_delay_by_nop> <.L0> <.LFB0> <.LFE16> <.Letext0> <.Ltext0>

    // Put it in 4 bit mode
    __lcd_send8(self, 0x02, INTERNAL_WRITE);//0b00110000
    14d2:	82 c0 b3    	mov.b     #0x8, w2
    14d4:	21 c0 b3    	mov.b     #0x2, w1
    14d6:	1e 00 78    	mov.w     [w14], w0
    14d8:	55 ff 07    	rcall     0x1384 <___lcd_send8> <.LFB3> <.LFE2>
    delay_by_nop(5000);
    14da:	80 38 21    	mov.w     #0x1388, w0
    14dc:	01 00 20    	mov.w     #0x0, w1
    14de:	78 01 07    	rcall     0x17d0 <_delay_by_nop> <.L0> <.LFB0> <.LFE16> <.Letext0> <.Ltext0>

    __lcd_send(self, 0x28, INTERNAL_WRITE); // Set rows and direction
    14e0:	82 c0 b3    	mov.b     #0x8, w2
    14e2:	81 c2 b3    	mov.b     #0x28, w1
    14e4:	1e 00 78    	mov.w     [w14], w0
    14e6:	2a ff 07    	rcall     0x133c <___lcd_send> <.LFB2> <.LFE1>
    delay_by_nop(50);
    14e8:	20 03 20    	mov.w     #0x32, w0
    14ea:	01 00 20    	mov.w     #0x0, w1
    14ec:	71 01 07    	rcall     0x17d0 <_delay_by_nop> <.L0> <.LFB0> <.LFE16> <.Letext0> <.Ltext0>

    __lcd_send(self, 0x80, INTERNAL_WRITE); // Display off, cursor off
    14ee:	82 c0 b3    	mov.b     #0x8, w2
    14f0:	01 c8 b3    	mov.b     #0x80, w1
    14f2:	1e 00 78    	mov.w     [w14], w0
    14f4:	23 ff 07    	rcall     0x133c <___lcd_send> <.LFB2> <.LFE1>
    delay_by_nop(50);
    14f6:	20 03 20    	mov.w     #0x32, w0
    14f8:	01 00 20    	mov.w     #0x0, w1
    14fa:	6a 01 07    	rcall     0x17d0 <_delay_by_nop> <.L0> <.LFB0> <.LFE16> <.Letext0> <.Ltext0>

    __lcd_send(self, 0x01, INTERNAL_WRITE); // Go to home position
    14fc:	82 c0 b3    	mov.b     #0x8, w2
    14fe:	11 c0 b3    	mov.b     #0x1, w1
    1500:	1e 00 78    	mov.w     [w14], w0
    1502:	1c ff 07    	rcall     0x133c <___lcd_send> <.LFB2> <.LFE1>
    delay_by_nop(2000);
    1504:	00 7d 20    	mov.w     #0x7d0, w0
    1506:	01 00 20    	mov.w     #0x0, w1
    1508:	63 01 07    	rcall     0x17d0 <_delay_by_nop> <.L0> <.LFB0> <.LFE16> <.Letext0> <.Ltext0>

    __lcd_send(self, 0x06, INTERNAL_WRITE); // Set curson direction
    150a:	82 c0 b3    	mov.b     #0x8, w2
    150c:	61 c0 b3    	mov.b     #0x6, w1
    150e:	1e 00 78    	mov.w     [w14], w0
    1510:	15 ff 07    	rcall     0x133c <___lcd_send> <.LFB2> <.LFE1>
    delay_by_nop(5000);
    1512:	80 38 21    	mov.w     #0x1388, w0
    1514:	01 00 20    	mov.w     #0x0, w1
    1516:	5c 01 07    	rcall     0x17d0 <_delay_by_nop> <.L0> <.LFB0> <.LFE16> <.Letext0> <.Ltext0>

    __lcd_send(self, 0x0C, INTERNAL_WRITE); // Display on, cursor off
    1518:	82 c0 b3    	mov.b     #0x8, w2
    151a:	c1 c0 b3    	mov.b     #0xc, w1
    151c:	1e 00 78    	mov.w     [w14], w0
    151e:	0e ff 07    	rcall     0x133c <___lcd_send> <.LFB2> <.LFE1>
}
    1520:	00 80 fa    	ulnk      
    1522:	00 00 06    	return    

00001524 <_lcd_stop>:

// Stops lcd I2C transfer
void lcd_stop(_LCD *self) {
    1524:	02 00 fa    	lnk       #0x2
    1526:	00 0f 78    	mov.w     w0, [w14]
    reset_i2c_bus();
    1528:	a7 01 07    	rcall     0x1878 <_reset_i2c_bus> <.LFB4> <.LFE3>
}
    152a:	00 80 fa    	ulnk      
    152c:	00 00 06    	return    

0000152e <_lcd_display>:

// Sends show display command to LCD
void lcd_display(_LCD *self, uint8_t on) {
    152e:	04 00 fa    	lnk       #0x4
    1530:	00 0f 78    	mov.w     w0, [w14]
    1532:	21 47 98    	mov.b     w1, [w14+2]
    if (on) {
    1534:	2e 40 90    	mov.b     [w14+2], w0
    1536:	00 04 e0    	cp0.b     w0
    1538:	07 00 32    	bra       Z, 0x1548 <.L18>
        self->display_control |= LCD_DISPLAYON;
    153a:	1e 00 78    	mov.w     [w14], w0
    153c:	30 40 90    	mov.b     [w0+3], w0
    153e:	80 40 78    	mov.b     w0, w1
    1540:	01 24 a0    	bset.b    w1, #0x2
    1542:	1e 00 78    	mov.w     [w14], w0
    1544:	31 40 98    	mov.b     w1, [w0+3]
    1546:	06 00 37    	bra       0x1554 <.L19>

00001548 <.L18>:
    } else {
        self->display_control &= ~LCD_DISPLAYON;
    1548:	1e 00 78    	mov.w     [w14], w0
    154a:	b0 40 90    	mov.b     [w0+3], w1
    154c:	b0 cf b3    	mov.b     #0xfb, w0
    154e:	80 c0 60    	and.b     w1, w0, w1
    1550:	1e 00 78    	mov.w     [w14], w0
    1552:	31 40 98    	mov.b     w1, [w0+3]

00001554 <.L19>:
    }
    __lcd_send(self, self->display_control | LCD_DISPLAYCONTROL, INTERNAL_WRITE);
    1554:	1e 00 78    	mov.w     [w14], w0
    1556:	30 40 90    	mov.b     [w0+3], w0
    1558:	00 34 a0    	bset.b    w0, #0x3
    155a:	82 c0 b3    	mov.b     #0x8, w2
    155c:	80 40 78    	mov.b     w0, w1
    155e:	1e 00 78    	mov.w     [w14], w0
    1560:	ed fe 07    	rcall     0x133c <___lcd_send> <.LFB2> <.LFE1>
}
    1562:	00 80 fa    	ulnk      
    1564:	00 00 06    	return    

00001566 <_lcd_clear>:

// Sends clear display command to LCD
void lcd_clear(_LCD *self) {
    1566:	02 00 fa    	lnk       #0x2
    1568:	00 0f 78    	mov.w     w0, [w14]
    __lcd_send(self, LCD_CLEARDISPLAY, INTERNAL_WRITE);
    156a:	82 c0 b3    	mov.b     #0x8, w2
    156c:	11 c0 b3    	mov.b     #0x1, w1
    156e:	1e 00 78    	mov.w     [w14], w0
    1570:	e5 fe 07    	rcall     0x133c <___lcd_send> <.LFB2> <.LFE1>
    delay_by_nop(2000);
    1572:	00 7d 20    	mov.w     #0x7d0, w0
    1574:	01 00 20    	mov.w     #0x0, w1
    1576:	2c 01 07    	rcall     0x17d0 <_delay_by_nop> <.L0> <.LFB0> <.LFE16> <.Letext0> <.Ltext0>
}
    1578:	00 80 fa    	ulnk      
    157a:	00 00 06    	return    

0000157c <_lcd_putc>:

// Sends single character to LCD display
void lcd_putc(_LCD *self, char c) {
    157c:	04 00 fa    	lnk       #0x4
    157e:	00 0f 78    	mov.w     w0, [w14]
    1580:	21 47 98    	mov.b     w1, [w14+2]
    __lcd_send(self, c, DR_WRITE);
    1582:	2e 40 90    	mov.b     [w14+2], w0
    1584:	92 c0 b3    	mov.b     #0x9, w2
    1586:	80 40 78    	mov.b     w0, w1
    1588:	1e 00 78    	mov.w     [w14], w0
    158a:	d8 fe 07    	rcall     0x133c <___lcd_send> <.LFB2> <.LFE1>
    // delay_by_nop(1000);
}
    158c:	00 80 fa    	ulnk      
    158e:	00 00 06    	return    

00001590 <_lcd_goto>:

// Sends commands to move LCD cursor to specified location
void lcd_goto(_LCD *self, uint8_t line, uint8_t col) { //x=col, y=row
    1590:	06 00 fa    	lnk       #0x6
    1592:	10 07 98    	mov.w     w0, [w14+2]
    1594:	41 47 98    	mov.b     w1, [w14+4]
    1596:	52 47 98    	mov.b     w2, [w14+5]
    uint8_t address;
    switch(line) {
    1598:	4e 40 90    	mov.b     [w14+4], w0
    159a:	00 80 fb    	ze        w0, w0
    159c:	e1 0f 50    	sub.w     w0, #0x1, [w15]
    159e:	03 00 32    	bra       Z, 0x15a6 <.L24>
    15a0:	e2 0f 50    	sub.w     w0, #0x2, [w15]
    15a2:	04 00 32    	bra       Z, 0x15ac <.L25>
    15a4:	06 00 37    	bra       0x15b2 <.L27>

000015a6 <.L24>:
        case 1:
            address = 0x00;
    15a6:	00 40 eb    	clr.b     w0
    15a8:	00 4f 78    	mov.b     w0, [w14]
            break;
    15aa:	06 00 37    	bra       0x15b8 <.L26>

000015ac <.L25>:
        case 2:
            address = 0x40;
    15ac:	00 c4 b3    	mov.b     #0x40, w0
    15ae:	00 4f 78    	mov.b     w0, [w14]
            break;
    15b0:	03 00 37    	bra       0x15b8 <.L26>

000015b2 <.L27>:
        default:
            address = 0x00;
    15b2:	00 40 eb    	clr.b     w0
    15b4:	00 4f 78    	mov.b     w0, [w14]
            break;
    15b6:	00 00 00    	nop       

000015b8 <.L26>:
    }

    address = address+col;
    15b8:	5e 40 90    	mov.b     [w14+5], w0
    15ba:	1e 4f 40    	add.b     w0, [w14], [w14]
    __lcd_send(self, LCD_SETDDRAMADDR | address, INTERNAL_WRITE);
    15bc:	1e 40 78    	mov.b     [w14], w0
    15be:	00 74 a0    	bset.b    w0, #0x7
    15c0:	82 c0 b3    	mov.b     #0x8, w2
    15c2:	80 40 78    	mov.b     w0, w1
    15c4:	1e 00 90    	mov.w     [w14+2], w0
    15c6:	ba fe 07    	rcall     0x133c <___lcd_send> <.LFB2> <.LFE1>
}
    15c8:	00 80 fa    	ulnk      
    15ca:	00 00 06    	return    

000015cc <_lcd_cursor>:


void lcd_cursor(_LCD *self, uint8_t cur) {
    15cc:	04 00 fa    	lnk       #0x4
    15ce:	00 0f 78    	mov.w     w0, [w14]
    15d0:	21 47 98    	mov.b     w1, [w14+2]
    switch(cur) {
    15d2:	2e 40 90    	mov.b     [w14+2], w0
    15d4:	00 80 fb    	ze        w0, w0
    15d6:	00 00 e0    	cp0.w     w0
    15d8:	03 00 32    	bra       Z, 0x15e0 <.L30>
    15da:	e1 0f 50    	sub.w     w0, #0x1, [w15]
    15dc:	06 00 32    	bra       Z, 0x15ea <.L31>
        case 0:
            __lcd_send(self, 0x0C, INTERNAL_WRITE);
            break;
        case 1:
            __lcd_send(self, 0x0E, INTERNAL_WRITE);
            break;
        default:
            break;
    15de:	0a 00 37    	bra       0x15f4 <.L28>

000015e0 <.L30>:
    15e0:	82 c0 b3    	mov.b     #0x8, w2
    15e2:	c1 c0 b3    	mov.b     #0xc, w1
    15e4:	1e 00 78    	mov.w     [w14], w0
    15e6:	aa fe 07    	rcall     0x133c <___lcd_send> <.LFB2> <.LFE1>
    15e8:	05 00 37    	bra       0x15f4 <.L28>

000015ea <.L31>:
    15ea:	82 c0 b3    	mov.b     #0x8, w2
    15ec:	e1 c0 b3    	mov.b     #0xe, w1
    15ee:	1e 00 78    	mov.w     [w14], w0
    15f0:	a5 fe 07    	rcall     0x133c <___lcd_send> <.LFB2> <.LFE1>
    15f2:	00 00 00    	nop       

000015f4 <.L28>:
    }
}
    15f4:	00 80 fa    	ulnk      
    15f6:	00 00 06    	return    

000015f8 <_lcd_print1>:

void lcd_print1(_LCD *self, char *str) {
    15f8:	04 00 fa    	lnk       #0x4
    15fa:	00 0f 78    	mov.w     w0, [w14]
    15fc:	11 07 98    	mov.w     w1, [w14+2]
    lcd_clear(self);
    15fe:	1e 00 78    	mov.w     [w14], w0
    1600:	b2 ff 07    	rcall     0x1566 <_lcd_clear> <.LFB8> <.LFE7>
    while (*str) {
    1602:	08 00 37    	bra       0x1614 <.L34>

00001604 <.L35>:
        lcd_putc(self, *str);
    1604:	1e 00 90    	mov.w     [w14+2], w0
    1606:	10 40 78    	mov.b     [w0], w0
    1608:	80 40 78    	mov.b     w0, w1
    160a:	1e 00 78    	mov.w     [w14], w0
    160c:	b7 ff 07    	rcall     0x157c <_lcd_putc> <.LFB9> <.LFE8>
        str++;
    160e:	1e 00 90    	mov.w     [w14+2], w0
    1610:	00 00 e8    	inc.w     w0, w0
    1612:	10 07 98    	mov.w     w0, [w14+2]

00001614 <.L34>:
    1614:	1e 00 90    	mov.w     [w14+2], w0
    1616:	10 40 78    	mov.b     [w0], w0
    1618:	00 04 e0    	cp0.b     w0
    161a:	f4 ff 3a    	bra       NZ, 0x1604 <.L35>
    }
}
    161c:	00 80 fa    	ulnk      
    161e:	00 00 06    	return    

00001620 <_lcd_print2>:

void lcd_print2(_LCD *self, char* line1, char* line2){
    1620:	42 00 fa    	lnk       #0x42
    1622:	60 1f 98    	mov.w     w0, [w14+60]
    1624:	71 1f 98    	mov.w     w1, [w14+62]
    1626:	02 27 98    	mov.w     w2, [w14+64]
    lcd_clear(self);
    1628:	6e 18 90    	mov.w     [w14+60], w0
    162a:	9d ff 07    	rcall     0x1566 <_lcd_clear> <.LFB8> <.LFE7>
    char str[56] ="                                                        ";
    162c:	60 21 29    	mov.w     #0x9216, w0
    162e:	e4 00 47    	add.w     w14, #0x4, w1
    1630:	37 00 09    	repeat    #0x37
    1632:	b0 58 78    	mov.b     [w0++], [w1++]
    1634:	80 03 b1    	sub.w     #0x38, w0
    int i =0;
    1636:	00 00 eb    	clr.w     w0
    1638:	00 0f 78    	mov.w     w0, [w14]
    while (*line1){
    163a:	09 00 37    	bra       0x164e <.L37>

0000163c <.L38>:
        str[i]=*line1;
    163c:	7e 18 90    	mov.w     [w14+62], w0
    163e:	90 40 78    	mov.b     [w0], w1
    1640:	64 00 47    	add.w     w14, #0x4, w0
    1642:	1e 00 40    	add.w     w0, [w14], w0
    1644:	01 48 78    	mov.b     w1, [w0]
        i=i+1;
    1646:	1e 0f e8    	inc.w     [w14], [w14]
        line1++;
    1648:	7e 18 90    	mov.w     [w14+62], w0
    164a:	00 00 e8    	inc.w     w0, w0
    164c:	70 1f 98    	mov.w     w0, [w14+62]

0000164e <.L37>:
    164e:	7e 18 90    	mov.w     [w14+62], w0
    1650:	10 40 78    	mov.b     [w0], w0
    1652:	00 04 e0    	cp0.b     w0
    1654:	f3 ff 3a    	bra       NZ, 0x163c <.L38>
    }
    i =40;
    1656:	80 02 20    	mov.w     #0x28, w0
    1658:	00 0f 78    	mov.w     w0, [w14]
    while (*line2){
    165a:	09 00 37    	bra       0x166e <.L39>

0000165c <.L40>:
        str[i]=*line2;
    165c:	0e 20 90    	mov.w     [w14+64], w0
    165e:	90 40 78    	mov.b     [w0], w1
    1660:	64 00 47    	add.w     w14, #0x4, w0
    1662:	1e 00 40    	add.w     w0, [w14], w0
    1664:	01 48 78    	mov.b     w1, [w0]
        i=i+1;
    1666:	1e 0f e8    	inc.w     [w14], [w14]
        line2++;
    1668:	0e 20 90    	mov.w     [w14+64], w0
    166a:	00 00 e8    	inc.w     w0, w0
    166c:	00 27 98    	mov.w     w0, [w14+64]

0000166e <.L39>:
    166e:	0e 20 90    	mov.w     [w14+64], w0
    1670:	10 40 78    	mov.b     [w0], w0
    1672:	00 04 e0    	cp0.b     w0
    1674:	f3 ff 3a    	bra       NZ, 0x165c <.L40>
    }
    char* strptr=str;
    1676:	64 00 47    	add.w     w14, #0x4, w0
    1678:	10 07 98    	mov.w     w0, [w14+2]
    lcd_print1(self,strptr);
    167a:	9e 00 90    	mov.w     [w14+2], w1
    167c:	6e 18 90    	mov.w     [w14+60], w0
    167e:	bc ff 07    	rcall     0x15f8 <_lcd_print1> <.LFB12> <.LFE11>
}
    1680:	00 80 fa    	ulnk      
    1682:	00 00 06    	return    

00001684 <_lcd_print>:

void lcd_print(_LCD *self, char* message) {
    1684:	30 00 fa    	lnk       #0x30
    1686:	60 17 98    	mov.w     w0, [w14+44]
    1688:	71 17 98    	mov.w     w1, [w14+46]
    char newstr1[17] = "                ";
    168a:	f0 24 29    	mov.w     #0x924f, w0
    168c:	ea 00 47    	add.w     w14, #0xa, w1
    168e:	10 00 09    	repeat    #0x10
    1690:	b0 58 78    	mov.b     [w0++], [w1++]
    1692:	10 01 b1    	sub.w     #0x11, w0
    char* newstrptr1= newstr1;
    1694:	6a 0f 47    	add.w     w14, #0xa, [w14]
    char newstr2[17] = "                ";
    1696:	f0 24 29    	mov.w     #0x924f, w0
    1698:	fb 00 47    	add.w     w14, #0x1b, w1
    169a:	10 00 09    	repeat    #0x10
    169c:	b0 58 78    	mov.b     [w0++], [w1++]
    169e:	10 01 b1    	sub.w     #0x11, w0
    char* newstrptr2= newstr2;
    16a0:	7b 00 47    	add.w     w14, #0x1b, w0
    16a2:	10 07 98    	mov.w     w0, [w14+2]
    char* temp1 = newstrptr1;
    16a4:	9e 00 78    	mov.w     [w14], w1
    16a6:	31 07 98    	mov.w     w1, [w14+6]
    char* temp2 = newstrptr2;
    16a8:	9e 00 90    	mov.w     [w14+2], w1
    16aa:	41 07 98    	mov.w     w1, [w14+8]
    uint8_t i=0;
    16ac:	00 40 eb    	clr.b     w0
    16ae:	40 47 98    	mov.b     w0, [w14+4]
    while (i <17){
    16b0:	0f 00 37    	bra       0x16d0 <.L42>

000016b2 <.L44>:
        if (*message){
    16b2:	7e 10 90    	mov.w     [w14+46], w0
    16b4:	10 40 78    	mov.b     [w0], w0
    16b6:	00 04 e0    	cp0.b     w0
    16b8:	08 00 32    	bra       Z, 0x16ca <.L43>
            *newstrptr1=*message;
    16ba:	7e 10 90    	mov.w     [w14+46], w0
    16bc:	90 40 78    	mov.b     [w0], w1
    16be:	1e 00 78    	mov.w     [w14], w0
    16c0:	01 48 78    	mov.b     w1, [w0]
            message++;
    16c2:	7e 10 90    	mov.w     [w14+46], w0
    16c4:	00 00 e8    	inc.w     w0, w0
    16c6:	70 17 98    	mov.w     w0, [w14+46]
            newstrptr1++;
    16c8:	1e 0f e8    	inc.w     [w14], [w14]

000016ca <.L43>:
        }
        i++;
    16ca:	4e 40 90    	mov.b     [w14+4], w0
    16cc:	00 40 e8    	inc.b     w0, w0
    16ce:	40 47 98    	mov.b     w0, [w14+4]

000016d0 <.L42>:
    16d0:	4e 40 90    	mov.b     [w14+4], w0
    16d2:	f0 4f 50    	sub.b     w0, #0x10, [w15]
    16d4:	ee ff 36    	bra       LEU, 0x16b2 <.L44>
    }
    i=0;
    16d6:	00 40 eb    	clr.b     w0
    16d8:	40 47 98    	mov.b     w0, [w14+4]
    message--; //SKETCHY!
    16da:	7e 10 90    	mov.w     [w14+46], w0
    16dc:	00 00 e9    	dec.w     w0, w0
    16de:	70 17 98    	mov.w     w0, [w14+46]
    while (i <17){
    16e0:	11 00 37    	bra       0x1704 <.L45>

000016e2 <.L47>:
        if (*message){
    16e2:	7e 10 90    	mov.w     [w14+46], w0
    16e4:	10 40 78    	mov.b     [w0], w0
    16e6:	00 04 e0    	cp0.b     w0
    16e8:	0a 00 32    	bra       Z, 0x16fe <.L46>
            *newstrptr2=*message;
    16ea:	7e 10 90    	mov.w     [w14+46], w0
    16ec:	90 40 78    	mov.b     [w0], w1
    16ee:	1e 00 90    	mov.w     [w14+2], w0
    16f0:	01 48 78    	mov.b     w1, [w0]
            message++;
    16f2:	7e 10 90    	mov.w     [w14+46], w0
    16f4:	00 00 e8    	inc.w     w0, w0
    16f6:	70 17 98    	mov.w     w0, [w14+46]
            newstrptr2++;
    16f8:	1e 00 90    	mov.w     [w14+2], w0
    16fa:	00 00 e8    	inc.w     w0, w0
    16fc:	10 07 98    	mov.w     w0, [w14+2]

000016fe <.L46>:
        }
        i++;
    16fe:	4e 40 90    	mov.b     [w14+4], w0
    1700:	00 40 e8    	inc.b     w0, w0
    1702:	40 47 98    	mov.b     w0, [w14+4]

00001704 <.L45>:
    1704:	4e 40 90    	mov.b     [w14+4], w0
    1706:	f0 4f 50    	sub.b     w0, #0x10, [w15]
    1708:	ec ff 36    	bra       LEU, 0x16e2 <.L47>
    }
    lcd_print2(self, temp1, temp2);
    170a:	4e 01 90    	mov.w     [w14+8], w2
    170c:	be 00 90    	mov.w     [w14+6], w1
    170e:	6e 10 90    	mov.w     [w14+44], w0
    1710:	87 ff 07    	rcall     0x1620 <_lcd_print2> <.LFB13> <.LFE12>
}
    1712:	00 80 fa    	ulnk      
    1714:	00 00 06    	return    

00001716 <_lcd_broadcast>:

void lcd_broadcast(char* message) {
    1716:	04 00 fa    	lnk       #0x4
    1718:	10 07 98    	mov.w     w0, [w14+2]
    uint8_t i;
    for (i = 0; i < 3; i++)
    171a:	00 40 eb    	clr.b     w0
    171c:	00 4f 78    	mov.b     w0, [w14]
    171e:	08 00 37    	bra       0x1730 <.L49>

00001720 <.L50>:
        lcd_print(&lcd[i], message);
    1720:	1e 80 fb    	ze        [w14], w0
    1722:	65 00 b9    	mul.su    w0, #0x5, w0
    1724:	80 00 78    	mov.w     w0, w1
    1726:	00 80 20    	mov.w     #0x800, w0
    1728:	00 80 40    	add.w     w1, w0, w0
    172a:	9e 00 90    	mov.w     [w14+2], w1
    172c:	ab ff 07    	rcall     0x1684 <_lcd_print> <.LFB14> <.LFE13>
    172e:	1e 4f e8    	inc.b     [w14], [w14]

00001730 <.L49>:
    1730:	1e 40 78    	mov.b     [w14], w0
    1732:	e2 4f 50    	sub.b     w0, #0x2, [w15]
    1734:	f5 ff 36    	bra       LEU, 0x1720 <.L50>
}
    1736:	00 80 fa    	ulnk      
    1738:	00 00 06    	return    

0000173a <_itoa>:

char * itoa (int value, char *result, int base) {
    173a:	0e 00 fa    	lnk       #0xe
    173c:	40 07 98    	mov.w     w0, [w14+8]
    173e:	51 07 98    	mov.w     w1, [w14+10]
    1740:	62 07 98    	mov.w     w2, [w14+12]
    // check that the base if valid
    if (base < 2 || base > 36) { *result = '\0'; return result; }
    1742:	6e 00 90    	mov.w     [w14+12], w0
    1744:	e1 0f 50    	sub.w     w0, #0x1, [w15]
    1746:	04 00 34    	bra       LE, 0x1750 <.L52>
    1748:	ee 00 90    	mov.w     [w14+12], w1
    174a:	40 02 20    	mov.w     #0x24, w0
    174c:	80 8f 50    	sub.w     w1, w0, [w15]
    174e:	05 00 34    	bra       LE, 0x175a <.L53>

00001750 <.L52>:
    1750:	5e 00 90    	mov.w     [w14+10], w0
    1752:	80 40 eb    	clr.b     w1
    1754:	01 48 78    	mov.b     w1, [w0]
    1756:	5e 00 90    	mov.w     [w14+10], w0
    1758:	39 00 37    	bra       0x17cc <.L54>

0000175a <.L53>:

    char* ptr = result, *ptr1 = result, tmp_char;
    175a:	de 00 90    	mov.w     [w14+10], w1
    175c:	01 0f 78    	mov.w     w1, [w14]
    175e:	5e 01 90    	mov.w     [w14+10], w2
    1760:	12 07 98    	mov.w     w2, [w14+2]

00001762 <.L55>:
    int tmp_value;

    do {
        tmp_value = value;
    1762:	ce 00 90    	mov.w     [w14+8], w1
    1764:	21 07 98    	mov.w     w1, [w14+4]
        value /= base;
    1766:	ce 00 90    	mov.w     [w14+8], w1
    1768:	6e 00 90    	mov.w     [w14+12], w0
    176a:	00 01 78    	mov.w     w0, w2
    176c:	11 00 09    	repeat    #0x11
    176e:	82 00 d8    	div.sw    w1, w2
    1770:	40 07 98    	mov.w     w0, [w14+8]
        *ptr++ = "zyxwvutsrqponmlkjihgfedcba9876543210123456789abcdefghijklmnopqrstuvwxyz" [35 + (tmp_value - value * base)];
    1772:	ce 00 90    	mov.w     [w14+8], w1
    1774:	6e 00 90    	mov.w     [w14+12], w0
    1776:	00 88 b9    	mul.ss    w1, w0, w0
    1778:	00 00 78    	mov.w     w0, w0
    177a:	ae 00 90    	mov.w     [w14+4], w1
    177c:	00 80 50    	sub.w     w1, w0, w0
    177e:	30 02 b0    	add.w     #0x23, w0
    1780:	01 26 29    	mov.w     #0x9260, w1
    1782:	e1 40 78    	mov.b     [w1+w0], w1
    1784:	1e 00 78    	mov.w     [w14], w0
    1786:	01 48 78    	mov.b     w1, [w0]
    1788:	1e 0f e8    	inc.w     [w14], [w14]
    } while ( value );
    178a:	4e 00 90    	mov.w     [w14+8], w0
    178c:	00 00 e0    	cp0.w     w0
    178e:	e9 ff 3a    	bra       NZ, 0x1762 <.L55>

    // Apply negative sign
    if (tmp_value < 0) *ptr++ = '-';
    1790:	2e 00 90    	mov.w     [w14+4], w0
    1792:	00 00 e0    	cp0.w     w0
    1794:	04 00 3d    	bra       GE, 0x179e <.L56>
    1796:	1e 00 78    	mov.w     [w14], w0
    1798:	d1 c2 b3    	mov.b     #0x2d, w1
    179a:	01 48 78    	mov.b     w1, [w0]
    179c:	1e 0f e8    	inc.w     [w14], [w14]

0000179e <.L56>:
    *ptr-- = '\0';
    179e:	1e 00 78    	mov.w     [w14], w0
    17a0:	80 40 eb    	clr.b     w1
    17a2:	01 48 78    	mov.b     w1, [w0]
    17a4:	1e 0f e9    	dec.w     [w14], [w14]
    while (ptr1 < ptr) {
    17a6:	0e 00 37    	bra       0x17c4 <.L57>

000017a8 <.L58>:
        tmp_char = *ptr;
    17a8:	1e 00 78    	mov.w     [w14], w0
    17aa:	90 40 78    	mov.b     [w0], w1
    17ac:	61 47 98    	mov.b     w1, [w14+6]
        *ptr--= *ptr1;
    17ae:	1e 00 90    	mov.w     [w14+2], w0
    17b0:	90 40 78    	mov.b     [w0], w1
    17b2:	1e 00 78    	mov.w     [w14], w0
    17b4:	01 48 78    	mov.b     w1, [w0]
    17b6:	1e 0f e9    	dec.w     [w14], [w14]
        *ptr1++ = tmp_char;
    17b8:	1e 00 90    	mov.w     [w14+2], w0
    17ba:	6e 41 90    	mov.b     [w14+6], w2
    17bc:	02 48 78    	mov.b     w2, [w0]
    17be:	1e 00 90    	mov.w     [w14+2], w0
    17c0:	00 00 e8    	inc.w     w0, w0
    17c2:	10 07 98    	mov.w     w0, [w14+2]

000017c4 <.L57>:
    17c4:	1e 00 90    	mov.w     [w14+2], w0
    17c6:	9e 0f 50    	sub.w     w0, [w14], [w15]
    17c8:	ef ff 39    	bra       NC, 0x17a8 <.L58>
    }
    return result;
    17ca:	5e 00 90    	mov.w     [w14+10], w0

000017cc <.L54>:
}
    17cc:	00 80 fa    	ulnk      
    17ce:	00 00 06    	return    

000017d0 <_delay_by_nop>:
// From https://web.archive.org/web/20161223060411/http://www.engscope.com/pic24-tutorial/10-2-i2c-basic-functions/

#include "i2c_reg.h"

void delay_by_nop(uint32_t num_nops){    // 1 nop= 375ns
    17d0:	08 00 fa    	lnk       #0x8
    17d2:	20 07 98    	mov.w     w0, [w14+4]
    17d4:	31 07 98    	mov.w     w1, [w14+6]
    uint32_t count = 0;
    17d6:	60 00 b8    	mul.uu    w0, #0x0, w0
    17d8:	00 8f be    	mov.d     w0, [w14]
    while (count < num_nops){
    17da:	05 00 37    	bra       0x17e6 <.L2>

000017dc <.L3>:
        __asm__("nop");
    17dc:	00 00 00    	nop       
        count +=1;
    17de:	12 00 20    	mov.w     #0x1, w2
    17e0:	03 00 20    	mov.w     #0x0, w3
    17e2:	1e 0f 41    	add.w     w2, [w14], [w14]
    17e4:	5e 97 49    	addc.w    w3, [++w14], [w14--]

000017e6 <.L2>:
    17e6:	2e 00 90    	mov.w     [w14+4], w0
    17e8:	be 00 90    	mov.w     [w14+6], w1
    17ea:	1e 01 be    	mov.d     [w14], w2
    17ec:	80 0f 51    	sub.w     w2, w0, [w15]
    17ee:	81 8f 59    	subb.w    w3, w1, [w15]
    17f0:	f5 ff 39    	bra       NC, 0x17dc <.L3>
    }
}
    17f2:	00 80 fa    	ulnk      
    17f4:	00 00 06    	return    

000017f6 <_i2c_init>:

// initiates I2C3 module to baud rate BRG
void i2c_init(int BRG){      // I2CBRG = 157 for 16Mhz OSC with 100kHz I2C clock
    17f6:	04 00 fa    	lnk       #0x4
    17f8:	10 07 98    	mov.w     w0, [w14+2]
   int temp;
   I2C3BRG = BRG;           // Sets freq to 100kHz
    17fa:	1e 00 90    	mov.w     [w14+2], w0
    17fc:	a0 13 88    	mov.w     w0, 0x274
   I2C3CONbits.I2CEN = 0;	// Disable I2C Mode
    17fe:	77 e2 a9    	bclr.b    0x277, #0x7
   I2C3CONbits.DISSLW = 1;	// Disable slew rate control
    1800:	77 22 a8    	bset.b    0x277, #0x1
   IFS5bits.MI2C3IF = 0;	 // Clear Interrupt
    1802:	8e a0 a9    	bclr.b    0x8e, #0x5
   I2C3CONbits.I2CEN = 1;	// Enable I2C Mode
    1804:	77 e2 a8    	bset.b    0x277, #0x7
   temp = I2C3RCV;	 // read buffer to clear buffer full
    1806:	80 13 80    	mov.w     0x270, w0
    1808:	00 0f 78    	mov.w     w0, [w14]
   reset_i2c_bus();	 // set bus to idle
    180a:	36 00 07    	rcall     0x1878 <_reset_i2c_bus> <.LFB4> <.LFE3>
}
    180c:	00 80 fa    	ulnk      
    180e:	00 00 06    	return    

00001810 <_i2c_start>:

//function iniates a start condition on bus
void i2c_start(void){
    1810:	02 00 fa    	lnk       #0x2
   int x = 0;
    1812:	00 00 eb    	clr.w     w0
    1814:	00 0f 78    	mov.w     w0, [w14]
   I2C3CONbits.ACKDT = 0;	//Reset any previous Ack
    1816:	76 a2 a9    	bclr.b    0x276, #0x5
   delay_by_nop(10);
    1818:	a0 00 20    	mov.w     #0xa, w0
    181a:	01 00 20    	mov.w     #0x0, w1
    181c:	d9 ff 07    	rcall     0x17d0 <_delay_by_nop> <.L0> <.LFB0> <.LFE16> <.Letext0> <.Ltext0>
   I2C3CONbits.SEN = 1;	//Initiate Start condition
    181e:	76 02 a8    	bset.b    0x276, #0x0
   __asm__("nop");
    1820:	00 00 00    	nop       

   while (I2C3CONbits.SEN){    //the hardware will automatically clear Start Bit
    1822:	07 00 37    	bra       0x1832 <.L6>

00001824 <.L8>:
      delay_by_nop(1);      //wait for automatic clear before proceding
    1824:	10 00 20    	mov.w     #0x1, w0
    1826:	01 00 20    	mov.w     #0x0, w1
    1828:	d3 ff 07    	rcall     0x17d0 <_delay_by_nop> <.L0> <.LFB0> <.LFE16> <.Letext0> <.Ltext0>
      x++;
    182a:	1e 0f e8    	inc.w     [w14], [w14]
      if (x > 20)
    182c:	1e 00 78    	mov.w     [w14], w0
    182e:	f4 0f 50    	sub.w     w0, #0x14, [w15]
    1830:	05 00 3c    	bra       GT, 0x183c <.L9>

00001832 <.L6>:
    1832:	b0 13 80    	mov.w     0x276, w0
    1834:	61 00 60    	and.w     w0, #0x1, w0
    1836:	00 00 e0    	cp0.w     w0
    1838:	f5 ff 3a    	bra       NZ, 0x1824 <.L8>
    183a:	01 00 37    	bra       0x183e <.L7>

0000183c <.L9>:
      break;
    183c:	00 00 00    	nop       

0000183e <.L7>:
   }
   delay_by_nop(2);
    183e:	20 00 20    	mov.w     #0x2, w0
    1840:	01 00 20    	mov.w     #0x0, w1
    1842:	c6 ff 07    	rcall     0x17d0 <_delay_by_nop> <.L0> <.LFB0> <.LFE16> <.Letext0> <.Ltext0>
}
    1844:	00 80 fa    	ulnk      
    1846:	00 00 06    	return    

00001848 <_i2c_restart>:

void i2c_restart(void){
    1848:	02 00 fa    	lnk       #0x2
   int x = 0;
    184a:	00 00 eb    	clr.w     w0
    184c:	00 0f 78    	mov.w     w0, [w14]
   I2C3CONbits.RSEN = 1;	//Initiate restart condition
    184e:	76 22 a8    	bset.b    0x276, #0x1
   __asm__("nop");
    1850:	00 00 00    	nop       
   //the hardware will automatically clear restart bit
   //wait for automatic clear before proceding
   while (I2C3CONbits.RSEN){
    1852:	07 00 37    	bra       0x1862 <.L11>

00001854 <.L13>:
      delay_by_nop(1);
    1854:	10 00 20    	mov.w     #0x1, w0
    1856:	01 00 20    	mov.w     #0x0, w1
    1858:	bb ff 07    	rcall     0x17d0 <_delay_by_nop> <.L0> <.LFB0> <.LFE16> <.Letext0> <.Ltext0>
      x++;
    185a:	1e 0f e8    	inc.w     [w14], [w14]
      if (x > 20)	break;
    185c:	1e 00 78    	mov.w     [w14], w0
    185e:	f4 0f 50    	sub.w     w0, #0x14, [w15]
    1860:	05 00 3c    	bra       GT, 0x186c <.L14>

00001862 <.L11>:
    1862:	b0 13 80    	mov.w     0x276, w0
    1864:	62 00 60    	and.w     w0, #0x2, w0
    1866:	00 00 e0    	cp0.w     w0
    1868:	f5 ff 3a    	bra       NZ, 0x1854 <.L13>
    186a:	01 00 37    	bra       0x186e <.L12>

0000186c <.L14>:
    186c:	00 00 00    	nop       

0000186e <.L12>:
   }
   delay_by_nop(2);
    186e:	20 00 20    	mov.w     #0x2, w0
    1870:	01 00 20    	mov.w     #0x0, w1
    1872:	ae ff 07    	rcall     0x17d0 <_delay_by_nop> <.L0> <.LFB0> <.LFE16> <.Letext0> <.Ltext0>
}
    1874:	00 80 fa    	ulnk      
    1876:	00 00 06    	return    

00001878 <_reset_i2c_bus>:


//Resets the I2C bus to Idle
void reset_i2c_bus(void){
    1878:	02 00 fa    	lnk       #0x2
   int x = 0;
    187a:	00 00 eb    	clr.w     w0
    187c:	00 0f 78    	mov.w     w0, [w14]
   I2C3CONbits.PEN = 1;     //initiate stop bit
    187e:	76 42 a8    	bset.b    0x276, #0x2
   while (I2C3CONbits.PEN) {     //wait for hardware clear of stop bit
    1880:	07 00 37    	bra       0x1890 <.L16>

00001882 <.L18>:
      // delay_by_nop(1);
      delay_by_nop(1);
    1882:	10 00 20    	mov.w     #0x1, w0
    1884:	01 00 20    	mov.w     #0x0, w1
    1886:	a4 ff 07    	rcall     0x17d0 <_delay_by_nop> <.L0> <.LFB0> <.LFE16> <.Letext0> <.Ltext0>
      x ++;
    1888:	1e 0f e8    	inc.w     [w14], [w14]
      if (x > 20) break;
    188a:	1e 00 78    	mov.w     [w14], w0
    188c:	f4 0f 50    	sub.w     w0, #0x14, [w15]
    188e:	05 00 3c    	bra       GT, 0x189a <.L19>

00001890 <.L16>:
    1890:	b0 13 80    	mov.w     0x276, w0
    1892:	64 00 60    	and.w     w0, #0x4, w0
    1894:	00 00 e0    	cp0.w     w0
    1896:	f5 ff 3a    	bra       NZ, 0x1882 <.L18>
    1898:	01 00 37    	bra       0x189c <.L17>

0000189a <.L19>:
    189a:	00 00 00    	nop       

0000189c <.L17>:
   }

   I2C3CONbits.RCEN = 0;
    189c:	76 62 a9    	bclr.b    0x276, #0x3
   IFS5bits.MI2C3IF = 0; // Clear Interrupt
    189e:	8e a0 a9    	bclr.b    0x8e, #0x5
   I2C3STATbits.IWCOL = 0;
    18a0:	78 e2 a9    	bclr.b    0x278, #0x7
   I2C3STATbits.BCL = 0;
    18a2:	79 42 a9    	bclr.b    0x279, #0x2
   // delay_by_nop(10);
   delay_by_nop(20);
    18a4:	40 01 20    	mov.w     #0x14, w0
    18a6:	01 00 20    	mov.w     #0x0, w1
    18a8:	93 ff 07    	rcall     0x17d0 <_delay_by_nop> <.L0> <.LFB0> <.LFE16> <.Letext0> <.Ltext0>
}
    18aa:	00 80 fa    	ulnk      
    18ac:	00 00 06    	return    

000018ae <_send_i2c_byte>:


//basic I2C byte send
char send_i2c_byte(int data){
    18ae:	04 00 fa    	lnk       #0x4
    18b0:	10 07 98    	mov.w     w0, [w14+2]
   int i;
   while (I2C3STATbits.TBF) { }
    18b2:	00 00 00    	nop       

000018b4 <.L21>:
    18b4:	c0 13 80    	mov.w     0x278, w0
    18b6:	61 00 60    	and.w     w0, #0x1, w0
    18b8:	00 00 e0    	cp0.w     w0
    18ba:	fc ff 3a    	bra       NZ, 0x18b4 <.L21>
   IFS5bits.MI2C3IF = 0; // Clear Interrupt
    18bc:	8e a0 a9    	bclr.b    0x8e, #0x5
   I2C3TRN = data; // load the outgoing data byte
    18be:	1e 00 90    	mov.w     [w14+2], w0
    18c0:	90 13 88    	mov.w     w0, 0x272

   for (i=0; i<500; i++){           // wait for transmission
    18c2:	00 00 eb    	clr.w     w0
    18c4:	00 0f 78    	mov.w     w0, [w14]
    18c6:	09 00 37    	bra       0x18da <.L22>

000018c8 <.L25>:
      if (!I2C3STATbits.TRSTAT) break; // if master transmit not in progress break
    18c8:	c1 13 80    	mov.w     0x278, w1
    18ca:	00 00 24    	mov.w     #0x4000, w0
    18cc:	00 80 60    	and.w     w1, w0, w0
    18ce:	00 00 e0    	cp0.w     w0
    18d0:	09 00 32    	bra       Z, 0x18e4 <.L29>
      delay_by_nop(1); }
    18d2:	10 00 20    	mov.w     #0x1, w0
    18d4:	01 00 20    	mov.w     #0x0, w1
    18d6:	7c ff 07    	rcall     0x17d0 <_delay_by_nop> <.L0> <.LFB0> <.LFE16> <.Letext0> <.Ltext0>
    18d8:	1e 0f e8    	inc.w     [w14], [w14]

000018da <.L22>:
    18da:	30 1f 20    	mov.w     #0x1f3, w0
    18dc:	9e 00 78    	mov.w     [w14], w1
    18de:	80 8f 50    	sub.w     w1, w0, [w15]
    18e0:	f3 ff 34    	bra       LE, 0x18c8 <.L25>
    18e2:	01 00 37    	bra       0x18e6 <.L24>

000018e4 <.L29>:
    18e4:	00 00 00    	nop       

000018e6 <.L24>:

    if (i == 500) {     // if i got to 500, then there was an issue`
    18e6:	40 1f 20    	mov.w     #0x1f4, w0
    18e8:	9e 00 78    	mov.w     [w14], w1
    18ea:	80 8f 50    	sub.w     w1, w0, [w15]
    18ec:	02 00 3a    	bra       NZ, 0x18f2 <.L26>
        return(1); }    // return 1 to indicate failure
    18ee:	10 c0 b3    	mov.b     #0x1, w0
    18f0:	0c 00 37    	bra       0x190a <.L27>

000018f2 <.L26>:

   if (I2C3STATbits.ACKSTAT == 1){   // Check for NO_ACK from slave,
    18f2:	c1 13 80    	mov.w     0x278, w1
    18f4:	00 00 28    	mov.w     #0x8000, w0
    18f6:	00 80 60    	and.w     w1, w0, w0
    18f8:	00 00 e0    	cp0.w     w0
    18fa:	03 00 32    	bra       Z, 0x1902 <.L28>
      reset_i2c_bus();
    18fc:	bd ff 07    	rcall     0x1878 <_reset_i2c_bus> <.LFB4> <.LFE3>
      return(1); }            // abort if not found
    18fe:	10 c0 b3    	mov.b     #0x1, w0
    1900:	04 00 37    	bra       0x190a <.L27>

00001902 <.L28>:

   delay_by_nop(2);
    1902:	20 00 20    	mov.w     #0x2, w0
    1904:	01 00 20    	mov.w     #0x0, w1
    1906:	64 ff 07    	rcall     0x17d0 <_delay_by_nop> <.L0> <.LFB0> <.LFE16> <.Letext0> <.Ltext0>
   return(0);
    1908:	00 40 eb    	clr.b     w0

0000190a <.L27>:
}
    190a:	00 80 fa    	ulnk      
    190c:	00 00 06    	return    

0000190e <_i2c_read>:


//function reads data, returns the read data, no ack
// helper function
char i2c_read(void){
    190e:	04 00 fa    	lnk       #0x4
   int i = 0;
    1910:	00 00 eb    	clr.w     w0
    1912:	00 0f 78    	mov.w     w0, [w14]
   char data = 0;
    1914:	00 40 eb    	clr.b     w0
    1916:	20 47 98    	mov.b     w0, [w14+2]
   I2C3CONbits.RCEN = 1;            //set I2C module to receive
    1918:	76 62 a8    	bset.b    0x276, #0x3

   while (!I2C3STATbits.RBF) {           //if no response, break
    191a:	05 00 37    	bra       0x1926 <.L31>

0000191c <.L33>:
      i ++;
    191c:	1e 0f e8    	inc.w     [w14], [w14]
      if (i > 2000) break;  }
    191e:	00 7d 20    	mov.w     #0x7d0, w0
    1920:	9e 00 78    	mov.w     [w14], w1
    1922:	80 8f 50    	sub.w     w1, w0, [w15]
    1924:	05 00 3c    	bra       GT, 0x1930 <.L34>

00001926 <.L31>:
    1926:	c0 13 80    	mov.w     0x278, w0
    1928:	62 00 60    	and.w     w0, #0x2, w0
    192a:	00 00 e0    	cp0.w     w0
    192c:	f7 ff 32    	bra       Z, 0x191c <.L33>
    192e:	01 00 37    	bra       0x1932 <.L32>

00001930 <.L34>:
    1930:	00 00 00    	nop       

00001932 <.L32>:

   data = I2C3RCV;       //get data from I2C3RCV register
    1932:	80 13 80    	mov.w     0x270, w0
    1934:	20 47 98    	mov.b     w0, [w14+2]
   return data;
    1936:	2e 40 90    	mov.b     [w14+2], w0
}
    1938:	00 80 fa    	ulnk      
    193a:	00 00 06    	return    

0000193c <_i2c_read_ack>:


//function reads data, returns the read data, with ack
char i2c_read_ack(void){	//does not reset bus!!!
    193c:	04 00 fa    	lnk       #0x4
   int i = 0;
    193e:	00 00 eb    	clr.w     w0
    1940:	00 0f 78    	mov.w     w0, [w14]
   char data = 0;
    1942:	00 40 eb    	clr.b     w0
    1944:	20 47 98    	mov.b     w0, [w14+2]
   I2C3CONbits.RCEN = 1;            //set I2C module to receive
    1946:	76 62 a8    	bset.b    0x276, #0x3

   while (!I2C3STATbits.RBF) {       //if no response, break
    1948:	05 00 37    	bra       0x1954 <.L36>

0000194a <.L38>:
      i++;
    194a:	1e 0f e8    	inc.w     [w14], [w14]
      if (i > 2000) break;}
    194c:	00 7d 20    	mov.w     #0x7d0, w0
    194e:	9e 00 78    	mov.w     [w14], w1
    1950:	80 8f 50    	sub.w     w1, w0, [w15]
    1952:	05 00 3c    	bra       GT, 0x195e <.L39>

00001954 <.L36>:
    1954:	c0 13 80    	mov.w     0x278, w0
    1956:	62 00 60    	and.w     w0, #0x2, w0
    1958:	00 00 e0    	cp0.w     w0
    195a:	f7 ff 32    	bra       Z, 0x194a <.L38>
    195c:	01 00 37    	bra       0x1960 <.L37>

0000195e <.L39>:
    195e:	00 00 00    	nop       

00001960 <.L37>:

   data = I2C3RCV;               //get data from I2C3RCV register
    1960:	80 13 80    	mov.w     0x270, w0
    1962:	20 47 98    	mov.b     w0, [w14+2]
   I2C3CONbits.ACKEN = 1;        //start ACK generation
    1964:	76 82 a8    	bset.b    0x276, #0x4
   delay_by_nop(10);             //wait before exiting
    1966:	a0 00 20    	mov.w     #0xa, w0
    1968:	01 00 20    	mov.w     #0x0, w1
    196a:	32 ff 07    	rcall     0x17d0 <_delay_by_nop> <.L0> <.LFB0> <.LFE16> <.Letext0> <.Ltext0>
   return data;
    196c:	2e 40 90    	mov.b     [w14+2], w0
}
    196e:	00 80 fa    	ulnk      
    1970:	00 00 06    	return    

00001972 <_i2c_read_nack>:

char i2c_read_nack(void){	//does not reset bus!!!
    1972:	04 00 fa    	lnk       #0x4
   int i = 0;
    1974:	00 00 eb    	clr.w     w0
    1976:	00 0f 78    	mov.w     w0, [w14]
   char data = 0;
    1978:	00 40 eb    	clr.b     w0
    197a:	20 47 98    	mov.b     w0, [w14+2]
   I2C3CONbits.RCEN = 1;            //set I2C module to receive
    197c:	76 62 a8    	bset.b    0x276, #0x3

   while (!I2C3STATbits.RBF) {       //if no response, break
    197e:	05 00 37    	bra       0x198a <.L41>

00001980 <.L43>:
      i++;
    1980:	1e 0f e8    	inc.w     [w14], [w14]
      if (i > 2000) break;}
    1982:	00 7d 20    	mov.w     #0x7d0, w0
    1984:	9e 00 78    	mov.w     [w14], w1
    1986:	80 8f 50    	sub.w     w1, w0, [w15]
    1988:	05 00 3c    	bra       GT, 0x1994 <.L44>

0000198a <.L41>:
    198a:	c0 13 80    	mov.w     0x278, w0
    198c:	62 00 60    	and.w     w0, #0x2, w0
    198e:	00 00 e0    	cp0.w     w0
    1990:	f7 ff 32    	bra       Z, 0x1980 <.L43>
    1992:	01 00 37    	bra       0x1996 <.L42>

00001994 <.L44>:
    1994:	00 00 00    	nop       

00001996 <.L42>:

   data = I2C3RCV;               //get data from I2C3RCV register
    1996:	80 13 80    	mov.w     0x270, w0
    1998:	20 47 98    	mov.b     w0, [w14+2]
   I2C3CONbits.ACKDT = 1;        // set mastrer to nack instead of ack
    199a:	76 a2 a8    	bset.b    0x276, #0x5
   I2C3CONbits.ACKEN = 1;        //start ack generation
    199c:	76 82 a8    	bset.b    0x276, #0x4
   delay_by_nop(10);             //wait before exiting
    199e:	a0 00 20    	mov.w     #0xa, w0
    19a0:	01 00 20    	mov.w     #0x0, w1
    19a2:	16 ff 07    	rcall     0x17d0 <_delay_by_nop> <.L0> <.LFB0> <.LFE16> <.Letext0> <.Ltext0>
   return data;
    19a4:	2e 40 90    	mov.b     [w14+2], w0
}
    19a6:	00 80 fa    	ulnk      
    19a8:	00 00 06    	return    

000019aa <_I2Cwrite>:

// function puts together I2C protocol for random write
void I2Cwrite(char addr, char subaddr, char value){
    19aa:	04 00 fa    	lnk       #0x4
    19ac:	00 4f 78    	mov.b     w0, [w14]
    19ae:	11 47 98    	mov.b     w1, [w14+1]
    19b0:	22 47 98    	mov.b     w2, [w14+2]
   i2c_start();
    19b2:	2e ff 07    	rcall     0x1810 <_i2c_start> <.LFB2> <.LFE1>
   send_i2c_byte(addr & 0xfffe); // set /W bit, turns least sig, bit to 0
    19b4:	1e 00 fb    	se        [w14], w0
    19b6:	80 00 78    	mov.w     w0, w1
    19b8:	e0 ff 2f    	mov.w     #0xfffe, w0
    19ba:	00 80 60    	and.w     w1, w0, w0
    19bc:	78 ff 07    	rcall     0x18ae <_send_i2c_byte> <.LFB5> <.LFE4>
   send_i2c_byte(subaddr);
    19be:	1e 40 90    	mov.b     [w14+1], w0
    19c0:	00 00 fb    	se        w0, w0
    19c2:	75 ff 07    	rcall     0x18ae <_send_i2c_byte> <.LFB5> <.LFE4>
   send_i2c_byte(value);
    19c4:	2e 40 90    	mov.b     [w14+2], w0
    19c6:	00 00 fb    	se        w0, w0
    19c8:	72 ff 07    	rcall     0x18ae <_send_i2c_byte> <.LFB5> <.LFE4>
   reset_i2c_bus();
    19ca:	56 ff 07    	rcall     0x1878 <_reset_i2c_bus> <.LFB4> <.LFE3>
}
    19cc:	00 80 fa    	ulnk      
    19ce:	00 00 06    	return    

000019d0 <_I2Cread>:

// function puts together I2C protocol for random read
char I2Cread(char addr, char subaddr){
    19d0:	04 00 fa    	lnk       #0x4
    19d2:	20 47 98    	mov.b     w0, [w14+2]
    19d4:	31 47 98    	mov.b     w1, [w14+3]
   char temp;
   i2c_start();
    19d6:	1c ff 07    	rcall     0x1810 <_i2c_start> <.LFB2> <.LFE1>
   send_i2c_byte(addr);
    19d8:	2e 40 90    	mov.b     [w14+2], w0
    19da:	00 00 fb    	se        w0, w0
    19dc:	68 ff 07    	rcall     0x18ae <_send_i2c_byte> <.LFB5> <.LFE4>
   send_i2c_byte(subaddr);
    19de:	3e 40 90    	mov.b     [w14+3], w0
    19e0:	00 00 fb    	se        w0, w0
    19e2:	65 ff 07    	rcall     0x18ae <_send_i2c_byte> <.LFB5> <.LFE4>
   delay_by_nop(10);
    19e4:	a0 00 20    	mov.w     #0xa, w0
    19e6:	01 00 20    	mov.w     #0x0, w1
    19e8:	f3 fe 07    	rcall     0x17d0 <_delay_by_nop> <.L0> <.LFB0> <.LFE16> <.Letext0> <.Ltext0>
   i2c_restart();
    19ea:	2e ff 07    	rcall     0x1848 <_i2c_restart> <.LFB3> <.LFE2>

   send_i2c_byte(addr | 0x01); // set R bit, turn least sig. bit to 1
    19ec:	2e 40 90    	mov.b     [w14+2], w0
    19ee:	00 04 a0    	bset.b    w0, #0x0
    19f0:	00 00 fb    	se        w0, w0
    19f2:	5d ff 07    	rcall     0x18ae <_send_i2c_byte> <.LFB5> <.LFE4>
   temp = i2c_read();
    19f4:	8c ff 07    	rcall     0x190e <_i2c_read> <.LFB6> <.LFE5>
    19f6:	00 4f 78    	mov.b     w0, [w14]

   reset_i2c_bus();
    19f8:	3f ff 07    	rcall     0x1878 <_reset_i2c_bus> <.LFB4> <.LFE3>
   return temp;
    19fa:	1e 40 78    	mov.b     [w14], w0
}
    19fc:	00 80 fa    	ulnk      
    19fe:	00 00 06    	return    

00001a00 <_I2Cpoll>:

// function checks if device at addr is on bus
// 1 means it is not there, 0 means it is there
unsigned char I2Cpoll(char addr){
    1a00:	04 00 fa    	lnk       #0x4
    1a02:	20 47 98    	mov.b     w0, [w14+2]
   unsigned char temp = 0;
    1a04:	00 40 eb    	clr.b     w0
    1a06:	00 4f 78    	mov.b     w0, [w14]
   i2c_start();
    1a08:	03 ff 07    	rcall     0x1810 <_i2c_start> <.LFB2> <.LFE1>
   temp = send_i2c_byte((addr) & (0xfffe)); // set /W bit
    1a0a:	2e 40 90    	mov.b     [w14+2], w0
    1a0c:	00 00 fb    	se        w0, w0
    1a0e:	80 00 78    	mov.w     w0, w1
    1a10:	e0 ff 2f    	mov.w     #0xfffe, w0
    1a12:	00 80 60    	and.w     w1, w0, w0
    1a14:	4c ff 07    	rcall     0x18ae <_send_i2c_byte> <.LFB5> <.LFE4>
    1a16:	00 4f 78    	mov.b     w0, [w14]
   reset_i2c_bus();
    1a18:	2f ff 07    	rcall     0x1878 <_reset_i2c_bus> <.LFB4> <.LFE3>
   return temp;
    1a1a:	1e 40 78    	mov.b     [w14], w0
}
    1a1c:	00 80 fa    	ulnk      
    1a1e:	00 00 06    	return    

00001a20 <_I2Cwritearray>:

// function writes a byte array over i2c
unsigned char I2Cwritearray(char addr, char dat[], uint8_t len) {
    1a20:	08 00 fa    	lnk       #0x8
    1a22:	20 47 98    	mov.b     w0, [w14+2]
    1a24:	21 07 98    	mov.w     w1, [w14+4]
    1a26:	62 47 98    	mov.b     w2, [w14+6]
  unsigned char err = 0;
    1a28:	00 40 eb    	clr.b     w0
    1a2a:	00 4f 78    	mov.b     w0, [w14]
  i2c_start();
    1a2c:	f1 fe 07    	rcall     0x1810 <_i2c_start> <.LFB2> <.LFE1>
  err = send_i2c_byte(addr & (0xfffe)); // takes 7 bit address and adds /W bit
    1a2e:	2e 40 90    	mov.b     [w14+2], w0
    1a30:	00 00 fb    	se        w0, w0
    1a32:	80 00 78    	mov.w     w0, w1
    1a34:	e0 ff 2f    	mov.w     #0xfffe, w0
    1a36:	00 80 60    	and.w     w1, w0, w0
    1a38:	3a ff 07    	rcall     0x18ae <_send_i2c_byte> <.LFB5> <.LFE4>
    1a3a:	00 4f 78    	mov.b     w0, [w14]
  uint8_t j;
  for (j = 0; j < len; j++) { // keep sending data bytes til we're done unless it misses an ack
    1a3c:	00 40 eb    	clr.b     w0
    1a3e:	10 47 98    	mov.b     w0, [w14+1]
    1a40:	0d 00 37    	bra       0x1a5c <.L49>

00001a42 <.L50>:
    err |= send_i2c_byte(dat[j]);
    1a42:	1e 40 90    	mov.b     [w14+1], w0
    1a44:	00 80 fb    	ze        w0, w0
    1a46:	ae 00 90    	mov.w     [w14+4], w1
    1a48:	00 80 40    	add.w     w1, w0, w0
    1a4a:	10 40 78    	mov.b     [w0], w0
    1a4c:	00 00 fb    	se        w0, w0
    1a4e:	2f ff 07    	rcall     0x18ae <_send_i2c_byte> <.LFB5> <.LFE4>
    1a50:	9e 40 78    	mov.b     [w14], w1
    1a52:	01 40 70    	ior.b     w0, w1, w0
    1a54:	00 4f 78    	mov.b     w0, [w14]
    1a56:	1e 40 90    	mov.b     [w14+1], w0
    1a58:	00 40 e8    	inc.b     w0, w0
    1a5a:	10 47 98    	mov.b     w0, [w14+1]

00001a5c <.L49>:
    1a5c:	9e 40 90    	mov.b     [w14+1], w1
    1a5e:	6e 40 90    	mov.b     [w14+6], w0
    1a60:	80 cf 50    	sub.b     w1, w0, [w15]
    1a62:	ef ff 39    	bra       NC, 0x1a42 <.L50>
  }
  reset_i2c_bus();
    1a64:	09 ff 07    	rcall     0x1878 <_reset_i2c_bus> <.LFB4> <.LFE3>
  return err;
    1a66:	1e 40 78    	mov.b     [w14], w0
}
    1a68:	00 80 fa    	ulnk      
    1a6a:	00 00 06    	return    

00001a6c <_main>:
    1a6c:	82 00 fa    	lnk       #0x82
    1a6e:	00 10 20    	mov.w     #0x100, w0
    1a70:	20 3a 88    	mov.w     w0, 0x744
    1a72:	80 3e 20    	mov.w     #0x3e8, w0
    1a74:	c0 fe 07    	rcall     0x17f6 <_i2c_init> <.LFB1> <.LFE0>
    1a76:	6c 00 47    	add.w     w14, #0xc, w0
    1a78:	12 c4 b3    	mov.b     #0x41, w2
    1a7a:	61 c0 b3    	mov.b     #0x6, w1
    1a7c:	e0 fc 07    	rcall     0x143e <_lcd_init> <.LFB5> <.LFE4>
    1a7e:	71 00 47    	add.w     w14, #0x11, w0
    1a80:	12 c4 b3    	mov.b     #0x41, w2
    1a82:	71 c0 b3    	mov.b     #0x7, w1
    1a84:	dc fc 07    	rcall     0x143e <_lcd_init> <.LFB5> <.LFE4>
    1a86:	76 00 47    	add.w     w14, #0x16, w0
    1a88:	12 c4 b3    	mov.b     #0x41, w2
    1a8a:	51 c0 b3    	mov.b     #0x5, w1
    1a8c:	d8 fc 07    	rcall     0x143e <_lcd_init> <.LFB5> <.LFE4>
    1a8e:	6c 00 47    	add.w     w14, #0xc, w0
    1a90:	6a fd 07    	rcall     0x1566 <_lcd_clear> <.LFB8> <.LFE7>
    1a92:	71 00 47    	add.w     w14, #0x11, w0
    1a94:	68 fd 07    	rcall     0x1566 <_lcd_clear> <.LFB8> <.LFE7>
    1a96:	76 00 47    	add.w     w14, #0x16, w0
    1a98:	66 fd 07    	rcall     0x1566 <_lcd_clear> <.LFB8> <.LFE7>
    1a9a:	30 2b 29    	mov.w     #0x92b3, w0
    1a9c:	fb 00 47    	add.w     w14, #0x1b, w1
    1a9e:	0a 00 09    	repeat    #0xa
    1aa0:	b0 58 78    	mov.b     [w0++], [w1++]
    1aa2:	b0 00 b1    	sub.w     #0xb, w0
    1aa4:	8e 00 78    	mov.w     w14, w1
    1aa6:	61 02 b0    	add.w     #0x26, w1
    1aa8:	05 00 09    	repeat    #0x5
    1aaa:	80 58 eb    	clr.b     [w1++]
    1aac:	7b 0f 47    	add.w     w14, #0x1b, [w14]
    1aae:	c0 02 20    	mov.w     #0x2c, w0
    1ab0:	0e 00 40    	add.w     w0, w14, w0
    1ab2:	42 94 26    	mov.w     #0x6944, w2
    1ab4:	33 07 27    	mov.w     #0x7073, w3
    1ab6:	02 88 be    	mov.d     w2, [w0]
    1ab8:	64 00 40    	add.w     w0, #0x4, w0
    1aba:	12 c3 24    	mov.w     #0x4c31, w2
    1abc:	93 e6 26    	mov.w     #0x6e69, w3
    1abe:	02 88 be    	mov.d     w2, [w0]
    1ac0:	64 00 40    	add.w     w0, #0x4, w0
    1ac2:	52 26 23    	mov.w     #0x3265, w2
    1ac4:	03 00 20    	mov.w     #0x0, w3
    1ac6:	02 88 be    	mov.d     w2, [w0]
    1ac8:	64 00 40    	add.w     w0, #0x4, w0
    1aca:	01 00 09    	repeat    #0x1
    1acc:	00 18 eb    	clr.w     [w0++]
    1ace:	00 58 eb    	clr.b     [w0++]
    1ad0:	50 00 b1    	sub.w     #0x5, w0
    1ad2:	c0 02 20    	mov.w     #0x2c, w0
    1ad4:	0e 00 40    	add.w     w0, w14, w0
    1ad6:	10 07 98    	mov.w     w0, [w14+2]
    1ad8:	40 2c 29    	mov.w     #0x92c4, w0
    1ada:	d1 03 20    	mov.w     #0x3d, w1
    1adc:	81 00 47    	add.w     w14, w1, w1
    1ade:	0a 00 09    	repeat    #0xa
    1ae0:	b0 58 78    	mov.b     [w0++], [w1++]
    1ae2:	b0 00 b1    	sub.w     #0xb, w0
    1ae4:	8e 00 78    	mov.w     w14, w1
    1ae6:	81 04 b0    	add.w     #0x48, w1
    1ae8:	05 00 09    	repeat    #0x5
    1aea:	80 58 eb    	clr.b     [w1++]
    1aec:	d0 03 20    	mov.w     #0x3d, w0
    1aee:	0e 00 40    	add.w     w0, w14, w0
    1af0:	20 07 98    	mov.w     w0, [w14+4]
    1af2:	e0 04 20    	mov.w     #0x4e, w0
    1af4:	0e 00 40    	add.w     w0, w14, w0
    1af6:	42 94 26    	mov.w     #0x6944, w2
    1af8:	33 07 27    	mov.w     #0x7073, w3
    1afa:	02 88 be    	mov.d     w2, [w0]
    1afc:	64 00 40    	add.w     w0, #0x4, w0
    1afe:	22 c3 24    	mov.w     #0x4c32, w2
    1b00:	93 e6 26    	mov.w     #0x6e69, w3
    1b02:	02 88 be    	mov.d     w2, [w0]
    1b04:	64 00 40    	add.w     w0, #0x4, w0
    1b06:	52 26 23    	mov.w     #0x3265, w2
    1b08:	03 00 20    	mov.w     #0x0, w3
    1b0a:	02 88 be    	mov.d     w2, [w0]
    1b0c:	64 00 40    	add.w     w0, #0x4, w0
    1b0e:	01 00 09    	repeat    #0x1
    1b10:	00 18 eb    	clr.w     [w0++]
    1b12:	00 58 eb    	clr.b     [w0++]
    1b14:	50 00 b1    	sub.w     #0x5, w0
    1b16:	e0 04 20    	mov.w     #0x4e, w0
    1b18:	0e 00 40    	add.w     w0, w14, w0
    1b1a:	30 07 98    	mov.w     w0, [w14+6]
    1b1c:	50 2d 29    	mov.w     #0x92d5, w0
    1b1e:	f1 05 20    	mov.w     #0x5f, w1
    1b20:	81 00 47    	add.w     w14, w1, w1
    1b22:	0a 00 09    	repeat    #0xa
    1b24:	b0 58 78    	mov.b     [w0++], [w1++]
    1b26:	b0 00 b1    	sub.w     #0xb, w0
    1b28:	8e 00 78    	mov.w     w14, w1
    1b2a:	a1 06 b0    	add.w     #0x6a, w1
    1b2c:	05 00 09    	repeat    #0x5
    1b2e:	80 58 eb    	clr.b     [w1++]
    1b30:	f0 05 20    	mov.w     #0x5f, w0
    1b32:	0e 00 40    	add.w     w0, w14, w0
    1b34:	40 07 98    	mov.w     w0, [w14+8]
    1b36:	00 07 20    	mov.w     #0x70, w0
    1b38:	0e 00 40    	add.w     w0, w14, w0
    1b3a:	42 94 26    	mov.w     #0x6944, w2
    1b3c:	33 07 27    	mov.w     #0x7073, w3
    1b3e:	02 88 be    	mov.d     w2, [w0]
    1b40:	64 00 40    	add.w     w0, #0x4, w0
    1b42:	32 c3 24    	mov.w     #0x4c33, w2
    1b44:	93 e6 26    	mov.w     #0x6e69, w3
    1b46:	02 88 be    	mov.d     w2, [w0]
    1b48:	64 00 40    	add.w     w0, #0x4, w0
    1b4a:	52 26 23    	mov.w     #0x3265, w2
    1b4c:	03 00 20    	mov.w     #0x0, w3
    1b4e:	02 88 be    	mov.d     w2, [w0]
    1b50:	64 00 40    	add.w     w0, #0x4, w0
    1b52:	01 00 09    	repeat    #0x1
    1b54:	00 18 eb    	clr.w     [w0++]
    1b56:	00 58 eb    	clr.b     [w0++]
    1b58:	50 00 b1    	sub.w     #0x5, w0
    1b5a:	00 07 20    	mov.w     #0x70, w0
    1b5c:	0e 00 40    	add.w     w0, w14, w0
    1b5e:	50 07 98    	mov.w     w0, [w14+10]
    1b60:	6c 00 47    	add.w     w14, #0xc, w0
    1b62:	1e 01 90    	mov.w     [w14+2], w2
    1b64:	81 2a 29    	mov.w     #0x92a8, w1
    1b66:	5c fd 07    	rcall     0x1620 <_lcd_print2> <.LFB13> <.LFE12>
    1b68:	71 00 47    	add.w     w14, #0x11, w0
    1b6a:	3e 01 90    	mov.w     [w14+6], w2
    1b6c:	ae 00 90    	mov.w     [w14+4], w1
    1b6e:	58 fd 07    	rcall     0x1620 <_lcd_print2> <.LFB13> <.LFE12>
    1b70:	76 00 47    	add.w     w14, #0x16, w0
    1b72:	5e 01 90    	mov.w     [w14+10], w2
    1b74:	ce 00 90    	mov.w     [w14+8], w1
    1b76:	54 fd 07    	rcall     0x1620 <_lcd_print2> <.LFB13> <.LFE12>

00001b78 <.L2>:
    1b78:	ff ff 37    	bra       .

00001b7a <_parity>:

#include "common.h"

uint8_t parity(uint16_t v)
{
    1b7a:	02 00 fa    	lnk       #0x2
    1b7c:	00 0f 78    	mov.w     w0, [w14]
    v ^= v >> 8;
    1b7e:	1e 00 78    	mov.w     [w14], w0
    1b80:	48 00 de    	lsr.w     w0, #0x8, w0
    1b82:	1e 0f 68    	xor.w     w0, [w14], [w14]
    v ^= v >> 4;
    1b84:	1e 00 78    	mov.w     [w14], w0
    1b86:	44 00 de    	lsr.w     w0, #0x4, w0
    1b88:	1e 0f 68    	xor.w     w0, [w14], [w14]
    v ^= v >> 2;
    1b8a:	1e 00 78    	mov.w     [w14], w0
    1b8c:	42 00 de    	lsr.w     w0, #0x2, w0
    1b8e:	1e 0f 68    	xor.w     w0, [w14], [w14]
    v ^= v >> 1;
    1b90:	1e 00 78    	mov.w     [w14], w0
    1b92:	00 00 d1    	lsr.w     w0, w0
    1b94:	1e 0f 68    	xor.w     w0, [w14], [w14]
    return v & 1;
    1b96:	1e 00 78    	mov.w     [w14], w0
    1b98:	00 40 78    	mov.b     w0, w0
    1b9a:	61 40 60    	and.b     w0, #0x1, w0
}
    1b9c:	00 80 fa    	ulnk      
    1b9e:	00 00 06    	return    
Disassembly of section .dinit:

00001ba0 <.dinit>:
    1ba0:	00 08 00    	nop       
    1ba2:	10 00 00    	nop       
    1ba4:	80 00 00    	nop       
    1ba6:	00 00 00    	nop       
Disassembly of section .isr:

00001ba8 <__DefaultInterrupt>:
    1ba8:	00 40 da    	break     
    1baa:	00 00 fe    	reset     
