
template_peripheral.elf:     file format elf32-pic30

Disassembly of section .aivt._AltADC1Interrupt:

0000012e <.aivt._AltADC1Interrupt>:
 12e:	5e 19 00    	nop       
Disassembly of section .aivt._AltAddressError:

00000108 <.aivt._AltAddressError>:
 108:	5e 19 00    	nop       
Disassembly of section .aivt._AltCNInterrupt:

0000013a <.aivt._AltCNInterrupt>:
 13a:	5e 19 00    	nop       
Disassembly of section .aivt._AltCRCInterrupt:

0000019a <.aivt._AltCRCInterrupt>:
 19a:	5e 19 00    	nop       
Disassembly of section .aivt._AltCTMUInterrupt:

000001ae <.aivt._AltCTMUInterrupt>:
 1ae:	5e 19 00    	nop       
Disassembly of section .aivt._AltCompInterrupt:

00000138 <.aivt._AltCompInterrupt>:
 138:	5e 19 00    	nop       
Disassembly of section .aivt._AltIC1Interrupt:

00000116 <.aivt._AltIC1Interrupt>:
 116:	5e 19 00    	nop       
Disassembly of section .aivt._AltIC2Interrupt:

0000011e <.aivt._AltIC2Interrupt>:
 11e:	5e 19 00    	nop       
Disassembly of section .aivt._AltIC3Interrupt:

0000015e <.aivt._AltIC3Interrupt>:
 15e:	5e 19 00    	nop       
Disassembly of section .aivt._AltIC4Interrupt:

00000160 <.aivt._AltIC4Interrupt>:
 160:	5e 19 00    	nop       
Disassembly of section .aivt._AltIC5Interrupt:

00000162 <.aivt._AltIC5Interrupt>:
 162:	5e 19 00    	nop       
Disassembly of section .aivt._AltIC6Interrupt:

00000164 <.aivt._AltIC6Interrupt>:
 164:	5e 19 00    	nop       
Disassembly of section .aivt._AltIC7Interrupt:

00000140 <.aivt._AltIC7Interrupt>:
 140:	5e 19 00    	nop       
Disassembly of section .aivt._AltIC8Interrupt:

00000142 <.aivt._AltIC8Interrupt>:
 142:	5e 19 00    	nop       
Disassembly of section .aivt._AltIC9Interrupt:

000001ce <.aivt._AltIC9Interrupt>:
 1ce:	5e 19 00    	nop       
Disassembly of section .aivt._AltINT0Interrupt:

00000114 <.aivt._AltINT0Interrupt>:
 114:	5e 19 00    	nop       
Disassembly of section .aivt._AltINT1Interrupt:

0000013c <.aivt._AltINT1Interrupt>:
 13c:	5e 19 00    	nop       
Disassembly of section .aivt._AltINT2Interrupt:

0000014e <.aivt._AltINT2Interrupt>:
 14e:	5e 19 00    	nop       
Disassembly of section .aivt._AltINT3Interrupt:

0000017e <.aivt._AltINT3Interrupt>:
 17e:	5e 19 00    	nop       
Disassembly of section .aivt._AltINT4Interrupt:

00000180 <.aivt._AltINT4Interrupt>:
 180:	5e 19 00    	nop       
Disassembly of section .aivt._AltInterrupt14:

00000130 <.aivt._AltInterrupt14>:
 130:	5e 19 00    	nop       
Disassembly of section .aivt._AltInterrupt15:

00000132 <.aivt._AltInterrupt15>:
 132:	5e 19 00    	nop       
Disassembly of section .aivt._AltInterrupt21:

0000013e <.aivt._AltInterrupt21>:
 13e:	5e 19 00    	nop       
Disassembly of section .aivt._AltInterrupt24:

00000144 <.aivt._AltInterrupt24>:
 144:	5e 19 00    	nop       
Disassembly of section .aivt._AltInterrupt34:

00000158 <.aivt._AltInterrupt34>:
 158:	5e 19 00    	nop       
Disassembly of section .aivt._AltInterrupt35:

0000015a <.aivt._AltInterrupt35>:
 15a:	5e 19 00    	nop       
Disassembly of section .aivt._AltInterrupt36:

0000015c <.aivt._AltInterrupt36>:
 15c:	5e 19 00    	nop       
Disassembly of section .aivt._AltInterrupt4:

0000011c <.aivt._AltInterrupt4>:
 11c:	5e 19 00    	nop       
Disassembly of section .aivt._AltInterrupt46:

00000170 <.aivt._AltInterrupt46>:
 170:	5e 19 00    	nop       
Disassembly of section .aivt._AltInterrupt47:

00000172 <.aivt._AltInterrupt47>:
 172:	5e 19 00    	nop       
Disassembly of section .aivt._AltInterrupt48:

00000174 <.aivt._AltInterrupt48>:
 174:	5e 19 00    	nop       
Disassembly of section .aivt._AltInterrupt51:

0000017a <.aivt._AltInterrupt51>:
 17a:	5e 19 00    	nop       
Disassembly of section .aivt._AltInterrupt52:

0000017c <.aivt._AltInterrupt52>:
 17c:	5e 19 00    	nop       
Disassembly of section .aivt._AltInterrupt55:

00000182 <.aivt._AltInterrupt55>:
 182:	5e 19 00    	nop       
Disassembly of section .aivt._AltInterrupt56:

00000184 <.aivt._AltInterrupt56>:
 184:	5e 19 00    	nop       
Disassembly of section .aivt._AltInterrupt57:

00000186 <.aivt._AltInterrupt57>:
 186:	5e 19 00    	nop       
Disassembly of section .aivt._AltInterrupt58:

00000188 <.aivt._AltInterrupt58>:
 188:	5e 19 00    	nop       
Disassembly of section .aivt._AltInterrupt59:

0000018a <.aivt._AltInterrupt59>:
 18a:	5e 19 00    	nop       
Disassembly of section .aivt._AltInterrupt60:

0000018c <.aivt._AltInterrupt60>:
 18c:	5e 19 00    	nop       
Disassembly of section .aivt._AltInterrupt61:

0000018e <.aivt._AltInterrupt61>:
 18e:	5e 19 00    	nop       
Disassembly of section .aivt._AltInterrupt63:

00000192 <.aivt._AltInterrupt63>:
 192:	5e 19 00    	nop       
Disassembly of section .aivt._AltInterrupt64:

00000194 <.aivt._AltInterrupt64>:
 194:	5e 19 00    	nop       
Disassembly of section .aivt._AltInterrupt68:

0000019c <.aivt._AltInterrupt68>:
 19c:	5e 19 00    	nop       
Disassembly of section .aivt._AltInterrupt69:

0000019e <.aivt._AltInterrupt69>:
 19e:	5e 19 00    	nop       
Disassembly of section .aivt._AltInterrupt70:

000001a0 <.aivt._AltInterrupt70>:
 1a0:	5e 19 00    	nop       
Disassembly of section .aivt._AltInterrupt71:

000001a2 <.aivt._AltInterrupt71>:
 1a2:	5e 19 00    	nop       
Disassembly of section .aivt._AltInterrupt73:

000001a6 <.aivt._AltInterrupt73>:
 1a6:	5e 19 00    	nop       
Disassembly of section .aivt._AltInterrupt74:

000001a8 <.aivt._AltInterrupt74>:
 1a8:	5e 19 00    	nop       
Disassembly of section .aivt._AltInterrupt75:

000001aa <.aivt._AltInterrupt75>:
 1aa:	5e 19 00    	nop       
Disassembly of section .aivt._AltInterrupt76:

000001ac <.aivt._AltInterrupt76>:
 1ac:	5e 19 00    	nop       
Disassembly of section .aivt._AltInterrupt78:

000001b0 <.aivt._AltInterrupt78>:
 1b0:	5e 19 00    	nop       
Disassembly of section .aivt._AltInterrupt79:

000001b2 <.aivt._AltInterrupt79>:
 1b2:	5e 19 00    	nop       
Disassembly of section .aivt._AltInterrupt80:

000001b4 <.aivt._AltInterrupt80>:
 1b4:	5e 19 00    	nop       
Disassembly of section .aivt._AltLVDInterrupt:

000001a4 <.aivt._AltLVDInterrupt>:
 1a4:	5e 19 00    	nop       
Disassembly of section .aivt._AltMI2C1Interrupt:

00000136 <.aivt._AltMI2C1Interrupt>:
 136:	5e 19 00    	nop       
Disassembly of section .aivt._AltMI2C2Interrupt:

00000178 <.aivt._AltMI2C2Interrupt>:
 178:	5e 19 00    	nop       
Disassembly of section .aivt._AltMI2C3Interrupt:

000001be <.aivt._AltMI2C3Interrupt>:
 1be:	5e 19 00    	nop       
Disassembly of section .aivt._AltMathError:

0000010c <.aivt._AltMathError>:
 10c:	5e 19 00    	nop       
Disassembly of section .aivt._AltOC1Interrupt:

00000118 <.aivt._AltOC1Interrupt>:
 118:	5e 19 00    	nop       
Disassembly of section .aivt._AltOC2Interrupt:

00000120 <.aivt._AltOC2Interrupt>:
 120:	5e 19 00    	nop       
Disassembly of section .aivt._AltOC3Interrupt:

00000146 <.aivt._AltOC3Interrupt>:
 146:	5e 19 00    	nop       
Disassembly of section .aivt._AltOC4Interrupt:

00000148 <.aivt._AltOC4Interrupt>:
 148:	5e 19 00    	nop       
Disassembly of section .aivt._AltOC5Interrupt:

00000166 <.aivt._AltOC5Interrupt>:
 166:	5e 19 00    	nop       
Disassembly of section .aivt._AltOC6Interrupt:

00000168 <.aivt._AltOC6Interrupt>:
 168:	5e 19 00    	nop       
Disassembly of section .aivt._AltOC7Interrupt:

0000016a <.aivt._AltOC7Interrupt>:
 16a:	5e 19 00    	nop       
Disassembly of section .aivt._AltOC8Interrupt:

0000016c <.aivt._AltOC8Interrupt>:
 16c:	5e 19 00    	nop       
Disassembly of section .aivt._AltOC9Interrupt:

000001cc <.aivt._AltOC9Interrupt>:
 1cc:	5e 19 00    	nop       
Disassembly of section .aivt._AltOscillatorFail:

00000106 <.aivt._AltOscillatorFail>:
 106:	5e 19 00    	nop       
Disassembly of section .aivt._AltPMPInterrupt:

0000016e <.aivt._AltPMPInterrupt>:
 16e:	5e 19 00    	nop       
Disassembly of section .aivt._AltRTCCInterrupt:

00000190 <.aivt._AltRTCCInterrupt>:
 190:	5e 19 00    	nop       
Disassembly of section .aivt._AltReservedTrap0:

00000104 <.aivt._AltReservedTrap0>:
 104:	5e 19 00    	nop       
Disassembly of section .aivt._AltReservedTrap5:

0000010e <.aivt._AltReservedTrap5>:
 10e:	5e 19 00    	nop       
Disassembly of section .aivt._AltReservedTrap6:

00000110 <.aivt._AltReservedTrap6>:
 110:	5e 19 00    	nop       
Disassembly of section .aivt._AltReservedTrap7:

00000112 <.aivt._AltReservedTrap7>:
 112:	5e 19 00    	nop       
Disassembly of section .aivt._AltSI2C1Interrupt:

00000134 <.aivt._AltSI2C1Interrupt>:
 134:	5e 19 00    	nop       
Disassembly of section .aivt._AltSI2C2Interrupt:

00000176 <.aivt._AltSI2C2Interrupt>:
 176:	5e 19 00    	nop       
Disassembly of section .aivt._AltSI2C3Interrupt:

000001bc <.aivt._AltSI2C3Interrupt>:
 1bc:	5e 19 00    	nop       
Disassembly of section .aivt._AltSPI1ErrInterrupt:

00000126 <.aivt._AltSPI1ErrInterrupt>:
 126:	5e 19 00    	nop       
Disassembly of section .aivt._AltSPI1Interrupt:

00000128 <.aivt._AltSPI1Interrupt>:
 128:	5e 19 00    	nop       
Disassembly of section .aivt._AltSPI2ErrInterrupt:

00000154 <.aivt._AltSPI2ErrInterrupt>:
 154:	5e 19 00    	nop       
Disassembly of section .aivt._AltSPI2Interrupt:

00000156 <.aivt._AltSPI2Interrupt>:
 156:	5e 19 00    	nop       
Disassembly of section .aivt._AltSPI3ErrInterrupt:

000001c8 <.aivt._AltSPI3ErrInterrupt>:
 1c8:	5e 19 00    	nop       
Disassembly of section .aivt._AltSPI3Interrupt:

000001ca <.aivt._AltSPI3Interrupt>:
 1ca:	5e 19 00    	nop       
Disassembly of section .aivt._AltStackError:

0000010a <.aivt._AltStackError>:
 10a:	5e 19 00    	nop       
Disassembly of section .aivt._AltT1Interrupt:

0000011a <.aivt._AltT1Interrupt>:
 11a:	5e 19 00    	nop       
Disassembly of section .aivt._AltT2Interrupt:

00000122 <.aivt._AltT2Interrupt>:
 122:	5e 19 00    	nop       
Disassembly of section .aivt._AltT3Interrupt:

00000124 <.aivt._AltT3Interrupt>:
 124:	5e 19 00    	nop       
Disassembly of section .aivt._AltT4Interrupt:

0000014a <.aivt._AltT4Interrupt>:
 14a:	5e 19 00    	nop       
Disassembly of section .aivt._AltT5Interrupt:

0000014c <.aivt._AltT5Interrupt>:
 14c:	5e 19 00    	nop       
Disassembly of section .aivt._AltU1ErrInterrupt:

00000196 <.aivt._AltU1ErrInterrupt>:
 196:	5e 19 00    	nop       
Disassembly of section .aivt._AltU1RXInterrupt:

0000012a <.aivt._AltU1RXInterrupt>:
 12a:	5e 19 00    	nop       
Disassembly of section .aivt._AltU1TXInterrupt:

0000012c <.aivt._AltU1TXInterrupt>:
 12c:	5e 19 00    	nop       
Disassembly of section .aivt._AltU2ErrInterrupt:

00000198 <.aivt._AltU2ErrInterrupt>:
 198:	5e 19 00    	nop       
Disassembly of section .aivt._AltU2RXInterrupt:

00000150 <.aivt._AltU2RXInterrupt>:
 150:	5e 19 00    	nop       
Disassembly of section .aivt._AltU2TXInterrupt:

00000152 <.aivt._AltU2TXInterrupt>:
 152:	5e 19 00    	nop       
Disassembly of section .aivt._AltU3ErrInterrupt:

000001b6 <.aivt._AltU3ErrInterrupt>:
 1b6:	5e 19 00    	nop       
Disassembly of section .aivt._AltU3RXInterrupt:

000001b8 <.aivt._AltU3RXInterrupt>:
 1b8:	5e 19 00    	nop       
Disassembly of section .aivt._AltU3TXInterrupt:

000001ba <.aivt._AltU3TXInterrupt>:
 1ba:	5e 19 00    	nop       
Disassembly of section .aivt._AltU4ErrInterrupt:

000001c2 <.aivt._AltU4ErrInterrupt>:
 1c2:	5e 19 00    	nop       
Disassembly of section .aivt._AltU4RXInterrupt:

000001c4 <.aivt._AltU4RXInterrupt>:
 1c4:	5e 19 00    	nop       
Disassembly of section .aivt._AltU4TXInterrupt:

000001c6 <.aivt._AltU4TXInterrupt>:
 1c6:	5e 19 00    	nop       
Disassembly of section .aivt._AltUSB1Interrupt:

000001c0 <.aivt._AltUSB1Interrupt>:
 1c0:	5e 19 00    	nop       
Disassembly of section .reset:

00000000 <.reset>:
   0:	10 11 04    	goto      0x1110 <__reset>
   2:	00 00 00 
Disassembly of section .text:

00001110 <__reset>:
    1110:	2f 81 20    	mov.w     #0x812, w15
    1112:	0e ff 27    	mov.w     #0x7ff0, w14
    1114:	0e 01 88    	mov.w     w14, 0x20
    1116:	00 00 00    	nop       
    1118:	00 00 20    	mov.w     #0x0, w0
    111a:	00 00 e0    	cp0.w     w0
    111c:	02 00 32    	bra       Z, 0x1122 <CORCON_RESET>
    111e:	00 01 20    	mov.w     #0x10, w0
    1120:	20 02 88    	mov.w     w0, 0x44

00001122 <CORCON_RESET>:
    1122:	14 00 07    	rcall     0x114c <__psv_init>
    1124:	81 00 07    	rcall     0x1228 <__crt_start_mode> <__crt_start_mode_normal>
    1126:	00 00 e0    	cp0.w     w0
    1128:	03 00 3a    	bra       NZ, 0x1130 <L11>
    112a:	00 95 21    	mov.w     #0x1950, w0
    112c:	01 00 20    	mov.w     #0x0, w1
    112e:	02 00 37    	bra       0x1134 <L21>

00001130 <L11>:
    1130:	00 00 20    	mov.w     #0x0, w0
    1132:	01 00 20    	mov.w     #0x0, w1

00001134 <L21>:
    1134:	81 0f 70    	ior.w     w0, w1, [w15]
    1136:	01 00 32    	bra       Z, 0x113a <L12>
    1138:	14 00 07    	rcall     0x1162 <__data_init> <__data_init_da>

0000113a <L12>:
    113a:	00 00 20    	mov.w     #0x0, w0
    113c:	00 00 e0    	cp0.w     w0
    113e:	02 00 32    	bra       Z, 0x1144 <L13>
    1140:	00 00 02    	call      0x0 <__DEFAULT_VECTOR-0x110c>
    1142:	00 00 00 

00001144 <L13>:
    1144:	ce 16 02    	call      0x16ce <_main>
    1146:	00 00 00 
    1148:	00 40 da    	break     
    114a:	00 00 fe    	reset     

0000114c <__psv_init>:
    114c:	44 40 a9    	bclr.b    0x44, #0x2
    114e:	20 00 20    	mov.w     #0x2, w0
    1150:	00 00 e0    	cp0.w     w0
    1152:	03 00 32    	bra       Z, 0x115a <L14>
    1154:	10 00 20    	mov.w     #0x1, w0
    1156:	90 01 88    	mov.w     w0, 0x32
    1158:	44 40 a8    	bset.b    0x44, #0x2

0000115a <L14>:
    115a:	00 00 06    	return    

0000115c <__long_indirect_call>:
    115c:	8a 1f 78    	mov.w     w10, [w15++]
    115e:	8b 1f 78    	mov.w     w11, [w15++]
    1160:	00 00 06    	return    

00001162 <__data_init>:
    1162:	a1 02 88    	mov.w     w1, 0x54
    1164:	80 04 78    	mov.w     w0, w9
    1166:	00 00 eb    	clr.w     w0
    1168:	1f 00 37    	bra       0x11a8 <L41>

0000116a <L11>:
    116a:	e2 84 44    	add.w     w9, #0x2, w9
    116c:	54 a0 b4    	addc.w    0x54
    116e:	99 05 ba    	tblrdl.w  [w9], w11
    1170:	e2 84 44    	add.w     w9, #0x2, w9
    1172:	54 a0 b4    	addc.w    0x54
    1174:	99 06 ba    	tblrdl.w  [w9], w13
    1176:	e2 84 44    	add.w     w9, #0x2, w9
    1178:	54 a0 b4    	addc.w    0x54
    117a:	00 06 eb    	clr.w     w12
    117c:	47 6f de    	lsr.w     w13, #0x7, w14
    117e:	fd 07 b2    	and.w     #0x7f, w13
    1180:	ae 01 88    	mov.w     w14, 0x34
    1182:	63 6c e1    	cp.b      w13, #0x3
    1184:	03 00 3a    	bra       NZ, 0x118c <L21>
    1186:	ea ff 07    	rcall     0x115c <__long_indirect_call>
    1188:	00 00 eb    	clr.w     w0
    118a:	0e 00 37    	bra       0x11a8 <L41>

0000118c <L21>:
    118c:	60 6c e1    	cp.b      w13, #0x0
    118e:	08 00 3a    	bra       NZ, 0x11a0 <L22>

00001190 <L91>:
    1190:	00 4d eb    	clr.b     [w10]
    1192:	0a 05 e8    	inc.w     w10, w10
    1194:	02 00 39    	bra       NC, 0x119a <L81>
    1196:	34 20 ec    	inc.w     0x34
    1198:	0a f0 a0    	bset.w    w10, #0xf

0000119a <L81>:
    119a:	8b 05 e9    	dec.w     w11, w11
    119c:	f9 ff 3e    	bra       GTU, 0x1190 <L91>
    119e:	04 00 37    	bra       0x11a8 <L41>

000011a0 <L22>:
    11a0:	61 68 e1    	cp.w      w13, #0x1
    11a2:	01 00 32    	bra       Z, 0x11a6 <L31>
    11a4:	00 86 eb    	setm.w    w12

000011a6 <L31>:
    11a6:	0b 00 07    	rcall     0x11be <L13> <__memcpyd3extended>

000011a8 <L41>:
    11a8:	19 c7 ba    	tblrdh.b  [w9], w14
    11aa:	19 05 ba    	tblrdl.w  [w9], w10
    11ac:	0e 04 e0    	cp0.b     w14
    11ae:	03 00 3a    	bra       NZ, 0x11b6 <L12>
    11b0:	0a 00 e0    	cp0.w     w10
    11b2:	db ff 3a    	bra       NZ, 0x116a <L11>
    11b4:	00 00 06    	return    

000011b6 <L12>:
    11b6:	fe 07 b2    	and.w     #0x7f, w14
    11b8:	ae 02 88    	mov.w     w14, 0x54
    11ba:	8a 04 78    	mov.w     w10, w9
    11bc:	f5 ff 37    	bra       0x11a8 <L41>

000011be <L13>:
    11be:	0c d0 a3    	btst.c    w12, #0xd
    11c0:	e2 0f 4d    	addc.w    w10, #0x2, [w15]
    11c2:	1c 00 39    	bra       NC, 0x11fc <L23>
    11c4:	89 02 78    	mov.w     w9, w5
    11c6:	35 4d ba    	tblrdl.b  [w5++], [w10]
    11c8:	0a 05 e8    	inc.w     w10, w10
    11ca:	02 00 39    	bra       NC, 0x11d0 <L32>
    11cc:	34 20 ec    	inc.w     0x34
    11ce:	0a f0 a0    	bset.w    w10, #0xf

000011d0 <L32>:
    11d0:	8b 05 e9    	dec.w     w11, w11
    11d2:	0f 00 32    	bra       Z, 0x11f2 <L42>
    11d4:	25 4d ba    	tblrdl.b  [w5--], [w10]
    11d6:	0a 05 e8    	inc.w     w10, w10
    11d8:	02 00 39    	bra       NC, 0x11de <L33>
    11da:	34 20 ec    	inc.w     0x34
    11dc:	0a f0 a0    	bset.w    w10, #0xf

000011de <L33>:
    11de:	8b 05 e9    	dec.w     w11, w11
    11e0:	08 00 32    	bra       Z, 0x11f2 <L42>
    11e2:	0c 00 e0    	cp0.w     w12
    11e4:	06 00 32    	bra       Z, 0x11f2 <L42>
    11e6:	15 cd ba    	tblrdh.b  [w5], [w10]
    11e8:	0a 05 e8    	inc.w     w10, w10
    11ea:	02 00 39    	bra       NC, 0x11f0 <L34>
    11ec:	34 20 ec    	inc.w     0x34
    11ee:	0a f0 a0    	bset.w    w10, #0xf

000011f0 <L34>:
    11f0:	8b 05 e9    	dec.w     w11, w11

000011f2 <L42>:
    11f2:	89 84 e8    	inc2.w    w9, w9
    11f4:	54 a0 b4    	addc.w    0x54
    11f6:	0b 00 e0    	cp0.w     w11
    11f8:	e2 ff 3a    	bra       NZ, 0x11be <L13> <__memcpyd3extended>
    11fa:	00 00 06    	return    

000011fc <L23>:
    11fc:	99 02 ba    	tblrdl.w  [w9], w5
    11fe:	05 5d 78    	mov.b     w5, [w10++]
    1200:	8b 05 e9    	dec.w     w11, w11
    1202:	f7 ff 32    	bra       Z, 0x11f2 <L42>
    1204:	c8 2a de    	lsr.w     w5, #0x8, w5
    1206:	05 5d 78    	mov.b     w5, [w10++]
    1208:	8b 05 e9    	dec.w     w11, w11
    120a:	f3 ff 32    	bra       Z, 0x11f2 <L42>
    120c:	0c 00 e0    	cp0.w     w12
    120e:	f1 ff 32    	bra       Z, 0x11f2 <L42>
    1210:	19 dd ba    	tblrdh.b  [w9], [w10++]
    1212:	ee ff 37    	bra       0x11f0 <L34>

00001214 <.handle>:
    1214:	ec 16 04    	goto      0x16ec <_setup>
    1216:	00 00 00 
    1218:	14 17 04    	goto      0x1714 <_run>
    121a:	00 00 00 
    121c:	c0 17 04    	goto      0x17c0 <_end_win>
    121e:	00 00 00 
    1220:	e8 17 04    	goto      0x17e8 <_end_fail>
    1222:	00 00 00 
    1224:	82 17 04    	goto      0x1782 <_solved>
    1226:	00 00 00 

00001228 <__crt_start_mode>:
    1228:	00 00 05    	retlw.w   #0x0, w0
Disassembly of section .application_ivt:

00001000 <__DEFAULT_VECTOR-0x10c>:
    1000:	10 11 04    	goto      0x1110 <__reset>
    1002:	00 00 00 
    1004:	5e 19 04    	goto      0x195e <__DefaultInterrupt>
    1006:	00 00 00 
    1008:	5e 19 04    	goto      0x195e <__DefaultInterrupt>
    100a:	00 00 00 
    100c:	5e 19 04    	goto      0x195e <__DefaultInterrupt>
    100e:	00 00 00 
    1010:	5e 19 04    	goto      0x195e <__DefaultInterrupt>
    1012:	00 00 00 
    1014:	5e 19 04    	goto      0x195e <__DefaultInterrupt>
    1016:	00 00 00 
    1018:	5e 19 04    	goto      0x195e <__DefaultInterrupt>
    101a:	00 00 00 
    101c:	5e 19 04    	goto      0x195e <__DefaultInterrupt>
    101e:	00 00 00 
    1020:	5e 19 04    	goto      0x195e <__DefaultInterrupt>
    1022:	00 00 00 
    1024:	5e 19 04    	goto      0x195e <__DefaultInterrupt>
    1026:	00 00 00 
    1028:	5e 19 04    	goto      0x195e <__DefaultInterrupt>
    102a:	00 00 00 
    102c:	5e 19 04    	goto      0x195e <__DefaultInterrupt>
    102e:	00 00 00 
    1030:	5e 19 04    	goto      0x195e <__DefaultInterrupt>
    1032:	00 00 00 
    1034:	5e 19 04    	goto      0x195e <__DefaultInterrupt>
    1036:	00 00 00 
    1038:	5e 19 04    	goto      0x195e <__DefaultInterrupt>
    103a:	00 00 00 
    103c:	5e 19 04    	goto      0x195e <__DefaultInterrupt>
    103e:	00 00 00 
    1040:	5e 19 04    	goto      0x195e <__DefaultInterrupt>
    1042:	00 00 00 
    1044:	5e 19 04    	goto      0x195e <__DefaultInterrupt>
    1046:	00 00 00 
    1048:	5e 19 04    	goto      0x195e <__DefaultInterrupt>
    104a:	00 00 00 
    104c:	5e 19 04    	goto      0x195e <__DefaultInterrupt>
    104e:	00 00 00 
    1050:	5e 19 04    	goto      0x195e <__DefaultInterrupt>
    1052:	00 00 00 
    1054:	5e 19 04    	goto      0x195e <__DefaultInterrupt>
    1056:	00 00 00 
    1058:	5e 19 04    	goto      0x195e <__DefaultInterrupt>
    105a:	00 00 00 
    105c:	5e 19 04    	goto      0x195e <__DefaultInterrupt>
    105e:	00 00 00 
    1060:	5e 19 04    	goto      0x195e <__DefaultInterrupt>
    1062:	00 00 00 
    1064:	5e 19 04    	goto      0x195e <__DefaultInterrupt>
    1066:	00 00 00 
    1068:	5e 19 04    	goto      0x195e <__DefaultInterrupt>
    106a:	00 00 00 
    106c:	5e 19 04    	goto      0x195e <__DefaultInterrupt>
    106e:	00 00 00 
    1070:	5e 19 04    	goto      0x195e <__DefaultInterrupt>
    1072:	00 00 00 
    1074:	5e 19 04    	goto      0x195e <__DefaultInterrupt>
    1076:	00 00 00 
    1078:	5e 19 04    	goto      0x195e <__DefaultInterrupt>
    107a:	00 00 00 
    107c:	5e 19 04    	goto      0x195e <__DefaultInterrupt>
    107e:	00 00 00 
    1080:	5e 19 04    	goto      0x195e <__DefaultInterrupt>
    1082:	00 00 00 
    1084:	5e 19 04    	goto      0x195e <__DefaultInterrupt>
    1086:	00 00 00 
    1088:	5e 19 04    	goto      0x195e <__DefaultInterrupt>
    108a:	00 00 00 
    108c:	5e 19 04    	goto      0x195e <__DefaultInterrupt>
    108e:	00 00 00 
    1090:	5e 19 04    	goto      0x195e <__DefaultInterrupt>
    1092:	00 00 00 
    1094:	5e 19 04    	goto      0x195e <__DefaultInterrupt>
    1096:	00 00 00 
    1098:	5e 19 04    	goto      0x195e <__DefaultInterrupt>
    109a:	00 00 00 
    109c:	5e 19 04    	goto      0x195e <__DefaultInterrupt>
    109e:	00 00 00 
    10a0:	5e 19 04    	goto      0x195e <__DefaultInterrupt>
    10a2:	00 00 00 
    10a4:	5e 19 04    	goto      0x195e <__DefaultInterrupt>
    10a6:	00 00 00 
    10a8:	5e 19 04    	goto      0x195e <__DefaultInterrupt>
    10aa:	00 00 00 
    10ac:	5e 19 04    	goto      0x195e <__DefaultInterrupt>
    10ae:	00 00 00 
    10b0:	10 18 04    	goto      0x1810 <__SI2C2Interrupt>
    10b2:	00 00 00 
    10b4:	5e 19 04    	goto      0x195e <__DefaultInterrupt>
    10b6:	00 00 00 
    10b8:	5e 19 04    	goto      0x195e <__DefaultInterrupt>
    10ba:	00 00 00 
    10bc:	5e 19 04    	goto      0x195e <__DefaultInterrupt>
    10be:	00 00 00 
    10c0:	5e 19 04    	goto      0x195e <__DefaultInterrupt>
    10c2:	00 00 00 
    10c4:	5e 19 04    	goto      0x195e <__DefaultInterrupt>
    10c6:	00 00 00 
    10c8:	5e 19 04    	goto      0x195e <__DefaultInterrupt>
    10ca:	00 00 00 
    10cc:	5e 19 04    	goto      0x195e <__DefaultInterrupt>
    10ce:	00 00 00 
    10d0:	5e 19 04    	goto      0x195e <__DefaultInterrupt>
    10d2:	00 00 00 
    10d4:	5e 19 04    	goto      0x195e <__DefaultInterrupt>
    10d6:	00 00 00 
    10d8:	5e 19 04    	goto      0x195e <__DefaultInterrupt>
    10da:	00 00 00 
    10dc:	5e 19 04    	goto      0x195e <__DefaultInterrupt>
    10de:	00 00 00 
    10e0:	5e 19 04    	goto      0x195e <__DefaultInterrupt>
    10e2:	00 00 00 
    10e4:	5e 19 04    	goto      0x195e <__DefaultInterrupt>
    10e6:	00 00 00 
    10e8:	5e 19 04    	goto      0x195e <__DefaultInterrupt>
    10ea:	00 00 00 
    10ec:	5e 19 04    	goto      0x195e <__DefaultInterrupt>
    10ee:	00 00 00 
    10f0:	5e 19 04    	goto      0x195e <__DefaultInterrupt>
    10f2:	00 00 00 
    10f4:	5e 19 04    	goto      0x195e <__DefaultInterrupt>
    10f6:	00 00 00 
    10f8:	5e 19 04    	goto      0x195e <__DefaultInterrupt>
    10fa:	00 00 00 
    10fc:	5e 19 04    	goto      0x195e <__DefaultInterrupt>
    10fe:	00 00 00 
    1100:	5e 19 04    	goto      0x195e <__DefaultInterrupt>
    1102:	00 00 00 
    1104:	5e 19 04    	goto      0x195e <__DefaultInterrupt>
    1106:	00 00 00 
    1108:	5e 19 04    	goto      0x195e <__DefaultInterrupt>
    110a:	00 00 00 

0000110c <__DEFAULT_VECTOR>:
    110c:	5e 19 04    	goto      0x195e <__DefaultInterrupt>
    110e:	00 00 00 
Disassembly of section .ivt:

00000004 <.ivt>:
   4:	04 10 00    	nop       
   6:	08 10 00    	nop       
   8:	0c 10 00    	nop       
   a:	10 10 00    	nop       
   c:	14 10 00    	nop       
   e:	0c 11 00    	nop       
  10:	0c 11 00    	nop       
  12:	0c 11 00    	nop       
  14:	18 10 00    	nop       
  16:	1c 10 00    	nop       
  18:	20 10 00    	nop       
  1a:	24 10 00    	nop       
  1c:	0c 11 00    	nop       
  1e:	28 10 00    	nop       
  20:	2c 10 00    	nop       
  22:	30 10 00    	nop       
  24:	34 10 00    	nop       
  26:	38 10 00    	nop       
  28:	3c 10 00    	nop       
  2a:	40 10 00    	nop       
  2c:	44 10 00    	nop       
  2e:	48 10 00    	nop       
  30:	0c 11 00    	nop       
  32:	0c 11 00    	nop       
  34:	4c 10 00    	nop       
  36:	50 10 00    	nop       
  38:	54 10 00    	nop       
  3a:	58 10 00    	nop       
  3c:	5c 10 00    	nop       
  3e:	0c 11 00    	nop       
  40:	60 10 00    	nop       
  42:	64 10 00    	nop       
  44:	0c 11 00    	nop       
  46:	68 10 00    	nop       
  48:	6c 10 00    	nop       
  4a:	70 10 00    	nop       
  4c:	74 10 00    	nop       
  4e:	78 10 00    	nop       
  50:	7c 10 00    	nop       
  52:	80 10 00    	nop       
  54:	84 10 00    	nop       
  56:	88 10 00    	nop       
  58:	0c 11 00    	nop       
  5a:	0c 11 00    	nop       
  5c:	0c 11 00    	nop       
  5e:	8c 10 00    	nop       
  60:	90 10 00    	nop       
  62:	94 10 00    	nop       
  64:	98 10 00    	nop       
  66:	9c 10 00    	nop       
  68:	a0 10 00    	nop       
  6a:	a4 10 00    	nop       
  6c:	a8 10 00    	nop       
  6e:	ac 10 00    	nop       
  70:	0c 11 00    	nop       
  72:	0c 11 00    	nop       
  74:	0c 11 00    	nop       
  76:	b0 10 00    	nop       
  78:	b4 10 00    	nop       
  7a:	0c 11 00    	nop       
  7c:	0c 11 00    	nop       
  7e:	b8 10 00    	nop       
  80:	bc 10 00    	nop       
  82:	0c 11 00    	nop       
  84:	0c 11 00    	nop       
  86:	0c 11 00    	nop       
  88:	0c 11 00    	nop       
  8a:	0c 11 00    	nop       
  8c:	0c 11 00    	nop       
  8e:	0c 11 00    	nop       
  90:	c0 10 00    	nop       
  92:	0c 11 00    	nop       
  94:	0c 11 00    	nop       
  96:	c4 10 00    	nop       
  98:	c8 10 00    	nop       
  9a:	cc 10 00    	nop       
  9c:	0c 11 00    	nop       
  9e:	0c 11 00    	nop       
  a0:	0c 11 00    	nop       
  a2:	0c 11 00    	nop       
  a4:	d0 10 00    	nop       
  a6:	0c 11 00    	nop       
  a8:	0c 11 00    	nop       
  aa:	0c 11 00    	nop       
  ac:	0c 11 00    	nop       
  ae:	d4 10 00    	nop       
  b0:	0c 11 00    	nop       
  b2:	0c 11 00    	nop       
  b4:	0c 11 00    	nop       
  b6:	d8 10 00    	nop       
  b8:	dc 10 00    	nop       
  ba:	e0 10 00    	nop       
  bc:	e4 10 00    	nop       
  be:	e8 10 00    	nop       
  c0:	ec 10 00    	nop       
  c2:	f0 10 00    	nop       
  c4:	f4 10 00    	nop       
  c6:	f8 10 00    	nop       
  c8:	fc 10 00    	nop       
  ca:	00 11 00    	nop       
  cc:	04 11 00    	nop       
  ce:	08 11 00    	nop       
  d0:	0c 11 00    	nop       
  d2:	0c 11 00    	nop       
  d4:	0c 11 00    	nop       
  d6:	0c 11 00    	nop       
  d8:	0c 11 00    	nop       
  da:	0c 11 00    	nop       
  dc:	0c 11 00    	nop       
  de:	0c 11 00    	nop       
  e0:	0c 11 00    	nop       
  e2:	0c 11 00    	nop       
  e4:	0c 11 00    	nop       
  e6:	0c 11 00    	nop       
  e8:	0c 11 00    	nop       
  ea:	0c 11 00    	nop       
  ec:	0c 11 00    	nop       
  ee:	0c 11 00    	nop       
  f0:	0c 11 00    	nop       
  f2:	0c 11 00    	nop       
  f4:	0c 11 00    	nop       
  f6:	0c 11 00    	nop       
  f8:	0c 11 00    	nop       
  fa:	0c 11 00    	nop       
  fc:	0c 11 00    	nop       
  fe:	0c 11 00    	nop       
Disassembly of section .text:

0000122a <_delay_by_nop>:
// From https://web.archive.org/web/20161223060411/http://www.engscope.com/pic24-tutorial/10-2-i2c-basic-functions/

#include "i2c_reg.h"

void delay_by_nop(uint32_t num_nops){    // 1 nop= 375ns
    122a:	08 00 fa    	lnk       #0x8
    122c:	20 07 98    	mov.w     w0, [w14+4]
    122e:	31 07 98    	mov.w     w1, [w14+6]
    uint32_t count = 0;
    1230:	60 00 b8    	mul.uu    w0, #0x0, w0
    1232:	00 8f be    	mov.d     w0, [w14]
    while (count < num_nops){
    1234:	05 00 37    	bra       0x1240 <.L2>

00001236 <.L3>:
        __asm__("nop");
    1236:	00 00 00    	nop       
        count +=1;
    1238:	12 00 20    	mov.w     #0x1, w2
    123a:	03 00 20    	mov.w     #0x0, w3
    123c:	1e 0f 41    	add.w     w2, [w14], [w14]
    123e:	5e 97 49    	addc.w    w3, [++w14], [w14--]

00001240 <.L2>:
    1240:	2e 00 90    	mov.w     [w14+4], w0
    1242:	be 00 90    	mov.w     [w14+6], w1
    1244:	1e 01 be    	mov.d     [w14], w2
    1246:	80 0f 51    	sub.w     w2, w0, [w15]
    1248:	81 8f 59    	subb.w    w3, w1, [w15]
    124a:	f5 ff 39    	bra       NC, 0x1236 <.L3>
    }
}
    124c:	00 80 fa    	ulnk      
    124e:	00 00 06    	return    

00001250 <_i2c_init>:

// initiates I2C3 module to baud rate BRG
void i2c_init(int BRG){      // I2CBRG = 157 for 16Mhz OSC with 100kHz I2C clock
    1250:	04 00 fa    	lnk       #0x4
    1252:	10 07 98    	mov.w     w0, [w14+2]
   int temp;
   I2C3BRG = BRG;           // Sets freq to 100kHz
    1254:	1e 00 90    	mov.w     [w14+2], w0
    1256:	a0 13 88    	mov.w     w0, 0x274
   I2C3CONbits.I2CEN = 0;	// Disable I2C Mode
    1258:	77 e2 a9    	bclr.b    0x277, #0x7
   I2C3CONbits.DISSLW = 1;	// Disable slew rate control
    125a:	77 22 a8    	bset.b    0x277, #0x1
   IFS5bits.MI2C3IF = 0;	 // Clear Interrupt
    125c:	8e a0 a9    	bclr.b    0x8e, #0x5
   I2C3CONbits.I2CEN = 1;	// Enable I2C Mode
    125e:	77 e2 a8    	bset.b    0x277, #0x7
   temp = I2C3RCV;	 // read buffer to clear buffer full
    1260:	80 13 80    	mov.w     0x270, w0
    1262:	00 0f 78    	mov.w     w0, [w14]
   reset_i2c_bus();	 // set bus to idle
    1264:	36 00 07    	rcall     0x12d2 <_reset_i2c_bus> <.LFB4> <.LFE3>
}
    1266:	00 80 fa    	ulnk      
    1268:	00 00 06    	return    

0000126a <_i2c_start>:

//function iniates a start condition on bus
void i2c_start(void){
    126a:	02 00 fa    	lnk       #0x2
   int x = 0;
    126c:	00 00 eb    	clr.w     w0
    126e:	00 0f 78    	mov.w     w0, [w14]
   I2C3CONbits.ACKDT = 0;	//Reset any previous Ack
    1270:	76 a2 a9    	bclr.b    0x276, #0x5
   delay_by_nop(10);
    1272:	a0 00 20    	mov.w     #0xa, w0
    1274:	01 00 20    	mov.w     #0x0, w1
    1276:	d9 ff 07    	rcall     0x122a <_delay_by_nop> <.L0> <.LFB0> <.Ltext0>
   I2C3CONbits.SEN = 1;	//Initiate Start condition
    1278:	76 02 a8    	bset.b    0x276, #0x0
   __asm__("nop");
    127a:	00 00 00    	nop       

   while (I2C3CONbits.SEN){    //the hardware will automatically clear Start Bit
    127c:	07 00 37    	bra       0x128c <.L6>

0000127e <.L8>:
      delay_by_nop(1);      //wait for automatic clear before proceding
    127e:	10 00 20    	mov.w     #0x1, w0
    1280:	01 00 20    	mov.w     #0x0, w1
    1282:	d3 ff 07    	rcall     0x122a <_delay_by_nop> <.L0> <.LFB0> <.Ltext0>
      x++;
    1284:	1e 0f e8    	inc.w     [w14], [w14]
      if (x > 20)
    1286:	1e 00 78    	mov.w     [w14], w0
    1288:	f4 0f 50    	sub.w     w0, #0x14, [w15]
    128a:	05 00 3c    	bra       GT, 0x1296 <.L9>

0000128c <.L6>:
    128c:	b0 13 80    	mov.w     0x276, w0
    128e:	61 00 60    	and.w     w0, #0x1, w0
    1290:	00 00 e0    	cp0.w     w0
    1292:	f5 ff 3a    	bra       NZ, 0x127e <.L8>
    1294:	01 00 37    	bra       0x1298 <.L7>

00001296 <.L9>:
      break;
    1296:	00 00 00    	nop       

00001298 <.L7>:
   }
   delay_by_nop(2);
    1298:	20 00 20    	mov.w     #0x2, w0
    129a:	01 00 20    	mov.w     #0x0, w1
    129c:	c6 ff 07    	rcall     0x122a <_delay_by_nop> <.L0> <.LFB0> <.Ltext0>
}
    129e:	00 80 fa    	ulnk      
    12a0:	00 00 06    	return    

000012a2 <_i2c_restart>:

void i2c_restart(void){
    12a2:	02 00 fa    	lnk       #0x2
   int x = 0;
    12a4:	00 00 eb    	clr.w     w0
    12a6:	00 0f 78    	mov.w     w0, [w14]
   I2C3CONbits.RSEN = 1;	//Initiate restart condition
    12a8:	76 22 a8    	bset.b    0x276, #0x1
   __asm__("nop");
    12aa:	00 00 00    	nop       
   //the hardware will automatically clear restart bit
   //wait for automatic clear before proceding
   while (I2C3CONbits.RSEN){
    12ac:	07 00 37    	bra       0x12bc <.L11>

000012ae <.L13>:
      delay_by_nop(1);
    12ae:	10 00 20    	mov.w     #0x1, w0
    12b0:	01 00 20    	mov.w     #0x0, w1
    12b2:	bb ff 07    	rcall     0x122a <_delay_by_nop> <.L0> <.LFB0> <.Ltext0>
      x++;
    12b4:	1e 0f e8    	inc.w     [w14], [w14]
      if (x > 20)	break;
    12b6:	1e 00 78    	mov.w     [w14], w0
    12b8:	f4 0f 50    	sub.w     w0, #0x14, [w15]
    12ba:	05 00 3c    	bra       GT, 0x12c6 <.L14>

000012bc <.L11>:
    12bc:	b0 13 80    	mov.w     0x276, w0
    12be:	62 00 60    	and.w     w0, #0x2, w0
    12c0:	00 00 e0    	cp0.w     w0
    12c2:	f5 ff 3a    	bra       NZ, 0x12ae <.L13>
    12c4:	01 00 37    	bra       0x12c8 <.L12>

000012c6 <.L14>:
    12c6:	00 00 00    	nop       

000012c8 <.L12>:
   }
   delay_by_nop(2);
    12c8:	20 00 20    	mov.w     #0x2, w0
    12ca:	01 00 20    	mov.w     #0x0, w1
    12cc:	ae ff 07    	rcall     0x122a <_delay_by_nop> <.L0> <.LFB0> <.Ltext0>
}
    12ce:	00 80 fa    	ulnk      
    12d0:	00 00 06    	return    

000012d2 <_reset_i2c_bus>:


//Resets the I2C bus to Idle
void reset_i2c_bus(void){
    12d2:	02 00 fa    	lnk       #0x2
   int x = 0;
    12d4:	00 00 eb    	clr.w     w0
    12d6:	00 0f 78    	mov.w     w0, [w14]
   I2C3CONbits.PEN = 1;     //initiate stop bit
    12d8:	76 42 a8    	bset.b    0x276, #0x2
   while (I2C3CONbits.PEN) {     //wait for hardware clear of stop bit
    12da:	07 00 37    	bra       0x12ea <.L16>

000012dc <.L18>:
      // delay_by_nop(1);
      delay_by_nop(1);
    12dc:	10 00 20    	mov.w     #0x1, w0
    12de:	01 00 20    	mov.w     #0x0, w1
    12e0:	a4 ff 07    	rcall     0x122a <_delay_by_nop> <.L0> <.LFB0> <.Ltext0>
      x ++;
    12e2:	1e 0f e8    	inc.w     [w14], [w14]
      if (x > 20) break;
    12e4:	1e 00 78    	mov.w     [w14], w0
    12e6:	f4 0f 50    	sub.w     w0, #0x14, [w15]
    12e8:	05 00 3c    	bra       GT, 0x12f4 <.L19>

000012ea <.L16>:
    12ea:	b0 13 80    	mov.w     0x276, w0
    12ec:	64 00 60    	and.w     w0, #0x4, w0
    12ee:	00 00 e0    	cp0.w     w0
    12f0:	f5 ff 3a    	bra       NZ, 0x12dc <.L18>
    12f2:	01 00 37    	bra       0x12f6 <.L17>

000012f4 <.L19>:
    12f4:	00 00 00    	nop       

000012f6 <.L17>:
   }

   I2C3CONbits.RCEN = 0;
    12f6:	76 62 a9    	bclr.b    0x276, #0x3
   IFS5bits.MI2C3IF = 0; // Clear Interrupt
    12f8:	8e a0 a9    	bclr.b    0x8e, #0x5
   I2C3STATbits.IWCOL = 0;
    12fa:	78 e2 a9    	bclr.b    0x278, #0x7
   I2C3STATbits.BCL = 0;
    12fc:	79 42 a9    	bclr.b    0x279, #0x2
   // delay_by_nop(10);
   delay_by_nop(20);
    12fe:	40 01 20    	mov.w     #0x14, w0
    1300:	01 00 20    	mov.w     #0x0, w1
    1302:	93 ff 07    	rcall     0x122a <_delay_by_nop> <.L0> <.LFB0> <.Ltext0>
}
    1304:	00 80 fa    	ulnk      
    1306:	00 00 06    	return    

00001308 <_send_i2c_byte>:


//basic I2C byte send
char send_i2c_byte(int data){
    1308:	04 00 fa    	lnk       #0x4
    130a:	10 07 98    	mov.w     w0, [w14+2]
   int i;
   while (I2C3STATbits.TBF) { }
    130c:	00 00 00    	nop       

0000130e <.L21>:
    130e:	c0 13 80    	mov.w     0x278, w0
    1310:	61 00 60    	and.w     w0, #0x1, w0
    1312:	00 00 e0    	cp0.w     w0
    1314:	fc ff 3a    	bra       NZ, 0x130e <.L21>
   IFS5bits.MI2C3IF = 0; // Clear Interrupt
    1316:	8e a0 a9    	bclr.b    0x8e, #0x5
   I2C3TRN = data; // load the outgoing data byte
    1318:	1e 00 90    	mov.w     [w14+2], w0
    131a:	90 13 88    	mov.w     w0, 0x272

   for (i=0; i<500; i++){           // wait for transmission
    131c:	00 00 eb    	clr.w     w0
    131e:	00 0f 78    	mov.w     w0, [w14]
    1320:	09 00 37    	bra       0x1334 <.L22>

00001322 <.L25>:
      if (!I2C3STATbits.TRSTAT) break; // if master transmit not in progress break
    1322:	c1 13 80    	mov.w     0x278, w1
    1324:	00 00 24    	mov.w     #0x4000, w0
    1326:	00 80 60    	and.w     w1, w0, w0
    1328:	00 00 e0    	cp0.w     w0
    132a:	09 00 32    	bra       Z, 0x133e <.L29>
      delay_by_nop(1); }
    132c:	10 00 20    	mov.w     #0x1, w0
    132e:	01 00 20    	mov.w     #0x0, w1
    1330:	7c ff 07    	rcall     0x122a <_delay_by_nop> <.L0> <.LFB0> <.Ltext0>
    1332:	1e 0f e8    	inc.w     [w14], [w14]

00001334 <.L22>:
    1334:	30 1f 20    	mov.w     #0x1f3, w0
    1336:	9e 00 78    	mov.w     [w14], w1
    1338:	80 8f 50    	sub.w     w1, w0, [w15]
    133a:	f3 ff 34    	bra       LE, 0x1322 <.L25>
    133c:	01 00 37    	bra       0x1340 <.L24>

0000133e <.L29>:
    133e:	00 00 00    	nop       

00001340 <.L24>:

    if (i == 500) {     // if i got to 500, then there was an issue`
    1340:	40 1f 20    	mov.w     #0x1f4, w0
    1342:	9e 00 78    	mov.w     [w14], w1
    1344:	80 8f 50    	sub.w     w1, w0, [w15]
    1346:	02 00 3a    	bra       NZ, 0x134c <.L26>
        return(1); }    // return 1 to indicate failure
    1348:	10 c0 b3    	mov.b     #0x1, w0
    134a:	0c 00 37    	bra       0x1364 <.L27>

0000134c <.L26>:

   if (I2C3STATbits.ACKSTAT == 1){   // Check for NO_ACK from slave,
    134c:	c1 13 80    	mov.w     0x278, w1
    134e:	00 00 28    	mov.w     #0x8000, w0
    1350:	00 80 60    	and.w     w1, w0, w0
    1352:	00 00 e0    	cp0.w     w0
    1354:	03 00 32    	bra       Z, 0x135c <.L28>
      reset_i2c_bus();
    1356:	bd ff 07    	rcall     0x12d2 <_reset_i2c_bus> <.LFB4> <.LFE3>
      return(1); }            // abort if not found
    1358:	10 c0 b3    	mov.b     #0x1, w0
    135a:	04 00 37    	bra       0x1364 <.L27>

0000135c <.L28>:

   delay_by_nop(2);
    135c:	20 00 20    	mov.w     #0x2, w0
    135e:	01 00 20    	mov.w     #0x0, w1
    1360:	64 ff 07    	rcall     0x122a <_delay_by_nop> <.L0> <.LFB0> <.Ltext0>
   return(0);
    1362:	00 40 eb    	clr.b     w0

00001364 <.L27>:
}
    1364:	00 80 fa    	ulnk      
    1366:	00 00 06    	return    

00001368 <_i2c_read>:


//function reads data, returns the read data, no ack
// helper function
char i2c_read(void){
    1368:	04 00 fa    	lnk       #0x4
   int i = 0;
    136a:	00 00 eb    	clr.w     w0
    136c:	00 0f 78    	mov.w     w0, [w14]
   char data = 0;
    136e:	00 40 eb    	clr.b     w0
    1370:	20 47 98    	mov.b     w0, [w14+2]
   I2C3CONbits.RCEN = 1;            //set I2C module to receive
    1372:	76 62 a8    	bset.b    0x276, #0x3

   while (!I2C3STATbits.RBF) {           //if no response, break
    1374:	05 00 37    	bra       0x1380 <.L31>

00001376 <.L33>:
      i ++;
    1376:	1e 0f e8    	inc.w     [w14], [w14]
      if (i > 2000) break;  }
    1378:	00 7d 20    	mov.w     #0x7d0, w0
    137a:	9e 00 78    	mov.w     [w14], w1
    137c:	80 8f 50    	sub.w     w1, w0, [w15]
    137e:	05 00 3c    	bra       GT, 0x138a <.L34>

00001380 <.L31>:
    1380:	c0 13 80    	mov.w     0x278, w0
    1382:	62 00 60    	and.w     w0, #0x2, w0
    1384:	00 00 e0    	cp0.w     w0
    1386:	f7 ff 32    	bra       Z, 0x1376 <.L33>
    1388:	01 00 37    	bra       0x138c <.L32>

0000138a <.L34>:
    138a:	00 00 00    	nop       

0000138c <.L32>:

   data = I2C3RCV;       //get data from I2C3RCV register
    138c:	80 13 80    	mov.w     0x270, w0
    138e:	20 47 98    	mov.b     w0, [w14+2]
   return data;
    1390:	2e 40 90    	mov.b     [w14+2], w0
}
    1392:	00 80 fa    	ulnk      
    1394:	00 00 06    	return    

00001396 <_i2c_read_ack>:


//function reads data, returns the read data, with ack
char i2c_read_ack(void){	//does not reset bus!!!
    1396:	04 00 fa    	lnk       #0x4
   int i = 0;
    1398:	00 00 eb    	clr.w     w0
    139a:	00 0f 78    	mov.w     w0, [w14]
   char data = 0;
    139c:	00 40 eb    	clr.b     w0
    139e:	20 47 98    	mov.b     w0, [w14+2]
   I2C3CONbits.RCEN = 1;            //set I2C module to receive
    13a0:	76 62 a8    	bset.b    0x276, #0x3

   while (!I2C3STATbits.RBF) {       //if no response, break
    13a2:	05 00 37    	bra       0x13ae <.L36>

000013a4 <.L38>:
      i++;
    13a4:	1e 0f e8    	inc.w     [w14], [w14]
      if (i > 2000) break;}
    13a6:	00 7d 20    	mov.w     #0x7d0, w0
    13a8:	9e 00 78    	mov.w     [w14], w1
    13aa:	80 8f 50    	sub.w     w1, w0, [w15]
    13ac:	05 00 3c    	bra       GT, 0x13b8 <.L39>

000013ae <.L36>:
    13ae:	c0 13 80    	mov.w     0x278, w0
    13b0:	62 00 60    	and.w     w0, #0x2, w0
    13b2:	00 00 e0    	cp0.w     w0
    13b4:	f7 ff 32    	bra       Z, 0x13a4 <.L38>
    13b6:	01 00 37    	bra       0x13ba <.L37>

000013b8 <.L39>:
    13b8:	00 00 00    	nop       

000013ba <.L37>:

   data = I2C3RCV;               //get data from I2C3RCV register
    13ba:	80 13 80    	mov.w     0x270, w0
    13bc:	20 47 98    	mov.b     w0, [w14+2]
   I2C3CONbits.ACKEN = 1;        //start ACK generation
    13be:	76 82 a8    	bset.b    0x276, #0x4
   delay_by_nop(10);             //wait before exiting
    13c0:	a0 00 20    	mov.w     #0xa, w0
    13c2:	01 00 20    	mov.w     #0x0, w1
    13c4:	32 ff 07    	rcall     0x122a <_delay_by_nop> <.L0> <.LFB0> <.Ltext0>
   return data;
    13c6:	2e 40 90    	mov.b     [w14+2], w0
}
    13c8:	00 80 fa    	ulnk      
    13ca:	00 00 06    	return    

000013cc <_i2c_read_nack>:

char i2c_read_nack(void){	//does not reset bus!!!
    13cc:	04 00 fa    	lnk       #0x4
   int i = 0;
    13ce:	00 00 eb    	clr.w     w0
    13d0:	00 0f 78    	mov.w     w0, [w14]
   char data = 0;
    13d2:	00 40 eb    	clr.b     w0
    13d4:	20 47 98    	mov.b     w0, [w14+2]
   I2C3CONbits.RCEN = 1;            //set I2C module to receive
    13d6:	76 62 a8    	bset.b    0x276, #0x3

   while (!I2C3STATbits.RBF) {       //if no response, break
    13d8:	05 00 37    	bra       0x13e4 <.L41>

000013da <.L43>:
      i++;
    13da:	1e 0f e8    	inc.w     [w14], [w14]
      if (i > 2000) break;}
    13dc:	00 7d 20    	mov.w     #0x7d0, w0
    13de:	9e 00 78    	mov.w     [w14], w1
    13e0:	80 8f 50    	sub.w     w1, w0, [w15]
    13e2:	05 00 3c    	bra       GT, 0x13ee <.L44>

000013e4 <.L41>:
    13e4:	c0 13 80    	mov.w     0x278, w0
    13e6:	62 00 60    	and.w     w0, #0x2, w0
    13e8:	00 00 e0    	cp0.w     w0
    13ea:	f7 ff 32    	bra       Z, 0x13da <.L43>
    13ec:	01 00 37    	bra       0x13f0 <.L42>

000013ee <.L44>:
    13ee:	00 00 00    	nop       

000013f0 <.L42>:

   data = I2C3RCV;               //get data from I2C3RCV register
    13f0:	80 13 80    	mov.w     0x270, w0
    13f2:	20 47 98    	mov.b     w0, [w14+2]
   I2C3CONbits.ACKDT = 1;        // set mastrer to nack instead of ack
    13f4:	76 a2 a8    	bset.b    0x276, #0x5
   I2C3CONbits.ACKEN = 1;        //start ack generation
    13f6:	76 82 a8    	bset.b    0x276, #0x4
   delay_by_nop(10);             //wait before exiting
    13f8:	a0 00 20    	mov.w     #0xa, w0
    13fa:	01 00 20    	mov.w     #0x0, w1
    13fc:	16 ff 07    	rcall     0x122a <_delay_by_nop> <.L0> <.LFB0> <.Ltext0>
   return data;
    13fe:	2e 40 90    	mov.b     [w14+2], w0
}
    1400:	00 80 fa    	ulnk      
    1402:	00 00 06    	return    

00001404 <_I2Cwrite>:

// function puts together I2C protocol for random write
void I2Cwrite(char addr, char subaddr, char value){
    1404:	04 00 fa    	lnk       #0x4
    1406:	00 4f 78    	mov.b     w0, [w14]
    1408:	11 47 98    	mov.b     w1, [w14+1]
    140a:	22 47 98    	mov.b     w2, [w14+2]
   i2c_start();
    140c:	2e ff 07    	rcall     0x126a <_i2c_start> <.LFB2> <.LFE1>
   send_i2c_byte(addr & 0xfffe); // set /W bit, turns least sig, bit to 0
    140e:	1e 00 fb    	se        [w14], w0
    1410:	80 00 78    	mov.w     w0, w1
    1412:	e0 ff 2f    	mov.w     #0xfffe, w0
    1414:	00 80 60    	and.w     w1, w0, w0
    1416:	78 ff 07    	rcall     0x1308 <_send_i2c_byte> <.LFB5> <.LFE4>
   send_i2c_byte(subaddr);
    1418:	1e 40 90    	mov.b     [w14+1], w0
    141a:	00 00 fb    	se        w0, w0
    141c:	75 ff 07    	rcall     0x1308 <_send_i2c_byte> <.LFB5> <.LFE4>
   send_i2c_byte(value);
    141e:	2e 40 90    	mov.b     [w14+2], w0
    1420:	00 00 fb    	se        w0, w0
    1422:	72 ff 07    	rcall     0x1308 <_send_i2c_byte> <.LFB5> <.LFE4>
   reset_i2c_bus();
    1424:	56 ff 07    	rcall     0x12d2 <_reset_i2c_bus> <.LFB4> <.LFE3>
}
    1426:	00 80 fa    	ulnk      
    1428:	00 00 06    	return    

0000142a <_I2Cread>:

// function puts together I2C protocol for random read
char I2Cread(char addr, char subaddr){
    142a:	04 00 fa    	lnk       #0x4
    142c:	20 47 98    	mov.b     w0, [w14+2]
    142e:	31 47 98    	mov.b     w1, [w14+3]
   char temp;
   i2c_start();
    1430:	1c ff 07    	rcall     0x126a <_i2c_start> <.LFB2> <.LFE1>
   send_i2c_byte(addr);
    1432:	2e 40 90    	mov.b     [w14+2], w0
    1434:	00 00 fb    	se        w0, w0
    1436:	68 ff 07    	rcall     0x1308 <_send_i2c_byte> <.LFB5> <.LFE4>
   send_i2c_byte(subaddr);
    1438:	3e 40 90    	mov.b     [w14+3], w0
    143a:	00 00 fb    	se        w0, w0
    143c:	65 ff 07    	rcall     0x1308 <_send_i2c_byte> <.LFB5> <.LFE4>
   delay_by_nop(10);
    143e:	a0 00 20    	mov.w     #0xa, w0
    1440:	01 00 20    	mov.w     #0x0, w1
    1442:	f3 fe 07    	rcall     0x122a <_delay_by_nop> <.L0> <.LFB0> <.Ltext0>
   i2c_restart();
    1444:	2e ff 07    	rcall     0x12a2 <_i2c_restart> <.LFB3> <.LFE2>

   send_i2c_byte(addr | 0x01); // set R bit, turn least sig. bit to 1
    1446:	2e 40 90    	mov.b     [w14+2], w0
    1448:	00 04 a0    	bset.b    w0, #0x0
    144a:	00 00 fb    	se        w0, w0
    144c:	5d ff 07    	rcall     0x1308 <_send_i2c_byte> <.LFB5> <.LFE4>
   temp = i2c_read();
    144e:	8c ff 07    	rcall     0x1368 <_i2c_read> <.LFB6> <.LFE5>
    1450:	00 4f 78    	mov.b     w0, [w14]

   reset_i2c_bus();
    1452:	3f ff 07    	rcall     0x12d2 <_reset_i2c_bus> <.LFB4> <.LFE3>
   return temp;
    1454:	1e 40 78    	mov.b     [w14], w0
}
    1456:	00 80 fa    	ulnk      
    1458:	00 00 06    	return    

0000145a <_I2Cpoll>:

// function checks if device at addr is on bus
// 1 means it is there, 0 means it is not there
unsigned char I2Cpoll(char addr){
    145a:	04 00 fa    	lnk       #0x4
    145c:	20 47 98    	mov.b     w0, [w14+2]
    unsigned char temp = 0;
    145e:	00 40 eb    	clr.b     w0
    1460:	00 4f 78    	mov.b     w0, [w14]
    i2c_start();
    1462:	03 ff 07    	rcall     0x126a <_i2c_start> <.LFB2> <.LFE1>
    temp = send_i2c_byte((addr) & (0xfffe)); // set /W bit
    1464:	2e 40 90    	mov.b     [w14+2], w0
    1466:	00 00 fb    	se        w0, w0
    1468:	80 00 78    	mov.w     w0, w1
    146a:	e0 ff 2f    	mov.w     #0xfffe, w0
    146c:	00 80 60    	and.w     w1, w0, w0
    146e:	4c ff 07    	rcall     0x1308 <_send_i2c_byte> <.LFB5> <.LFE4>
    1470:	00 4f 78    	mov.b     w0, [w14]
    reset_i2c_bus();
    1472:	2f ff 07    	rcall     0x12d2 <_reset_i2c_bus> <.LFB4> <.LFE3>
    if (temp == 0) {
    1474:	1e 40 78    	mov.b     [w14], w0
    1476:	00 04 e0    	cp0.b     w0
    1478:	02 00 3a    	bra       NZ, 0x147e <.L48>
        return 1; // We found it, no error
    147a:	10 c0 b3    	mov.b     #0x1, w0
    147c:	01 00 37    	bra       0x1480 <.L49>

0000147e <.L48>:
    } else return 0;
    147e:	00 40 eb    	clr.b     w0

00001480 <.L49>:
}
    1480:	00 80 fa    	ulnk      
    1482:	00 00 06    	return    

00001484 <_I2Cwritearray>:

// function writes a byte array over i2c
unsigned char I2Cwritearray(char addr, char dat[], uint8_t len) {
    1484:	08 00 fa    	lnk       #0x8
    1486:	20 47 98    	mov.b     w0, [w14+2]
    1488:	21 07 98    	mov.w     w1, [w14+4]
    148a:	62 47 98    	mov.b     w2, [w14+6]
  unsigned char err = 0;
    148c:	00 40 eb    	clr.b     w0
    148e:	00 4f 78    	mov.b     w0, [w14]
  i2c_start();
    1490:	ec fe 07    	rcall     0x126a <_i2c_start> <.LFB2> <.LFE1>
  err = send_i2c_byte(addr & (0xfffe)); // takes 7 bit address and adds /W bit
    1492:	2e 40 90    	mov.b     [w14+2], w0
    1494:	00 00 fb    	se        w0, w0
    1496:	80 00 78    	mov.w     w0, w1
    1498:	e0 ff 2f    	mov.w     #0xfffe, w0
    149a:	00 80 60    	and.w     w1, w0, w0
    149c:	35 ff 07    	rcall     0x1308 <_send_i2c_byte> <.LFB5> <.LFE4>
    149e:	00 4f 78    	mov.b     w0, [w14]
  uint8_t j;
  for (j = 0; j < len; j++) { // keep sending data bytes til we're done unless it misses an ack
    14a0:	00 40 eb    	clr.b     w0
    14a2:	10 47 98    	mov.b     w0, [w14+1]
    14a4:	0d 00 37    	bra       0x14c0 <.L51>

000014a6 <.L52>:
    err |= send_i2c_byte(dat[j]);
    14a6:	1e 40 90    	mov.b     [w14+1], w0
    14a8:	00 80 fb    	ze        w0, w0
    14aa:	ae 00 90    	mov.w     [w14+4], w1
    14ac:	00 80 40    	add.w     w1, w0, w0
    14ae:	10 40 78    	mov.b     [w0], w0
    14b0:	00 00 fb    	se        w0, w0
    14b2:	2a ff 07    	rcall     0x1308 <_send_i2c_byte> <.LFB5> <.LFE4>
    14b4:	9e 40 78    	mov.b     [w14], w1
    14b6:	01 40 70    	ior.b     w0, w1, w0
    14b8:	00 4f 78    	mov.b     w0, [w14]
    14ba:	1e 40 90    	mov.b     [w14+1], w0
    14bc:	00 40 e8    	inc.b     w0, w0
    14be:	10 47 98    	mov.b     w0, [w14+1]

000014c0 <.L51>:
    14c0:	9e 40 90    	mov.b     [w14+1], w1
    14c2:	6e 40 90    	mov.b     [w14+6], w0
    14c4:	80 cf 50    	sub.b     w1, w0, [w15]
    14c6:	ef ff 39    	bra       NC, 0x14a6 <.L52>
  }
  reset_i2c_bus();
    14c8:	04 ff 07    	rcall     0x12d2 <_reset_i2c_bus> <.LFB4> <.LFE3>
  return err;
    14ca:	1e 40 78    	mov.b     [w14], w0
}
    14cc:	00 80 fa    	ulnk      
    14ce:	00 00 06    	return    

000014d0 <_i2c2_init>:

////////////////////////////////////////////////////////////////////////////////
// I2C2 ////////////////////////////////////////////////////////////////////////
////////////////////////////////////////////////////////////////////////////////

// initiates I2C3 module to baud rate BRG
void i2c2_init(int BRG){      // I2CBRG = 157 for 16Mhz OSC with 100kHz I2C clock
    14d0:	04 00 fa    	lnk       #0x4
    14d2:	10 07 98    	mov.w     w0, [w14+2]
   int temp;
   I2C2BRG = BRG;           // Sets freq to 100kHz
    14d4:	1e 00 90    	mov.w     [w14+2], w0
    14d6:	a0 10 88    	mov.w     w0, 0x214
   I2C2CONbits.I2CEN = 0;	// Disable I2C Mode
    14d8:	17 e2 a9    	bclr.b    0x217, #0x7
   I2C2CONbits.DISSLW = 1;	// Disable slew rate control
    14da:	17 22 a8    	bset.b    0x217, #0x1
   IFS3bits.MI2C2IF = 0;	 // Clear Interrupt
    14dc:	8a 40 a9    	bclr.b    0x8a, #0x2
   I2C2CONbits.I2CEN = 1;	// Enable I2C Mode
    14de:	17 e2 a8    	bset.b    0x217, #0x7
   temp = I2C2RCV;	 // read buffer to clear buffer full
    14e0:	80 10 80    	mov.w     0x210, w0
    14e2:	00 0f 78    	mov.w     w0, [w14]
   reset_i2c_bus();	 // set bus to idle
    14e4:	f6 fe 07    	rcall     0x12d2 <_reset_i2c_bus> <.LFB4> <.LFE3>
}
    14e6:	00 80 fa    	ulnk      
    14e8:	00 00 06    	return    

000014ea <_i2c2_start>:

//function iniates a start condition on bus
void i2c2_start(void){
    14ea:	02 00 fa    	lnk       #0x2
   int x = 0;
    14ec:	00 00 eb    	clr.w     w0
    14ee:	00 0f 78    	mov.w     w0, [w14]
   I2C2CONbits.ACKDT = 0;	//Reset any previous Ack
    14f0:	16 a2 a9    	bclr.b    0x216, #0x5
   delay_by_nop(10);
    14f2:	a0 00 20    	mov.w     #0xa, w0
    14f4:	01 00 20    	mov.w     #0x0, w1
    14f6:	99 fe 07    	rcall     0x122a <_delay_by_nop> <.L0> <.LFB0> <.Ltext0>
   I2C2CONbits.SEN = 1;	//Initiate Start condition
    14f8:	16 02 a8    	bset.b    0x216, #0x0
   __asm__("nop");
    14fa:	00 00 00    	nop       

   while (I2C2CONbits.SEN){    //the hardware will automatically clear Start Bit
    14fc:	07 00 37    	bra       0x150c <.L55>

000014fe <.L57>:
      delay_by_nop(1);      //wait for automatic clear before proceding
    14fe:	10 00 20    	mov.w     #0x1, w0
    1500:	01 00 20    	mov.w     #0x0, w1
    1502:	93 fe 07    	rcall     0x122a <_delay_by_nop> <.L0> <.LFB0> <.Ltext0>
      x++;
    1504:	1e 0f e8    	inc.w     [w14], [w14]
      if (x > 20)
    1506:	1e 00 78    	mov.w     [w14], w0
    1508:	f4 0f 50    	sub.w     w0, #0x14, [w15]
    150a:	05 00 3c    	bra       GT, 0x1516 <.L58>

0000150c <.L55>:
    150c:	b0 10 80    	mov.w     0x216, w0
    150e:	61 00 60    	and.w     w0, #0x1, w0
    1510:	00 00 e0    	cp0.w     w0
    1512:	f5 ff 3a    	bra       NZ, 0x14fe <.L57>
    1514:	01 00 37    	bra       0x1518 <.L56>

00001516 <.L58>:
      break;
    1516:	00 00 00    	nop       

00001518 <.L56>:
   }
   delay_by_nop(2);
    1518:	20 00 20    	mov.w     #0x2, w0
    151a:	01 00 20    	mov.w     #0x0, w1
    151c:	86 fe 07    	rcall     0x122a <_delay_by_nop> <.L0> <.LFB0> <.Ltext0>
}
    151e:	00 80 fa    	ulnk      
    1520:	00 00 06    	return    

00001522 <_i2c2_restart>:

void i2c2_restart(void){
    1522:	02 00 fa    	lnk       #0x2
   int x = 0;
    1524:	00 00 eb    	clr.w     w0
    1526:	00 0f 78    	mov.w     w0, [w14]
   I2C2CONbits.RSEN = 1;	//Initiate restart condition
    1528:	16 22 a8    	bset.b    0x216, #0x1
   __asm__("nop");
    152a:	00 00 00    	nop       
   //the hardware will automatically clear restart bit
   //wait for automatic clear before proceding
   while (I2C2CONbits.RSEN){
    152c:	07 00 37    	bra       0x153c <.L60>

0000152e <.L62>:
      delay_by_nop(1);
    152e:	10 00 20    	mov.w     #0x1, w0
    1530:	01 00 20    	mov.w     #0x0, w1
    1532:	7b fe 07    	rcall     0x122a <_delay_by_nop> <.L0> <.LFB0> <.Ltext0>
      x++;
    1534:	1e 0f e8    	inc.w     [w14], [w14]
      if (x > 20)	break;
    1536:	1e 00 78    	mov.w     [w14], w0
    1538:	f4 0f 50    	sub.w     w0, #0x14, [w15]
    153a:	05 00 3c    	bra       GT, 0x1546 <.L63>

0000153c <.L60>:
    153c:	b0 10 80    	mov.w     0x216, w0
    153e:	62 00 60    	and.w     w0, #0x2, w0
    1540:	00 00 e0    	cp0.w     w0
    1542:	f5 ff 3a    	bra       NZ, 0x152e <.L62>
    1544:	01 00 37    	bra       0x1548 <.L61>

00001546 <.L63>:
    1546:	00 00 00    	nop       

00001548 <.L61>:
   }
   delay_by_nop(2);
    1548:	20 00 20    	mov.w     #0x2, w0
    154a:	01 00 20    	mov.w     #0x0, w1
    154c:	6e fe 07    	rcall     0x122a <_delay_by_nop> <.L0> <.LFB0> <.Ltext0>
}
    154e:	00 80 fa    	ulnk      
    1550:	00 00 06    	return    

00001552 <_reset_i2c2_bus>:


//Resets the I2C bus to Idle
void reset_i2c2_bus(void){
    1552:	02 00 fa    	lnk       #0x2
   int x = 0;
    1554:	00 00 eb    	clr.w     w0
    1556:	00 0f 78    	mov.w     w0, [w14]
   I2C2CONbits.PEN = 1;     //initiate stop bit
    1558:	16 42 a8    	bset.b    0x216, #0x2
   while (I2C2CONbits.PEN) {     //wait for hardware clear of stop bit
    155a:	07 00 37    	bra       0x156a <.L65>

0000155c <.L67>:
      // delay_by_nop(1);
      delay_by_nop(1);
    155c:	10 00 20    	mov.w     #0x1, w0
    155e:	01 00 20    	mov.w     #0x0, w1
    1560:	64 fe 07    	rcall     0x122a <_delay_by_nop> <.L0> <.LFB0> <.Ltext0>
      x ++;
    1562:	1e 0f e8    	inc.w     [w14], [w14]
      if (x > 20) break;
    1564:	1e 00 78    	mov.w     [w14], w0
    1566:	f4 0f 50    	sub.w     w0, #0x14, [w15]
    1568:	05 00 3c    	bra       GT, 0x1574 <.L68>

0000156a <.L65>:
    156a:	b0 10 80    	mov.w     0x216, w0
    156c:	64 00 60    	and.w     w0, #0x4, w0
    156e:	00 00 e0    	cp0.w     w0
    1570:	f5 ff 3a    	bra       NZ, 0x155c <.L67>
    1572:	01 00 37    	bra       0x1576 <.L66>

00001574 <.L68>:
    1574:	00 00 00    	nop       

00001576 <.L66>:
   }

   I2C2CONbits.RCEN = 0;
    1576:	16 62 a9    	bclr.b    0x216, #0x3
   IFS3bits.MI2C2IF = 0; // Clear Interrupt
    1578:	8a 40 a9    	bclr.b    0x8a, #0x2
   I2C2STATbits.IWCOL = 0;
    157a:	18 e2 a9    	bclr.b    0x218, #0x7
   I2C2STATbits.BCL = 0;
    157c:	19 42 a9    	bclr.b    0x219, #0x2
   // delay_by_nop(10);
   delay_by_nop(20);
    157e:	40 01 20    	mov.w     #0x14, w0
    1580:	01 00 20    	mov.w     #0x0, w1
    1582:	53 fe 07    	rcall     0x122a <_delay_by_nop> <.L0> <.LFB0> <.Ltext0>
}
    1584:	00 80 fa    	ulnk      
    1586:	00 00 06    	return    

00001588 <_send_i2c2_byte>:


//basic I2C byte send
char send_i2c2_byte(int data){
    1588:	04 00 fa    	lnk       #0x4
    158a:	10 07 98    	mov.w     w0, [w14+2]
   int i;
   while (I2C2STATbits.TBF) { }
    158c:	00 00 00    	nop       

0000158e <.L70>:
    158e:	c0 10 80    	mov.w     0x218, w0
    1590:	61 00 60    	and.w     w0, #0x1, w0
    1592:	00 00 e0    	cp0.w     w0
    1594:	fc ff 3a    	bra       NZ, 0x158e <.L70>
   IFS3bits.MI2C2IF = 0; // Clear Interrupt
    1596:	8a 40 a9    	bclr.b    0x8a, #0x2
   I2C2TRN = data; // load the outgoing data byte
    1598:	1e 00 90    	mov.w     [w14+2], w0
    159a:	90 10 88    	mov.w     w0, 0x212

   for (i=0; i<500; i++){           // wait for transmission
    159c:	00 00 eb    	clr.w     w0
    159e:	00 0f 78    	mov.w     w0, [w14]
    15a0:	09 00 37    	bra       0x15b4 <.L71>

000015a2 <.L74>:
      if (!I2C2STATbits.TRSTAT) break; // if master transmit not in progress break
    15a2:	c1 10 80    	mov.w     0x218, w1
    15a4:	00 00 24    	mov.w     #0x4000, w0
    15a6:	00 80 60    	and.w     w1, w0, w0
    15a8:	00 00 e0    	cp0.w     w0
    15aa:	09 00 32    	bra       Z, 0x15be <.L78>
      delay_by_nop(1); }
    15ac:	10 00 20    	mov.w     #0x1, w0
    15ae:	01 00 20    	mov.w     #0x0, w1
    15b0:	3c fe 07    	rcall     0x122a <_delay_by_nop> <.L0> <.LFB0> <.Ltext0>
    15b2:	1e 0f e8    	inc.w     [w14], [w14]

000015b4 <.L71>:
    15b4:	30 1f 20    	mov.w     #0x1f3, w0
    15b6:	9e 00 78    	mov.w     [w14], w1
    15b8:	80 8f 50    	sub.w     w1, w0, [w15]
    15ba:	f3 ff 34    	bra       LE, 0x15a2 <.L74>
    15bc:	01 00 37    	bra       0x15c0 <.L73>

000015be <.L78>:
    15be:	00 00 00    	nop       

000015c0 <.L73>:

    if (i == 500) {     // if i got to 500, then there was an issue`
    15c0:	40 1f 20    	mov.w     #0x1f4, w0
    15c2:	9e 00 78    	mov.w     [w14], w1
    15c4:	80 8f 50    	sub.w     w1, w0, [w15]
    15c6:	02 00 3a    	bra       NZ, 0x15cc <.L75>
        return(1); }    // return 1 to indicate failure
    15c8:	10 c0 b3    	mov.b     #0x1, w0
    15ca:	0c 00 37    	bra       0x15e4 <.L76>

000015cc <.L75>:

   if (I2C2STATbits.ACKSTAT == 1){   // Check for NO_ACK from slave,
    15cc:	c1 10 80    	mov.w     0x218, w1
    15ce:	00 00 28    	mov.w     #0x8000, w0
    15d0:	00 80 60    	and.w     w1, w0, w0
    15d2:	00 00 e0    	cp0.w     w0
    15d4:	03 00 32    	bra       Z, 0x15dc <.L77>
      reset_i2c2_bus();
    15d6:	bd ff 07    	rcall     0x1552 <_reset_i2c2_bus> <.LFB16> <.LFE15>
      return(1); }            // abort if not found
    15d8:	10 c0 b3    	mov.b     #0x1, w0
    15da:	04 00 37    	bra       0x15e4 <.L76>

000015dc <.L77>:

   delay_by_nop(2);
    15dc:	20 00 20    	mov.w     #0x2, w0
    15de:	01 00 20    	mov.w     #0x0, w1
    15e0:	24 fe 07    	rcall     0x122a <_delay_by_nop> <.L0> <.LFB0> <.Ltext0>
   return(0);
    15e2:	00 40 eb    	clr.b     w0

000015e4 <.L76>:
}
    15e4:	00 80 fa    	ulnk      
    15e6:	00 00 06    	return    

000015e8 <_i2c2_read>:


//function reads data, returns the read data, no ack
// helper function
char i2c2_read(void){
    15e8:	04 00 fa    	lnk       #0x4
   int i = 0;
    15ea:	00 00 eb    	clr.w     w0
    15ec:	00 0f 78    	mov.w     w0, [w14]
   char data = 0;
    15ee:	00 40 eb    	clr.b     w0
    15f0:	20 47 98    	mov.b     w0, [w14+2]
   I2C2CONbits.RCEN = 1;            //set I2C module to receive
    15f2:	16 62 a8    	bset.b    0x216, #0x3

   while (!I2C2STATbits.RBF) {           //if no response, break
    15f4:	05 00 37    	bra       0x1600 <.L80>

000015f6 <.L82>:
      i ++;
    15f6:	1e 0f e8    	inc.w     [w14], [w14]
      if (i > 2000) break;  }
    15f8:	00 7d 20    	mov.w     #0x7d0, w0
    15fa:	9e 00 78    	mov.w     [w14], w1
    15fc:	80 8f 50    	sub.w     w1, w0, [w15]
    15fe:	05 00 3c    	bra       GT, 0x160a <.L83>

00001600 <.L80>:
    1600:	c0 10 80    	mov.w     0x218, w0
    1602:	62 00 60    	and.w     w0, #0x2, w0
    1604:	00 00 e0    	cp0.w     w0
    1606:	f7 ff 32    	bra       Z, 0x15f6 <.L82>
    1608:	01 00 37    	bra       0x160c <.L81>

0000160a <.L83>:
    160a:	00 00 00    	nop       

0000160c <.L81>:

   data = I2C2RCV;       //get data from I2C2RCV register
    160c:	80 10 80    	mov.w     0x210, w0
    160e:	20 47 98    	mov.b     w0, [w14+2]
   return data;
    1610:	2e 40 90    	mov.b     [w14+2], w0
}
    1612:	00 80 fa    	ulnk      
    1614:	00 00 06    	return    

00001616 <_i2c2_read_ack>:


//function reads data, returns the read data, with ack
char i2c2_read_ack(void){	//does not reset bus!!!
    1616:	04 00 fa    	lnk       #0x4
   int i = 0;
    1618:	00 00 eb    	clr.w     w0
    161a:	00 0f 78    	mov.w     w0, [w14]
   char data = 0;
    161c:	00 40 eb    	clr.b     w0
    161e:	20 47 98    	mov.b     w0, [w14+2]
   I2C2CONbits.RCEN = 1;            //set I2C module to receive
    1620:	16 62 a8    	bset.b    0x216, #0x3

   while (!I2C2STATbits.RBF) {       //if no response, break
    1622:	05 00 37    	bra       0x162e <.L85>

00001624 <.L87>:
      i++;
    1624:	1e 0f e8    	inc.w     [w14], [w14]
      if (i > 2000) break;}
    1626:	00 7d 20    	mov.w     #0x7d0, w0
    1628:	9e 00 78    	mov.w     [w14], w1
    162a:	80 8f 50    	sub.w     w1, w0, [w15]
    162c:	05 00 3c    	bra       GT, 0x1638 <.L88>

0000162e <.L85>:
    162e:	c0 10 80    	mov.w     0x218, w0
    1630:	62 00 60    	and.w     w0, #0x2, w0
    1632:	00 00 e0    	cp0.w     w0
    1634:	f7 ff 32    	bra       Z, 0x1624 <.L87>
    1636:	01 00 37    	bra       0x163a <.L86>

00001638 <.L88>:
    1638:	00 00 00    	nop       

0000163a <.L86>:

   data = I2C2RCV;               //get data from I2C2RCV register
    163a:	80 10 80    	mov.w     0x210, w0
    163c:	20 47 98    	mov.b     w0, [w14+2]
   I2C2CONbits.ACKEN = 1;        //start ACK generation
    163e:	16 82 a8    	bset.b    0x216, #0x4
   delay_by_nop(10);             //wait before exiting
    1640:	a0 00 20    	mov.w     #0xa, w0
    1642:	01 00 20    	mov.w     #0x0, w1
    1644:	f2 fd 07    	rcall     0x122a <_delay_by_nop> <.L0> <.LFB0> <.Ltext0>
   return data;
    1646:	2e 40 90    	mov.b     [w14+2], w0
}
    1648:	00 80 fa    	ulnk      
    164a:	00 00 06    	return    

0000164c <_i2c2_read_nack>:

char i2c2_read_nack(void){	//does not reset bus!!!
    164c:	04 00 fa    	lnk       #0x4
   int i = 0;
    164e:	00 00 eb    	clr.w     w0
    1650:	00 0f 78    	mov.w     w0, [w14]
   char data = 0;
    1652:	00 40 eb    	clr.b     w0
    1654:	20 47 98    	mov.b     w0, [w14+2]
   I2C2CONbits.RCEN = 1;            //set I2C module to receive
    1656:	16 62 a8    	bset.b    0x216, #0x3

   while (!I2C2STATbits.RBF) {       //if no response, break
    1658:	05 00 37    	bra       0x1664 <.L90>

0000165a <.L92>:
      i++;
    165a:	1e 0f e8    	inc.w     [w14], [w14]
      if (i > 2000) break;}
    165c:	00 7d 20    	mov.w     #0x7d0, w0
    165e:	9e 00 78    	mov.w     [w14], w1
    1660:	80 8f 50    	sub.w     w1, w0, [w15]
    1662:	05 00 3c    	bra       GT, 0x166e <.L93>

00001664 <.L90>:
    1664:	c0 10 80    	mov.w     0x218, w0
    1666:	62 00 60    	and.w     w0, #0x2, w0
    1668:	00 00 e0    	cp0.w     w0
    166a:	f7 ff 32    	bra       Z, 0x165a <.L92>
    166c:	01 00 37    	bra       0x1670 <.L91>

0000166e <.L93>:
    166e:	00 00 00    	nop       

00001670 <.L91>:

   data = I2C2RCV;               //get data from I2C2RCV register
    1670:	80 10 80    	mov.w     0x210, w0
    1672:	20 47 98    	mov.b     w0, [w14+2]
   I2C2CONbits.ACKDT = 1;        // set mastrer to nack instead of ack
    1674:	16 a2 a8    	bset.b    0x216, #0x5
   I2C2CONbits.ACKEN = 1;        //start ack generation
    1676:	16 82 a8    	bset.b    0x216, #0x4
   delay_by_nop(10);             //wait before exiting
    1678:	a0 00 20    	mov.w     #0xa, w0
    167a:	01 00 20    	mov.w     #0x0, w1
    167c:	d6 fd 07    	rcall     0x122a <_delay_by_nop> <.L0> <.LFB0> <.Ltext0>
   return data;
    167e:	2e 40 90    	mov.b     [w14+2], w0
}
    1680:	00 80 fa    	ulnk      
    1682:	00 00 06    	return    

00001684 <_I2C2poll>:

// function checks if device at addr i bus
// 1 means it is not there, 0 means it is not there
unsigned char I2C2poll(char addr){
    1684:	04 00 fa    	lnk       #0x4
    1686:	20 47 98    	mov.b     w0, [w14+2]
   unsigned char temp = 0;
    1688:	00 40 eb    	clr.b     w0
    168a:	00 4f 78    	mov.b     w0, [w14]
   i2c2_start();
    168c:	2e ff 07    	rcall     0x14ea <_i2c2_start> <.LFB14> <.LFE13>
   temp = send_i2c2_byte((addr) & (0xfffe)); // set /W bit
    168e:	2e 40 90    	mov.b     [w14+2], w0
    1690:	00 00 fb    	se        w0, w0
    1692:	80 00 78    	mov.w     w0, w1
    1694:	e0 ff 2f    	mov.w     #0xfffe, w0
    1696:	00 80 60    	and.w     w1, w0, w0
    1698:	77 ff 07    	rcall     0x1588 <_send_i2c2_byte> <.LFB17> <.LFE16>
    169a:	00 4f 78    	mov.b     w0, [w14]
   reset_i2c2_bus();
    169c:	5a ff 07    	rcall     0x1552 <_reset_i2c2_bus> <.LFB16> <.LFE15>
   if (temp == 0) {
    169e:	1e 40 78    	mov.b     [w14], w0
    16a0:	00 04 e0    	cp0.b     w0
    16a2:	02 00 3a    	bra       NZ, 0x16a8 <.L95>
       return 1; // We found it, no error
    16a4:	10 c0 b3    	mov.b     #0x1, w0
    16a6:	01 00 37    	bra       0x16aa <.L96>

000016a8 <.L95>:
   } else return 0;
    16a8:	00 40 eb    	clr.b     w0

000016aa <.L96>:
}
    16aa:	00 80 fa    	ulnk      
    16ac:	00 00 06    	return    

000016ae <_ledoff>:
    16ae:	00 00 fa    	lnk       #0x0
    16b0:	dc e2 a9    	bclr.b    0x2dc, #0x7
    16b2:	10 00 20    	mov.w     #0x1, w0
    16b4:	01 00 20    	mov.w     #0x0, w1
    16b6:	b9 fd 07    	rcall     0x122a <_delay_by_nop> <.L0> <.LFB0> <.Ltext0>
    16b8:	ec 02 a9    	bclr.b    0x2ec, #0x0
    16ba:	10 00 20    	mov.w     #0x1, w0
    16bc:	01 00 20    	mov.w     #0x0, w1
    16be:	b5 fd 07    	rcall     0x122a <_delay_by_nop> <.L0> <.LFB0> <.Ltext0>
    16c0:	ec 22 a9    	bclr.b    0x2ec, #0x1
    16c2:	10 00 20    	mov.w     #0x1, w0
    16c4:	01 00 20    	mov.w     #0x0, w1
    16c6:	b1 fd 07    	rcall     0x122a <_delay_by_nop> <.L0> <.LFB0> <.Ltext0>
    16c8:	da a2 a9    	bclr.b    0x2da, #0x5
    16ca:	00 80 fa    	ulnk      
    16cc:	00 00 06    	return    

000016ce <_main>:
    16ce:	00 00 fa    	lnk       #0x0
    16d0:	02 01 07    	rcall     0x18d6 <.LFE0> <_init_elecanisms> <.L0> <.LFB0> <.Ltext0>
    16d2:	d0 09 20    	mov.w     #0x9d, w0
    16d4:	fd fe 07    	rcall     0x14d0 <_i2c2_init> <.LFB13> <.LFE12>
    16d6:	80 00 20    	mov.w     #0x8, w0
    16d8:	d0 10 88    	mov.w     w0, 0x21a
    16da:	1c 22 ef    	clr.w     0x21c
    16dc:	9a 20 a8    	bset.b    0x9a, #0x1
    16de:	d8 a2 a9    	bclr.b    0x2d8, #0x5
    16e0:	d8 82 a9    	bclr.b    0x2d8, #0x4
    16e2:	c0 6e 21    	mov.w     #0x16ec, w0
    16e4:	70 40 88    	mov.w     w0, 0x80e

000016e6 <.L3>:
    16e6:	70 40 80    	mov.w     0x80e, w0
    16e8:	00 00 01    	call      w0
    16ea:	fd ff 37    	bra       0x16e6 <.L3>

000016ec <_setup>:
    16ec:	00 00 fa    	lnk       #0x0
    16ee:	71 40 80    	mov.w     0x80e, w1
    16f0:	80 40 80    	mov.w     0x810, w0
    16f2:	80 8f 50    	sub.w     w1, w0, [w15]
    16f4:	06 00 32    	bra       Z, 0x1702 <.L5>
    16f6:	70 40 80    	mov.w     0x80e, w0
    16f8:	80 40 88    	mov.w     w0, 0x810
    16fa:	da 82 a8    	bset.b    0x2da, #0x4
    16fc:	03 68 ef    	clr.b     0x803
    16fe:	04 68 ef    	clr.b     0x804
    1700:	05 68 ef    	clr.b     0x805

00001702 <.L5>:
    1702:	40 71 21    	mov.w     #0x1714, w0
    1704:	70 40 88    	mov.w     w0, 0x80e
    1706:	71 40 80    	mov.w     0x80e, w1
    1708:	80 40 80    	mov.w     0x810, w0
    170a:	80 8f 50    	sub.w     w1, w0, [w15]
    170c:	01 00 32    	bra       Z, 0x1710 <.L4>
    170e:	da 82 a9    	bclr.b    0x2da, #0x4

00001710 <.L4>:
    1710:	00 80 fa    	ulnk      
    1712:	00 00 06    	return    

00001714 <_run>:
    1714:	00 00 fa    	lnk       #0x0
    1716:	71 40 80    	mov.w     0x80e, w1
    1718:	80 40 80    	mov.w     0x810, w0
    171a:	80 8f 50    	sub.w     w1, w0, [w15]
    171c:	08 00 32    	bra       Z, 0x172e <.L8>
    171e:	70 40 80    	mov.w     0x80e, w0
    1720:	80 40 88    	mov.w     w0, 0x810
    1722:	dc e2 a8    	bset.b    0x2dc, #0x7
    1724:	10 00 20    	mov.w     #0x1, w0
    1726:	01 00 20    	mov.w     #0x0, w1
    1728:	80 fd 07    	rcall     0x122a <_delay_by_nop> <.L0> <.LFB0> <.Ltext0>
    172a:	da a2 a8    	bset.b    0x2da, #0x5
    172c:	0c 68 ef    	clr.b     0x80c

0000172e <.L8>:
    172e:	07 c8 bf    	mov.b     0x807, WREG
    1730:	e1 4f 50    	sub.b     w0, #0x1, [w15]
    1732:	03 00 3a    	bra       NZ, 0x173a <.L9>
    1734:	00 7c 21    	mov.w     #0x17c0, w0
    1736:	70 40 88    	mov.w     w0, 0x80e
    1738:	05 00 37    	bra       0x1744 <.L10>

0000173a <.L9>:
    173a:	08 c8 bf    	mov.b     0x808, WREG
    173c:	e1 4f 50    	sub.b     w0, #0x1, [w15]
    173e:	02 00 3a    	bra       NZ, 0x1744 <.L10>
    1740:	80 7e 21    	mov.w     #0x17e8, w0
    1742:	70 40 88    	mov.w     w0, 0x80e

00001744 <.L10>:
    1744:	91 16 80    	mov.w     0x2d2, w1
    1746:	00 00 21    	mov.w     #0x1000, w0
    1748:	00 80 60    	and.w     w1, w0, w0
    174a:	00 00 e0    	cp0.w     w0
    174c:	02 00 3a    	bra       NZ, 0x1752 <.L11>
    174e:	20 78 21    	mov.w     #0x1782, w0
    1750:	70 40 88    	mov.w     w0, 0x80e

00001752 <.L11>:
    1752:	91 16 80    	mov.w     0x2d2, w1
    1754:	00 00 28    	mov.w     #0x8000, w0
    1756:	00 80 60    	and.w     w1, w0, w0
    1758:	00 00 e0    	cp0.w     w0
    175a:	08 00 3a    	bra       NZ, 0x176c <.L12>
    175c:	0c c8 bf    	mov.b     0x80c, WREG
    175e:	00 04 e0    	cp0.b     w0
    1760:	05 00 3a    	bra       NZ, 0x176c <.L12>
    1762:	04 c8 bf    	mov.b     0x804, WREG
    1764:	00 40 e8    	inc.b     w0, w0
    1766:	04 e8 b7    	mov.b     WREG, 0x804
    1768:	10 c0 b3    	mov.b     #0x1, w0
    176a:	0c e8 b7    	mov.b     WREG, 0x80c

0000176c <.L12>:
    176c:	71 40 80    	mov.w     0x80e, w1
    176e:	80 40 80    	mov.w     0x810, w0
    1770:	80 8f 50    	sub.w     w1, w0, [w15]
    1772:	05 00 32    	bra       Z, 0x177e <.L7>
    1774:	dc e2 a9    	bclr.b    0x2dc, #0x7
    1776:	10 00 20    	mov.w     #0x1, w0
    1778:	01 00 20    	mov.w     #0x0, w1
    177a:	57 fd 07    	rcall     0x122a <_delay_by_nop> <.L0> <.LFB0> <.Ltext0>
    177c:	da a2 a9    	bclr.b    0x2da, #0x5

0000177e <.L7>:
    177e:	00 80 fa    	ulnk      
    1780:	00 00 06    	return    

00001782 <_solved>:
    1782:	00 00 fa    	lnk       #0x0
    1784:	71 40 80    	mov.w     0x80e, w1
    1786:	80 40 80    	mov.w     0x810, w0
    1788:	80 8f 50    	sub.w     w1, w0, [w15]
    178a:	06 00 32    	bra       Z, 0x1798 <.L15>
    178c:	70 40 80    	mov.w     0x80e, w0
    178e:	80 40 88    	mov.w     w0, 0x810
    1790:	ec 22 a8    	bset.b    0x2ec, #0x1
    1792:	10 c0 b3    	mov.b     #0x1, w0
    1794:	03 e8 b7    	mov.b     WREG, 0x803
    1796:	da 82 a8    	bset.b    0x2da, #0x4

00001798 <.L15>:
    1798:	07 c8 bf    	mov.b     0x807, WREG
    179a:	e1 4f 50    	sub.b     w0, #0x1, [w15]
    179c:	03 00 3a    	bra       NZ, 0x17a4 <.L16>
    179e:	00 7c 21    	mov.w     #0x17c0, w0
    17a0:	70 40 88    	mov.w     w0, 0x80e
    17a2:	05 00 37    	bra       0x17ae <.L17>

000017a4 <.L16>:
    17a4:	08 c8 bf    	mov.b     0x808, WREG
    17a6:	e1 4f 50    	sub.b     w0, #0x1, [w15]
    17a8:	02 00 3a    	bra       NZ, 0x17ae <.L17>
    17aa:	80 7e 21    	mov.w     #0x17e8, w0
    17ac:	70 40 88    	mov.w     w0, 0x80e

000017ae <.L17>:
    17ae:	71 40 80    	mov.w     0x80e, w1
    17b0:	80 40 80    	mov.w     0x810, w0
    17b2:	80 8f 50    	sub.w     w1, w0, [w15]
    17b4:	03 00 32    	bra       Z, 0x17bc <.L14>
    17b6:	ec 22 a9    	bclr.b    0x2ec, #0x1
    17b8:	03 68 ef    	clr.b     0x803
    17ba:	da 82 a9    	bclr.b    0x2da, #0x4

000017bc <.L14>:
    17bc:	00 80 fa    	ulnk      
    17be:	00 00 06    	return    

000017c0 <_end_win>:
    17c0:	00 00 fa    	lnk       #0x0
    17c2:	71 40 80    	mov.w     0x80e, w1
    17c4:	80 40 80    	mov.w     0x810, w0
    17c6:	80 8f 50    	sub.w     w1, w0, [w15]
    17c8:	03 00 32    	bra       Z, 0x17d0 <.L20>
    17ca:	70 40 80    	mov.w     0x80e, w0
    17cc:	80 40 88    	mov.w     w0, 0x810
    17ce:	da 82 a8    	bset.b    0x2da, #0x4

000017d0 <.L20>:
    17d0:	06 c8 bf    	mov.b     0x806, WREG
    17d2:	e1 4f 50    	sub.b     w0, #0x1, [w15]
    17d4:	02 00 3a    	bra       NZ, 0x17da <.L21>
    17d6:	40 71 21    	mov.w     #0x1714, w0
    17d8:	70 40 88    	mov.w     w0, 0x80e

000017da <.L21>:
    17da:	71 40 80    	mov.w     0x80e, w1
    17dc:	80 40 80    	mov.w     0x810, w0
    17de:	80 8f 50    	sub.w     w1, w0, [w15]
    17e0:	01 00 32    	bra       Z, 0x17e4 <.L19>
    17e2:	da 82 a9    	bclr.b    0x2da, #0x4

000017e4 <.L19>:
    17e4:	00 80 fa    	ulnk      
    17e6:	00 00 06    	return    

000017e8 <_end_fail>:
    17e8:	00 00 fa    	lnk       #0x0
    17ea:	71 40 80    	mov.w     0x80e, w1
    17ec:	80 40 80    	mov.w     0x810, w0
    17ee:	80 8f 50    	sub.w     w1, w0, [w15]
    17f0:	03 00 32    	bra       Z, 0x17f8 <.L24>
    17f2:	70 40 80    	mov.w     0x80e, w0
    17f4:	80 40 88    	mov.w     w0, 0x810
    17f6:	da a2 a8    	bset.b    0x2da, #0x5

000017f8 <.L24>:
    17f8:	06 c8 bf    	mov.b     0x806, WREG
    17fa:	e1 4f 50    	sub.b     w0, #0x1, [w15]
    17fc:	02 00 3a    	bra       NZ, 0x1802 <.L25>
    17fe:	40 71 21    	mov.w     #0x1714, w0
    1800:	70 40 88    	mov.w     w0, 0x80e

00001802 <.L25>:
    1802:	71 40 80    	mov.w     0x80e, w1
    1804:	80 40 80    	mov.w     0x810, w0
    1806:	80 8f 50    	sub.w     w1, w0, [w15]
    1808:	01 00 32    	bra       Z, 0x180c <.L23>
    180a:	da a2 a9    	bclr.b    0x2da, #0x5

0000180c <.L23>:
    180c:	00 80 fa    	ulnk      
    180e:	00 00 06    	return    
Disassembly of section .isr.text:

00001810 <__SI2C2Interrupt>:
uint8_t lose_flag = 0;

volatile I2CSTATE i2c2_state = STATE_WAIT_FOR_ADDR;

void __attribute__((interrupt, auto_psv)) _SI2C2Interrupt(void) {
    1810:	80 9f be    	mov.d     w0, [w15++]
    1812:	32 00 f8    	push      0x32
    1814:	34 00 f8    	push      0x34
    1816:	10 00 20    	mov.w     #0x1, w0
    1818:	a0 01 88    	mov.w     w0, 0x34
    181a:	10 00 20    	mov.w     #0x1, w0
    181c:	90 01 88    	mov.w     w0, 0x32
    181e:	02 00 fa    	lnk       #0x2
    uint8_t u8_c;
    _SI2C2IF = 0;
    1820:	8a 20 a9    	bclr.b    0x8a, #0x1

    switch (i2c2_state) {
    1822:	50 40 80    	mov.w     0x80a, w0
    1824:	e1 0f 50    	sub.w     w0, #0x1, [w15]
    1826:	23 00 32    	bra       Z, 0x186e <.L4>
    1828:	e1 0f 50    	sub.w     w0, #0x1, [w15]
    182a:	03 00 39    	bra       NC, 0x1832 <.L3>
    182c:	e2 0f 50    	sub.w     w0, #0x2, [w15]
    182e:	4b 00 32    	bra       Z, 0x18c6 <.L5>
    1830:	4c 00 37    	bra       0x18ca <.L17>

00001832 <.L3>:

    case STATE_WAIT_FOR_ADDR:
        u8_c = I2C2RCV;     //clear RBF bit for address
    1832:	80 10 80    	mov.w     0x210, w0
    1834:	00 4f 78    	mov.b     w0, [w14]
        if (I2C2STATbits.R_W) {   // if data transfer is out from slave // check R/W bit of address byte
    1836:	c0 10 80    	mov.w     0x218, w0
    1838:	64 00 60    	and.w     w0, #0x4, w0
    183a:	00 00 e0    	cp0.w     w0
    183c:	15 00 32    	bra       Z, 0x1868 <.L6>
            _byte_to_master = (complete_flag << 7) | ((num_strikes & 0b111) << 4) | (error_code & 0b1111) ; // assemble
    183e:	03 c8 bf    	mov.b     0x803, WREG
    1840:	00 80 fb    	ze        w0, w0
    1842:	47 00 dd    	sl.w      w0, #0x7, w0
    1844:	80 40 78    	mov.b     w0, w1
    1846:	04 c8 bf    	mov.b     0x804, WREG
    1848:	00 80 fb    	ze        w0, w0
    184a:	67 00 60    	and.w     w0, #0x7, w0
    184c:	44 00 dd    	sl.w      w0, #0x4, w0
    184e:	00 40 78    	mov.b     w0, w0
    1850:	80 c0 70    	ior.b     w1, w0, w1
    1852:	05 c8 bf    	mov.b     0x805, WREG
    1854:	6f 40 60    	and.b     w0, #0xf, w0
    1856:	00 c0 70    	ior.b     w1, w0, w0
    1858:	00 e8 b7    	mov.b     WREG, 0x800
            I2C2TRN = _byte_to_master;   //Set transmit register to first data byte to send back to master
    185a:	00 c8 bf    	mov.b     0x800, WREG
    185c:	00 80 fb    	ze        w0, w0
    185e:	90 10 88    	mov.w     w0, 0x212
            I2C2CONbits.SCLREL = 1;    //  SCL released during slave read so master can drive it
    1860:	17 82 a8    	bset.b    0x217, #0x4
            i2c2_state = STATE_END_TRANSACTION; //goes to read transaction
    1862:	20 00 20    	mov.w     #0x2, w0
    1864:	50 40 88    	mov.w     w0, 0x80a
        }
        else i2c2_state = STATE_RECEIVE_FROM_MASTER;     // goes to write transaction
        break;
    1866:	32 00 37    	bra       0x18cc <.L1>

00001868 <.L6>:
    1868:	10 00 20    	mov.w     #0x1, w0
    186a:	50 40 88    	mov.w     w0, 0x80a
    186c:	2f 00 37    	bra       0x18cc <.L1>

0000186e <.L4>:

    case STATE_RECEIVE_FROM_MASTER:     // write transaction state, character arrived, place in buffer
        _data_from_master = I2C2RCV;        //read the byte
    186e:	80 10 80    	mov.w     0x210, w0
    1870:	00 40 78    	mov.b     w0, w0
    1872:	01 e8 b7    	mov.b     WREG, 0x801
        switch (_data_from_master >> 5){
    1874:	01 c8 bf    	mov.b     0x801, WREG
    1876:	00 80 fb    	ze        w0, w0
    1878:	45 00 de    	lsr.w     w0, #0x5, w0
    187a:	00 40 78    	mov.b     w0, w0
    187c:	00 80 fb    	ze        w0, w0
    187e:	e4 0f 50    	sub.w     w0, #0x4, [w15]
    1880:	0c 00 32    	bra       Z, 0x189a <.L12>
    1882:	e4 0f 50    	sub.w     w0, #0x4, [w15]
    1884:	05 00 3c    	bra       GT, 0x1890 <.L15>
    1886:	e1 0f 50    	sub.w     w0, #0x1, [w15]
    1888:	13 00 32    	bra       Z, 0x18b0 <.L10>
    188a:	e2 0f 50    	sub.w     w0, #0x2, [w15]
    188c:	14 00 32    	bra       Z, 0x18b6 <.L11>
    188e:	16 00 37    	bra       0x18bc <.L9>

00001890 <.L15>:
    1890:	e6 0f 50    	sub.w     w0, #0x6, [w15]
    1892:	0b 00 32    	bra       Z, 0x18aa <.L13>
    1894:	e7 0f 50    	sub.w     w0, #0x7, [w15]
    1896:	05 00 32    	bra       Z, 0x18a2 <.L14>
    1898:	11 00 37    	bra       0x18bc <.L9>

0000189a <.L12>:
            case HEADER_SERIAL_NUMBER: // 100
                serial_number = _data_from_master & 0b00011111 ;
    189a:	01 c8 bf    	mov.b     0x801, WREG
    189c:	7f 40 60    	and.b     w0, #0x1f, w0
    189e:	02 e8 b7    	mov.b     WREG, 0x802
            break;
    18a0:	10 00 37    	bra       0x18c2 <.L16>

000018a2 <.L14>:
            case HEADER_NUM_STRIKES:    // 111
                num_strikes = _data_from_master & 0b00011111 ;
    18a2:	01 c8 bf    	mov.b     0x801, WREG
    18a4:	7f 40 60    	and.b     w0, #0x1f, w0
    18a6:	04 e8 b7    	mov.b     WREG, 0x804
            break;
    18a8:	0c 00 37    	bra       0x18c2 <.L16>

000018aa <.L13>:
            case HEADER_START_GAME:    // 000
                start_flag = 1 ;
    18aa:	10 c0 b3    	mov.b     #0x1, w0
    18ac:	06 e8 b7    	mov.b     WREG, 0x806
            break;
    18ae:	09 00 37    	bra       0x18c2 <.L16>

000018b0 <.L10>:
            case HEADER_END_WIN:    // 001
                win_flag = 1 ;
    18b0:	10 c0 b3    	mov.b     #0x1, w0
    18b2:	07 e8 b7    	mov.b     WREG, 0x807
            break;
    18b4:	06 00 37    	bra       0x18c2 <.L16>

000018b6 <.L11>:
            case HEADER_END_LOSE:    // 010
                lose_flag = 1 ;
    18b6:	10 c0 b3    	mov.b     #0x1, w0
    18b8:	08 e8 b7    	mov.b     WREG, 0x808
            break;
    18ba:	03 00 37    	bra       0x18c2 <.L16>

000018bc <.L9>:

            default: error_code ++ ;
    18bc:	05 c8 bf    	mov.b     0x805, WREG
    18be:	00 40 e8    	inc.b     w0, w0
    18c0:	05 e8 b7    	mov.b     WREG, 0x805

000018c2 <.L16>:

        }
        i2c2_state = STATE_WAIT_FOR_ADDR;    // go to wait for next transaction
    18c2:	0a 28 ef    	clr.w     0x80a
        break;
    18c4:	03 00 37    	bra       0x18cc <.L1>

000018c6 <.L5>:

    case STATE_END_TRANSACTION:  //interrupt for last character finished shifting out to master
        i2c2_state = STATE_WAIT_FOR_ADDR;
    18c6:	0a 28 ef    	clr.w     0x80a
        break;
    18c8:	01 00 37    	bra       0x18cc <.L1>

000018ca <.L17>:

    default:
        i2c2_state = STATE_WAIT_FOR_ADDR;
    18ca:	0a 28 ef    	clr.w     0x80a

000018cc <.L1>:

    } // end of switch statements
}   // end of ISR
    18cc:	00 80 fa    	ulnk      
    18ce:	34 00 f9    	pop       0x34
    18d0:	32 00 f9    	pop       0x32
    18d2:	4f 00 be    	mov.d     [--w15], w0
    18d4:	00 40 06    	retfie    
Disassembly of section .text:

000018d6 <_init_elecanisms>:
*/

#include "elecanisms.h"

void init_elecanisms(void) {
    18d6:	00 00 fa    	lnk       #0x0
    CLKDIV = 0x0100;        // RCDIV = 001 (4MHz, div2), 
    18d8:	00 10 20    	mov.w     #0x100, w0
    18da:	20 3a 88    	mov.w     w0, 0x744
                            // CPDIV = 00 (FOSC = 32MHz, FCY = 16MHz)

    // Configure all pins on the digital headers to be inputs
    D0_DIR = IN;
    18dc:	d8 a2 a8    	bset.b    0x2d8, #0x5
    D1_DIR = IN;
    18de:	d8 82 a8    	bset.b    0x2d8, #0x4
    D2_DIR = IN;
    18e0:	e8 82 a8    	bset.b    0x2e8, #0x4
    D3_DIR = IN;
    18e2:	e8 a2 a8    	bset.b    0x2e8, #0x5
    D4_DIR = IN;
    18e4:	c9 e2 a8    	bset.b    0x2c9, #0x7
    D5_DIR = IN;
    18e6:	e8 62 a8    	bset.b    0x2e8, #0x3
    D6_DIR = IN;
    18e8:	d9 02 a8    	bset.b    0x2d9, #0x0
    D7_DIR = IN;
    18ea:	d9 62 a8    	bset.b    0x2d9, #0x3
    D8_DIR = IN;
    18ec:	d9 22 a8    	bset.b    0x2d9, #0x1
    D9_DIR = IN;
    18ee:	d9 42 a8    	bset.b    0x2d9, #0x2
    D10_DIR = IN;
    18f0:	d8 02 a8    	bset.b    0x2d8, #0x0
    D11_DIR = IN;
    18f2:	d8 22 a8    	bset.b    0x2d8, #0x1
    D12_DIR = IN;
    18f4:	d8 42 a8    	bset.b    0x2d8, #0x2
    D13_DIR = IN;
    18f6:	d8 62 a8    	bset.b    0x2d8, #0x3

    // Configure all pins on the analog header to be inputs
    A0_DIR = IN;
    18f8:	c8 a2 a8    	bset.b    0x2c8, #0x5
    A1_DIR = IN;
    18fa:	c8 82 a8    	bset.b    0x2c8, #0x4
    A2_DIR = IN;
    18fc:	c8 62 a8    	bset.b    0x2c8, #0x3
    A3_DIR = IN;
    18fe:	c8 42 a8    	bset.b    0x2c8, #0x2
    A4_DIR = IN;
    1900:	c8 22 a8    	bset.b    0x2c8, #0x1
    A5_DIR = IN;
    1902:	c8 02 a8    	bset.b    0x2c8, #0x0

    // Make all pins digital I/Os except for A0,...,A5
    ANSB = 0x003F;
    1904:	f0 03 20    	mov.w     #0x3f, w0
    1906:	10 27 88    	mov.w     w0, 0x4e2
    ANSC = 0;
    1908:	e4 24 ef    	clr.w     0x4e4
    ANSD = 0;
    190a:	e6 24 ef    	clr.w     0x4e6
    ANSF = 0;
    190c:	ea 24 ef    	clr.w     0x4ea
    ANSG = 0;
    190e:	ec 24 ef    	clr.w     0x4ec

    // Configure and enable the ADC module: 
    //   set output data format to integer (FORM<1:0> = 0b00)
    //   set conversion trigger source select bits to internal counter 
    //     (SSRC<2:0> = 0b111)
    //   set auto-sample time bits to 12*TAD (SAMC<4:0> = 12)
    //   set conversion clock select bits to 64*TCY (ADCS<7:0> = 64)
    //   set initial channel selection to A0
    AD1CON1 = 0x00E0; 
    1910:	00 0e 20    	mov.w     #0xe0, w0
    1912:	00 19 88    	mov.w     w0, 0x320
    AD1CON2 = 0;
    1914:	22 23 ef    	clr.w     0x322
    AD1CON3 = 0x0C40;
    1916:	00 c4 20    	mov.w     #0xc40, w0
    1918:	20 19 88    	mov.w     w0, 0x324
    AD1CHS = A0_AN;
    191a:	50 00 20    	mov.w     #0x5, w0
    191c:	40 19 88    	mov.w     w0, 0x328
    AD1CON1bits.ADON = 1;
    191e:	21 e3 a8    	bset.b    0x321, #0x7

    // Configure LED pins as outputs, set to low (off)
    LED1_DIR = OUT; LED1 = 0;
    1920:	d8 e2 a9    	bclr.b    0x2d8, #0x7
    1922:	dc e2 a9    	bclr.b    0x2dc, #0x7
    LED2_DIR = OUT; LED2 = 0;
    1924:	e8 02 a9    	bclr.b    0x2e8, #0x0
    1926:	ec 02 a9    	bclr.b    0x2ec, #0x0
    LED3_DIR = OUT; LED3 = 0;
    1928:	e8 22 a9    	bclr.b    0x2e8, #0x1
    192a:	ec 22 a9    	bclr.b    0x2ec, #0x1

    // Configure SW pins as inputs
    SW1_DIR = IN;
    192c:	d1 e2 a8    	bset.b    0x2d1, #0x7
    SW2_DIR = IN;
    192e:	d1 82 a8    	bset.b    0x2d1, #0x4
    SW3_DIR = IN;
    1930:	c9 82 a8    	bset.b    0x2c9, #0x4
}
    1932:	00 80 fa    	ulnk      
    1934:	00 00 06    	return    

00001936 <_read_analog>:

uint16_t read_analog(uint16_t pin_an) {
    1936:	02 00 fa    	lnk       #0x2
    1938:	00 0f 78    	mov.w     w0, [w14]
    AD1CHS = pin_an;
    193a:	9e 00 78    	mov.w     [w14], w1
    193c:	41 19 88    	mov.w     w1, 0x328
    AD1CON1bits.SAMP = 1;
    193e:	20 23 a8    	bset.b    0x320, #0x1
    while (AD1CON1bits.DONE == 0) {}
    1940:	00 00 00    	nop       

00001942 <.L3>:
    1942:	00 19 80    	mov.w     0x320, w0
    1944:	61 00 60    	and.w     w0, #0x1, w0
    1946:	00 00 e0    	cp0.w     w0
    1948:	fc ff 32    	bra       Z, 0x1942 <.L3>
    return ADC1BUF0;
    194a:	00 18 80    	mov.w     0x300, w0
}
    194c:	00 80 fa    	ulnk      
    194e:	00 00 06    	return    
Disassembly of section .dinit:

00001950 <.dinit>:
    1950:	0c 08 00    	nop       
    1952:	06 00 00    	nop       
    1954:	80 00 00    	nop       
    1956:	00 08 00    	nop       
    1958:	0c 00 00    	nop       
    195a:	80 00 00    	nop       
    195c:	00 00 00    	nop       
Disassembly of section .isr:

0000195e <__DefaultInterrupt>:
    195e:	00 40 da    	break     
    1960:	00 00 fe    	reset     
